Archive member included because of file (symbol)

c:/asctec_arm_sdk/winarm/bin/../lib/gcc/arm-elf/4.1.1/../../../../arm-elf/lib/thumb/interwork\libc.a(memcpy.o)
                              LL_HL_comm.o (memcpy)
c:/asctec_arm_sdk/winarm/bin/../lib/gcc/arm-elf/4.1.1/../../../../arm-elf/lib/thumb/interwork\libc.a(sprintf.o)
                              sdk_telemetry.o (sprintf)
c:/asctec_arm_sdk/winarm/bin/../lib/gcc/arm-elf/4.1.1/../../../../arm-elf/lib/thumb/interwork\libc.a(strcpy.o)
                              asctecCommIntfOnboard.o (strcpy)
c:/asctec_arm_sdk/winarm/bin/../lib/gcc/arm-elf/4.1.1/../../../../arm-elf/lib/thumb/interwork\libc.a(strlen.o)
                              asctecCommIntfOnboard.o (strlen)
c:/asctec_arm_sdk/winarm/bin/../lib/gcc/arm-elf/4.1.1/../../../../arm-elf/lib/thumb/interwork\libc.a(vfprintf.o)
                              c:/asctec_arm_sdk/winarm/bin/../lib/gcc/arm-elf/4.1.1/../../../../arm-elf/lib/thumb/interwork\libc.a(sprintf.o) (_vfprintf_r)
c:/asctec_arm_sdk/winarm/bin/../lib/gcc/arm-elf/4.1.1/../../../../arm-elf/lib/thumb/interwork\libc.a(wcrtomb.o)
                              c:/asctec_arm_sdk/winarm/bin/../lib/gcc/arm-elf/4.1.1/../../../../arm-elf/lib/thumb/interwork\libc.a(vfprintf.o) (_wcrtomb_r)
c:/asctec_arm_sdk/winarm/bin/../lib/gcc/arm-elf/4.1.1/../../../../arm-elf/lib/thumb/interwork\libc.a(wcsrtombs.o)
                              c:/asctec_arm_sdk/winarm/bin/../lib/gcc/arm-elf/4.1.1/../../../../arm-elf/lib/thumb/interwork\libc.a(vfprintf.o) (_wcsrtombs_r)
c:/asctec_arm_sdk/winarm/bin/../lib/gcc/arm-elf/4.1.1/../../../../arm-elf/lib/thumb/interwork\libc.a(wctomb_r.o)
                              c:/asctec_arm_sdk/winarm/bin/../lib/gcc/arm-elf/4.1.1/../../../../arm-elf/lib/thumb/interwork\libc.a(wcrtomb.o) (_wctomb_r)
c:/asctec_arm_sdk/winarm/bin/../lib/gcc/arm-elf/4.1.1/../../../../arm-elf/lib/thumb/interwork\libc.a(wsetup.o)
                              c:/asctec_arm_sdk/winarm/bin/../lib/gcc/arm-elf/4.1.1/../../../../arm-elf/lib/thumb/interwork\libc.a(vfprintf.o) (__swsetup)
c:/asctec_arm_sdk/winarm/bin/../lib/gcc/arm-elf/4.1.1/../../../../arm-elf/lib/thumb/interwork\libc.a(dtoa.o)
                              c:/asctec_arm_sdk/winarm/bin/../lib/gcc/arm-elf/4.1.1/../../../../arm-elf/lib/thumb/interwork\libc.a(vfprintf.o) (_dtoa_r)
c:/asctec_arm_sdk/winarm/bin/../lib/gcc/arm-elf/4.1.1/../../../../arm-elf/lib/thumb/interwork\libc.a(fflush.o)
                              c:/asctec_arm_sdk/winarm/bin/../lib/gcc/arm-elf/4.1.1/../../../../arm-elf/lib/thumb/interwork\libc.a(vfprintf.o) (fflush)
c:/asctec_arm_sdk/winarm/bin/../lib/gcc/arm-elf/4.1.1/../../../../arm-elf/lib/thumb/interwork\libc.a(findfp.o)
                              c:/asctec_arm_sdk/winarm/bin/../lib/gcc/arm-elf/4.1.1/../../../../arm-elf/lib/thumb/interwork\libc.a(vfprintf.o) (__sinit)
c:/asctec_arm_sdk/winarm/bin/../lib/gcc/arm-elf/4.1.1/../../../../arm-elf/lib/thumb/interwork\libc.a(freer.o)
                              c:/asctec_arm_sdk/winarm/bin/../lib/gcc/arm-elf/4.1.1/../../../../arm-elf/lib/thumb/interwork\libc.a(vfprintf.o) (_free_r)
c:/asctec_arm_sdk/winarm/bin/../lib/gcc/arm-elf/4.1.1/../../../../arm-elf/lib/thumb/interwork\libc.a(fvwrite.o)
                              c:/asctec_arm_sdk/winarm/bin/../lib/gcc/arm-elf/4.1.1/../../../../arm-elf/lib/thumb/interwork\libc.a(vfprintf.o) (__sfvwrite)
c:/asctec_arm_sdk/winarm/bin/../lib/gcc/arm-elf/4.1.1/../../../../arm-elf/lib/thumb/interwork\libc.a(fwalk.o)
                              c:/asctec_arm_sdk/winarm/bin/../lib/gcc/arm-elf/4.1.1/../../../../arm-elf/lib/thumb/interwork\libc.a(fflush.o) (_fwalk)
c:/asctec_arm_sdk/winarm/bin/../lib/gcc/arm-elf/4.1.1/../../../../arm-elf/lib/thumb/interwork\libc.a(impure.o)
                              c:/asctec_arm_sdk/winarm/bin/../lib/gcc/arm-elf/4.1.1/../../../../arm-elf/lib/thumb/interwork\libc.a(sprintf.o) (_impure_ptr)
c:/asctec_arm_sdk/winarm/bin/../lib/gcc/arm-elf/4.1.1/../../../../arm-elf/lib/thumb/interwork\libc.a(locale.o)
                              c:/asctec_arm_sdk/winarm/bin/../lib/gcc/arm-elf/4.1.1/../../../../arm-elf/lib/thumb/interwork\libc.a(vfprintf.o) (localeconv)
c:/asctec_arm_sdk/winarm/bin/../lib/gcc/arm-elf/4.1.1/../../../../arm-elf/lib/thumb/interwork\libc.a(makebuf.o)
                              c:/asctec_arm_sdk/winarm/bin/../lib/gcc/arm-elf/4.1.1/../../../../arm-elf/lib/thumb/interwork\libc.a(wsetup.o) (__smakebuf)
c:/asctec_arm_sdk/winarm/bin/../lib/gcc/arm-elf/4.1.1/../../../../arm-elf/lib/thumb/interwork\libc.a(mallocr.o)
                              c:/asctec_arm_sdk/winarm/bin/../lib/gcc/arm-elf/4.1.1/../../../../arm-elf/lib/thumb/interwork\libc.a(vfprintf.o) (_malloc_r)
c:/asctec_arm_sdk/winarm/bin/../lib/gcc/arm-elf/4.1.1/../../../../arm-elf/lib/thumb/interwork\libc.a(memchr.o)
[...]
Memory Configuration

Name             Origin             Length             Attributes
ROM              0x00000000         0x00080000         xr
RAM              0x40000000         0x00008000         rw
*default*        0x00000000         0xffffffff

Linker script and memory map

LOAD Common_WinARM/src/Startup.o
LOAD Common_WinARM/src/swi_handler.o
LOAD LL_HL_comm.o
LOAD mymath.o
LOAD gpsmath.o
LOAD sdk.o
LOAD sdk_telemetry.o
LOAD buzzer.o
LOAD lpc_aci_eeprom.o
LOAD asctecCommIntfOnboard.o
LOAD buildInfoSetup.o
LOAD main.o
LOAD hardware.o
LOAD system.o
LOAD uart.o
LOAD syscalls.o
LOAD i2c.o
LOAD i2c1.o
LOAD Common_WinARM/src/irq.o
LOAD adc.o
LOAD ssp.o
LOAD pelican_ptu.o
LOAD jetiTelemetry.o
LOAD LPC2k_ee.o
LOAD lab.o
LOAD Utilites.o
LOAD c:/asctec_arm_sdk/winarm/bin/../lib/gcc/arm-elf/4.1.1/../../../../arm-elf/lib/thumb/interwork\libc.a
LOAD c:/asctec_arm_sdk/winarm/bin/../lib/gcc/arm-elf/4.1.1/../../../../arm-elf/lib/thumb/interwork\libc.a
LOAD c:/asctec_arm_sdk/winarm/bin/../lib/gcc/arm-elf/4.1.1/thumb/interwork\libgcc.a
LOAD ./\libdeclination.a
LOAD ./\libublox.a
LOAD c:/asctec_arm_sdk/winarm/bin/../lib/gcc/arm-elf/4.1.1/../../../../arm-elf/lib/thumb/interwork\libm.a
START GROUP
LOAD c:/asctec_arm_sdk/winarm/bin/../lib/gcc/arm-elf/4.1.1/thumb/interwork\libgcc.a
LOAD c:/asctec_arm_sdk/winarm/bin/../lib/gcc/arm-elf/4.1.1/../../../../arm-elf/lib/thumb/interwork\libg.a
LOAD c:/asctec_arm_sdk/winarm/bin/../lib/gcc/arm-elf/4.1.1/../../../../arm-elf/lib/thumb/interwork\libc.a
END GROUP

.text           0x00000000    0x1ea8c
 *(.vectorg)
 .vectorg       0x00000000       0x98 Common_WinARM/src/Startup.o
                0x00000050                __IRQ_Wrapper
 .vectorg       0x00000098       0xd0 Common_WinARM/src/swi_handler.o
                0x00000098                SoftwareInterrupt
                0x00000168                . = ALIGN (0x4)
 *(.init)
 .init          0x00000168      0x168 Common_WinARM/src/Startup.o
                0x00000294                __exit_THUMB
                0x00000168                __startup
                0x00000290                __exit_ARM
 *(.text .text.*)
 .text          0x000002d0        0x0 Common_WinARM/src/Startup.o
 .text          0x000002d0       0x38 Common_WinARM/src/swi_handler.o
                0x000002e0                IntGetCPSR
                0x00000300                FiqDisable
                0x000002d0                IntRestore
                0x000002f0                IntDisable
                0x000002d8                FiqRestore
                0x000002e8                IntEnable
                0x000002f8                FiqEnable
 .text          0x00000308     0x12fc LL_HL_comm.o
                0x00000dbc                SSP_data_distribution_HL
                0x00000308                LL_write_ctrl_data
                0x00000424                HL2LL_write_cycle
                0x0000112c                SSP_rx_handler_HL
 .text          0x00001604       0x64 mymath.o
                0x00001610                fast_sqrt
                0x00001604                fast_abs
 .text          0x00001668      0x104 gpsmath.o
                0x00001668                xy2latlon
 .text          0x0000176c     0x1074 sdk.o
                0x000023b4                SDK_Init
                0x00001bb8                SDK_EXAMPLE_attitude_commands
                0x00001b0c                SDK_EXAMPLE_direct_motor_commands_with_standard_output_mapping
                0x00002518                SDK_mainloop
                0x0000176c                SPI0Handler
                0x00001a08                SDK_SetEmergencyMode
                0x00001a44                SDK_EXAMPLE_direct_individual_motor_commands
                0x00001c7c                SDK_EXAMPLE_turn_motors_off
                0x00001bec                SDK_EXAMPLE_turn_motors_on
                0x00001d0c                SDK_EXAMPLE_gps_waypoint_control
 .text          0x000027e0      0x7ec sdk_telemetry.o
                0x000027e0                SDK_jetiAscTecExampleUpdateDisplay
                0x00002b74                SDK_jetiAscTecExampleKeyChange
                0x00002940                SDK_jetiAscTecExampleInit
                0x00002d10                SDK_jetiAscTecExampleRun
 .text          0x00002fcc      0x5e4 buzzer.o
                0x00002ff4                buzzer_handler
                0x00002fcc                buzzer
 .text          0x000035b0      0x3a4 lpc_aci_eeprom.o
                0x00003760                lpc_aci_ReadParafromFlash
                0x00003620                lpc_aci_SavePara
                0x00003908                lpc_aci_init
                0x000035b0                lpc_aci_WriteParatoFlash
 .text          0x00003954     0x2b5c asctecCommIntfOnboard.o
                0x00003aac                aciTxRingBufferReset
                0x00004a10                aciSyncVar
                0x000042e8                aciSendVar
                0x00003f40                aciPublishVariableInt
                0x00003be8                aciPublishParameterInt
                0x00005ec0                aciReceiveHandler
                0x000040fc                aciSetSaveParaCallback
                0x000060a0                aciSingleSend
                0x000040ec                aciSetReadParafromFlashCallback
                0x00004880                aciSyncCmd
                0x00003b24                aciTxRingBufferGetNextByte
                0x00004210                aciTxSendPacket
                0x00004ab4                aciRxHandleMessage
                0x0000411c                aciTxRingBufferAddData
                0x00003954                aciInit
                0x00006330                aciEngine
                0x00003ba8                aciUpdateCrc16
                0x00003d94                aciPublishCommandInt
                0x00003a9c                aciSetStartTxCallback
                0x00003acc                aciTxRingBufferGetFreeSpace
                0x0000410c                aciSetWriteParatoFlashCallback
                0x00006240                aciSendSingleWithAck
                0x000046f0                aciSyncPar
                0x00003b7c                aciCrcUpdate
                0x00003b0c                aciTxRingBufferByteAvailable
 .text          0x000064b0      0x1bc buildInfoSetup.o
                0x000064b0                generateBuildInfo
 .text          0x0000666c      0xcdc main.o
                0x0000666c                timer0ISR
                0x00006ae8                mainloop
                0x00006754                main
                0x00006eb0                ACISDK
 .text          0x00007348       0x8c hardware.o
                0x00007348                LED
 .text          0x000073d4      0x5b8 system.o
                0x000075dc                init_timer0
                0x00007770                init_spi1
                0x00007684                PWM_Init
                0x00007534                init_ports
                0x000073d4                init
                0x00007738                init_spi
                0x0000745c                init_interrupts
                0x00007944                delay
                0x0000788c                processorClockFrequency
                0x0000784c                pll_feed
                0x0000780c                pll_init
                0x000078ac                peripheralClockFrequency
 .text          0x0000798c      0xeb4 uart.o
                0x00007e58                UARTWriteChar
                0x00007dac                UART1Initialize
                0x0000811c                UART_send_ringbuffer
                0x00007f88                __putchar
                0x00007ef8                UARTReadChar
                0x00007f40                UART1ReadChar
                0x0000798c                uart1ISR
                0x00007fcc                UART_send
                0x000083d4                crc16
                0x000082e4                crc_update
                0x00008654                ringbuffer1
                0x00007a5c                uart0ISR
                0x000081ec                UART_SendPacket
                0x00008468                ringbuffer
                0x00007d00                UARTInitialize
                0x00007ea8                UART1WriteChar
                0x00008184                UART1_send_ringbuffer
                0x00008088                UART1_send
 .text          0x00008840      0x2b4 syscalls.o
                0x000089e8                _lseek_r
                0x00008a1c                _fstat_r
                0x00008a58                isatty
                0x00008a80                _sbrk_r
                0x00008840                _read_r
                0x000089bc                _close_r
                0x00008920                _write_r
 .text          0x00008af4      0x750 i2c.o
                0x00008f90                I2C0_send_motordata
                0x000091b4                I2CEngine
                0x00008af4                I2C0MasterHandler
                0x0000903c                I2CStart
                0x000090d0                I2CStop
                0x0000912c                I2CInit
 .text          0x00009244     0x1048 i2c1.o
                0x00009538                fireFlyLedHandler
                0x00009244                I2C1MasterHandler
                0x0000a074                I2C1_setRGBLed
                0x0000a260                I2C1State
                0x0000a1ec                I2C1Engine
                0x0000a178                I2C1Init
 .text          0x0000a28c      0x2d8 Common_WinARM/src/irq.o
                0x0000a378                install_irq
                0x0000a46c                uninstall_irq
                0x0000a2b4                init_VIC
 .text          0x0000a564      0x3ec adc.o
                0x0000a874                ADC0getSamplingResults
                0x0000a564                ADCInit
                0x0000a728                ADC1Read
                0x0000a5ec                ADC0Read
                0x0000a830                ADC0triggerSampling
 .text          0x0000a950      0x420 ssp.o
                0x0000ab68                LL_write
                0x0000ab28                LL_write_init
                0x0000a950                SSPHandler
 .text          0x0000ad70      0x928 pelican_ptu.o
                0x0000ad70                PTU_init
                0x0000b274                SERVO_roll_move
                0x0000b354                PTU_update_middle_positions_by_stick
                0x0000ae90                PTU_update
                0x0000b18c                SERVO_pitch_move
 .text          0x0000b698     0x1090 jetiTelemetry.o
                0x0000c1dc                jetiSetValueDate
                0x0000b7e0                jetiSetDeviceName
                0x0000bd2c                jetiSetValue6B
                0x0000ba44                jetiSetValue30B
                0x0000bbb4                jetiSetValue22B
                0x0000b920                jetiDeactivateValue
                0x0000c014                jetiSetValueTime
                0x0000c3d0                jetiSetTextDisplay
                0x0000b73c                jetiSetAlarm
                0x0000be9c                jetiSetValue14B
                0x0000b99c                jetiSetDecimalPoint
                0x0000b6dc                jetiCheckForKeyChange
                0x0000b698                jetiSetKeyChanged
                0x0000b898                jetiActivateValue
                0x0000c51c                jetiInitValue
 .text          0x0000c728      0x69c LPC2k_ee.o
                0x0000cd3c                enter_isp
                0x0000c728                ee_erase
                0x0000ca88                ee_read
                0x0000c864                ee_write
                0x0000cb80                ee_count
                0x0000cb18                ee_readn
                0x0000cbf4                ee_locate
 .text          0x0000cdc4     0x1d58 lab.o
                0x0000cdc4                lab
                0x0000ce34                do_sensor_fusion
                0x0000e5fc                convert_input_to_motor_commands
                0x0000d1ec                lab3
 .text          0x0000eb1c      0xfbc Utilites.o
                0x0000eda0                matrix_scalar_mult
                0x0000ef10                matrix_transpose
                0x0000f734                cofactors
                0x0000ee7c                vector_scalar_mult
                0x0000f29c                determinant
                0x0000ec9c                matrix_add
                0x0000efdc                matrix_multiply
                0x0000f5d0                vector_copy
                0x0000f998                inverse
                0x0000f170                vector_multiply
                0x0000ebf0                vector_add
                0x0000f650                make_identity
                0x0000eb1c                angle_diff
 .text          0x0000fad8       0x20 c:/asctec_arm_sdk/winarm/bin/../lib/gcc/arm-elf/4.1.1/../../../../arm-elf/lib/thumb/interwork\libc.a(memcpy.o)
                0x0000fad8                memcpy
 .text          0x0000faf8       0x84 c:/asctec_arm_sdk/winarm/bin/../lib/gcc/arm-elf/4.1.1/../../../../arm-elf/lib/thumb/interwork\libc.a(sprintf.o)
                0x0000fb3c                _sprintf_r
                0x0000faf8                sprintf
 .text          0x0000fb7c       0x10 c:/asctec_arm_sdk/winarm/bin/../lib/gcc/arm-elf/4.1.1/../../../../arm-elf/lib/thumb/interwork\libc.a(strcpy.o)
                0x0000fb7c                strcpy
 .text          0x0000fb8c       0x10 c:/asctec_arm_sdk/winarm/bin/../lib/gcc/arm-elf/4.1.1/../../../../arm-elf/lib/thumb/interwork\libc.a(strlen.o)
                0x0000fb8c                strlen
 .text          0x0000fb9c     0x1460 c:/asctec_arm_sdk/winarm/bin/../lib/gcc/arm-elf/4.1.1/../../../../arm-elf/lib/thumb/interwork\libc.a(vfprintf.o)
                0x0000fbbc                _vfprintf_r
                0x00010fdc                vfprintf
 .text          0x00010ffc       0x50 c:/asctec_arm_sdk/winarm/bin/../lib/gcc/arm-elf/4.1.1/../../../../arm-elf/lib/thumb/interwork\libc.a(wcrtomb.o)
                0x00010ffc                _wcrtomb_r
                0x0001102c                wcrtomb
 .text          0x0001104c       0xd8 c:/asctec_arm_sdk/winarm/bin/../lib/gcc/arm-elf/4.1.1/../../../../arm-elf/lib/thumb/interwork\libc.a(wcsrtombs.o)
                0x0001104c                _wcsrtombs_r
                0x000110fc                wcsrtombs
 .text          0x00011124      0x2b0 c:/asctec_arm_sdk/winarm/bin/../lib/gcc/arm-elf/4.1.1/../../../../arm-elf/lib/thumb/interwork\libc.a(wctomb_r.o)
                0x00011124                _wctomb_r
 .text          0x000113d4       0x94 c:/asctec_arm_sdk/winarm/bin/../lib/gcc/arm-elf/4.1.1/../../../../arm-elf/lib/thumb/interwork\libc.a(wsetup.o)
                0x000113d4                __swsetup
 .text          0x00011468      0xd30 c:/asctec_arm_sdk/winarm/bin/../lib/gcc/arm-elf/4.1.1/../../../../arm-elf/lib/thumb/interwork\libc.a(dtoa.o)
                0x0001159c                _dtoa_r
 .text          0x00012198       0x88 c:/asctec_arm_sdk/winarm/bin/../lib/gcc/arm-elf/4.1.1/../../../../arm-elf/lib/thumb/interwork\libc.a(fflush.o)
                0x00012198                fflush
 .text          0x00012220      0x1b0 c:/asctec_arm_sdk/winarm/bin/../lib/gcc/arm-elf/4.1.1/../../../../arm-elf/lib/thumb/interwork\libc.a(findfp.o)
                0x00012258                __sinit
                0x000122f0                __sfmoreglue
                0x000122dc                _cleanup
                0x000122cc                _cleanup_r
                0x00012340                __fp_lock_all
                0x000122b4                __sfp_lock_acquire
                0x00012358                __sfp
                0x000122c0                __sinit_lock_release
                0x00012328                __fp_unlock_all
                0x000122b8                __sfp_lock_release
                0x000122bc                __sinit_lock_acquire
 .text          0x000123d0      0x248 c:/asctec_arm_sdk/winarm/bin/../lib/gcc/arm-elf/4.1.1/../../../../arm-elf/lib/thumb/interwork\libc.a(freer.o)
                0x00012470                _free_r
                0x000123d0                _malloc_trim_r
 .text          0x00012618      0x25c c:/asctec_arm_sdk/winarm/bin/../lib/gcc/arm-elf/4.1.1/../../../../arm-elf/lib/thumb/interwork\libc.a(fvwrite.o)
                0x00012618                __sfvwrite
 .text          0x00012874       0xb4 c:/asctec_arm_sdk/winarm/bin/../lib/gcc/arm-elf/4.1.1/../../../../arm-elf/lib/thumb/interwork\libc.a(fwalk.o)
                0x000128d0                _fwalk
                0x00012874                _fwalk_reent
 .text          0x00012928        0x0 c:/asctec_arm_sdk/winarm/bin/../lib/gcc/arm-elf/4.1.1/../../../../arm-elf/lib/thumb/interwork\libc.a(impure.o)
 .text          0x00012928       0x78 c:/asctec_arm_sdk/winarm/bin/../lib/gcc/arm-elf/4.1.1/../../../../arm-elf/lib/thumb/interwork\libc.a(locale.o)
                0x0001293c                _setlocale_r
                0x00012928                __locale_charset
                0x00012934                _localeconv_r
                0x0001297c                setlocale
                0x00012998                localeconv
 .text          0x000129a0       0xd8 c:/asctec_arm_sdk/winarm/bin/../lib/gcc/arm-elf/4.1.1/../../../../arm-elf/lib/thumb/interwork\libc.a(makebuf.o)
                0x000129a0                __smakebuf
 .text          0x00012a78      0x4ac c:/asctec_arm_sdk/winarm/bin/../lib/gcc/arm-elf/4.1.1/../../../../arm-elf/lib/thumb/interwork\libc.a(mallocr.o)
                0x00012a78                _malloc_r
 .text          0x00012f24       0x18 c:/asctec_arm_sdk/winarm/bin/../lib/gcc/arm-elf/4.1.1/../../../../arm-elf/lib/thumb/interwork\libc.a(memchr.o)
                0x00012f24                memchr
 .text          0x00012f3c       0x38 c:/asctec_arm_sdk/winarm/bin/../lib/gcc/arm-elf/4.1.1/../../../../arm-elf/lib/thumb/interwork\libc.a(memmove.o)
                0x00012f3c                memmove
 .text          0x00012f74       0x10 c:/asctec_arm_sdk/winarm/bin/../lib/gcc/arm-elf/4.1.1/../../../../arm-elf/lib/thumb/interwork\libc.a(memset.o)
                0x00012f74                memset
 .text          0x00012f84        0x8 c:/asctec_arm_sdk/winarm/bin/../lib/gcc/arm-elf/4.1.1/../../../../arm-elf/lib/thumb/interwork\libc.a(mlock.o)
                0x00012f88                __malloc_unlock
                0x00012f84                __malloc_lock
 .text          0x00012f8c      0x834 c:/asctec_arm_sdk/winarm/bin/../lib/gcc/arm-elf/4.1.1/../../../../arm-elf/lib/thumb/interwork\libc.a(mprec.o)
                0x000131fc                _mprec_log10
                0x00012fa4                _hi0bits
                0x00013240                _Balloc
                0x0001329c                _d2b
                0x000134e0                _multiply
                0x000131a8                _ratio
                0x0001373c                _s2b
                0x0001360c                _i2b
                0x00012fec                _lo0bits
                0x00013058                __mcmp
                0x000136b0                _pow5mult
                0x00013098                _ulp
                0x000130e8                _b2d
                0x00013624                _multadd
                0x00013370                __mdiff
                0x00013450                _lshift
                0x00012f8c                _Bfree
 .text          0x000137c0      0x308 c:/asctec_arm_sdk/winarm/bin/../lib/gcc/arm-elf/4.1.1/../../../../arm-elf/lib/thumb/interwork\libc.a(reallocr.o)
                0x000137c0                _realloc_r
 .text          0x00013ac8       0x2c c:/asctec_arm_sdk/winarm/bin/../lib/gcc/arm-elf/4.1.1/../../../../arm-elf/lib/thumb/interwork\libc.a(s_isinf.o)
                0x00013ac8                isinf
 .text          0x00013af4       0x24 c:/asctec_arm_sdk/winarm/bin/../lib/gcc/arm-elf/4.1.1/../../../../arm-elf/lib/thumb/interwork\libc.a(s_isnan.o)
                0x00013af4                isnan
 .text          0x00013b18       0xd0 c:/asctec_arm_sdk/winarm/bin/../lib/gcc/arm-elf/4.1.1/../../../../arm-elf/lib/thumb/interwork\libc.a(stdio.o)
                0x00013b30                __sseek
                0x00013bb0                __sread
                0x00013b18                __sclose
                0x00013b6c                __swrite
 .text          0x00013be8       0x18 c:/asctec_arm_sdk/winarm/bin/../lib/gcc/arm-elf/4.1.1/../../../../arm-elf/lib/thumb/interwork\libc.a(strcmp.o)
                0x00013be8                strcmp
 .text          0x00013c00       0x5c c:/asctec_arm_sdk/winarm/bin/../lib/gcc/arm-elf/4.1.1/../../../../arm-elf/lib/thumb/interwork\libc.a(callocr.o)
                0x00013c00                _calloc_r
 .text          0x00013c5c       0xb8 c:/asctec_arm_sdk/winarm/bin/../lib/gcc/arm-elf/4.1.1/../../../../arm-elf/lib/thumb/interwork\libc.a(fclose.o)
                0x00013c5c                _fclose_r
                0x00013cfc                fclose
 .text          0x00013d14       0x8c c:/asctec_arm_sdk/winarm/bin/../lib/gcc/arm-elf/4.1.1/thumb/interwork\libgcc.a(_udivsi3.o)
                0x00013d14                __udivsi3
                0x00013d14                __aeabi_uidiv
                0x00013d90                __aeabi_uidivmod
 .text          0x00013da0       0xa4 c:/asctec_arm_sdk/winarm/bin/../lib/gcc/arm-elf/4.1.1/thumb/interwork\libgcc.a(_divsi3.o)
                0x00013da0                __aeabi_idiv
                0x00013da0                __divsi3
                0x00013e34                __aeabi_idivmod
 .text          0x00013e44       0xc8 c:/asctec_arm_sdk/winarm/bin/../lib/gcc/arm-elf/4.1.1/thumb/interwork\libgcc.a(_umodsi3.o)
                0x00013e44                __umodsi3
 .text          0x00013f0c       0xd8 c:/asctec_arm_sdk/winarm/bin/../lib/gcc/arm-elf/4.1.1/thumb/interwork\libgcc.a(_modsi3.o)
                0x00013f0c                __modsi3
 .text          0x00013fe4        0x4 c:/asctec_arm_sdk/winarm/bin/../lib/gcc/arm-elf/4.1.1/thumb/interwork\libgcc.a(_dvmd_tls.o)
                0x00013fe4                __aeabi_ldiv0
                0x00013fe4                __div0
                0x00013fe4                __aeabi_idiv0
 .text          0x00013fe8      0x430 c:/asctec_arm_sdk/winarm/bin/../lib/gcc/arm-elf/4.1.1/thumb/interwork\libgcc.a(_addsubdf3.o)
                0x000143ac                __floatdidf
                0x0001432c                __floatsidf
                0x00014304                __aeabi_ui2d
                0x00013fe8                __aeabi_drsub
                0x00014358                __extendsfdf2
                0x00013ff4                __adddf3
                0x00014304                __floatunsidf
                0x00013ff4                __aeabi_dadd
                0x00014398                __aeabi_ul2d
                0x00013ff0                __aeabi_dsub
                0x00014398                __floatundidf
                0x0001432c                __aeabi_i2d
                0x000143ac                __aeabi_l2d
                0x00014358                __aeabi_f2d
                0x00013ff0                __subdf3
 .text          0x00014418      0x49c c:/asctec_arm_sdk/winarm/bin/../lib/gcc/arm-elf/4.1.1/thumb/interwork\libgcc.a(_muldivdf3.o)
                0x000146a8                __aeabi_ddiv
                0x00014418                __aeabi_dmul
                0x000146a8                __divdf3
                0x00014418                __muldf3
 .text          0x000148b4      0x140 c:/asctec_arm_sdk/winarm/bin/../lib/gcc/arm-elf/4.1.1/thumb/interwork\libgcc.a(_cmpdf2.o)
                0x000149ac                __aeabi_dcmple
                0x000148c4                __cmpdf2
                0x000148c4                __eqdf2
                0x000148b4                __gtdf2
                0x00014964                __aeabi_cdcmple
                0x00014948                __aeabi_cdrcmple
                0x000148bc                __ltdf2
                0x00014994                __aeabi_dcmplt
                0x000148bc                __ledf2
                0x000149dc                __aeabi_dcmpgt
                0x000149c4                __aeabi_dcmpge
                0x000148c4                __nedf2
                0x0001497c                __aeabi_dcmpeq
                0x00014964                __aeabi_cdcmpeq
                0x000148b4                __gedf2
 .text          0x000149f4       0x5c c:/asctec_arm_sdk/winarm/bin/../lib/gcc/arm-elf/4.1.1/thumb/interwork\libgcc.a(_fixdfsi.o)
                0x000149f4                __fixdfsi
                0x000149f4                __aeabi_d2iz
 .text          0x00014a50       0xa0 c:/asctec_arm_sdk/winarm/bin/../lib/gcc/arm-elf/4.1.1/thumb/interwork\libgcc.a(_truncdfsf2.o)
                0x00014a50                __aeabi_d2f
                0x00014a50                __truncdfsf2
 .text          0x00014af0      0x2ac c:/asctec_arm_sdk/winarm/bin/../lib/gcc/arm-elf/4.1.1/thumb/interwork\libgcc.a(_addsubsf3.o)
                0x00014afc                __aeabi_fadd
                0x00014af8                __subsf3
                0x00014cc0                __aeabi_i2f
                0x00014af8                __aeabi_fsub
                0x00014cf0                __floatdisf
                0x00014cc0                __floatsisf
                0x00014ce0                __floatundisf
                0x00014cb8                __aeabi_ui2f
                0x00014cf0                __aeabi_l2f
                0x00014ce0                __aeabi_ul2f
                0x00014af0                __aeabi_frsub
                0x00014cb8                __floatunsisf
                0x00014afc                __addsf3
 .text          0x00014d9c      0x2f8 c:/asctec_arm_sdk/winarm/bin/../lib/gcc/arm-elf/4.1.1/thumb/interwork\libgcc.a(_muldivsf3.o)
                0x00014f34                __divsf3
                0x00014f34                __aeabi_fdiv
                0x00014d9c                __mulsf3
                0x00014d9c                __aeabi_fmul
 .text          0x00015094      0x110 c:/asctec_arm_sdk/winarm/bin/../lib/gcc/arm-elf/4.1.1/thumb/interwork\libgcc.a(_cmpsf2.o)
                0x0001518c                __aeabi_fcmpgt
                0x0001509c                __lesf2
                0x000150a4                __nesf2
                0x00015174                __aeabi_fcmpge
                0x00015094                __gtsf2
                0x0001515c                __aeabi_fcmple
                0x000150a4                __eqsf2
                0x000150a4                __cmpsf2
                0x0001509c                __ltsf2
                0x00015114                __aeabi_cfcmple
                0x00015094                __gesf2
                0x0001512c                __aeabi_fcmpeq
                0x00015104                __aeabi_cfrcmple
                0x00015144                __aeabi_fcmplt
                0x00015114                __aeabi_cfcmpeq
 .text          0x000151a4       0x54 c:/asctec_arm_sdk/winarm/bin/../lib/gcc/arm-elf/4.1.1/thumb/interwork\libgcc.a(_fixunssfsi.o)
                0x000151a4                __aeabi_f2uiz
                0x000151a4                __fixunssfsi
 .text          0x000151f8     0x3250 ./\libdeclination.a(declination.o)
                0x00017ca4                geomg1
                0x00017d14                getDeclination
                0x00017c3c                geomag
 .text          0x00018448     0x1e88 ./\libublox.a(ublox.o)
                0x00018f70                uBloxReceiveHandler
                0x00018660                pollMessageRate
                0x00019634                uBloxReceiveEngine
                0x000187b8                uBloxHandleMessage
                0x0001871c                uBloxResetConfiguration
                0x000186b8                setMessageRate
                0x00018448                uBloxSendMessage
 .text          0x0001a2d0       0xa8 c:/asctec_arm_sdk/winarm/bin/../lib/gcc/arm-elf/4.1.1/../../../../arm-elf/lib/thumb/interwork\libm.a(s_cos.o)
                0x0001a2d0                cos
 .text          0x0001a378       0xac c:/asctec_arm_sdk/winarm/bin/../lib/gcc/arm-elf/4.1.1/../../../../arm-elf/lib/thumb/interwork\libm.a(s_sin.o)
                0x0001a378                sin
 .text          0x0001a424       0xc0 c:/asctec_arm_sdk/winarm/bin/../lib/gcc/arm-elf/4.1.1/../../../../arm-elf/lib/thumb/interwork\libm.a(w_atan2.o)
                0x0001a424                atan2
 .text          0x0001a4e4      0x33c c:/asctec_arm_sdk/winarm/bin/../lib/gcc/arm-elf/4.1.1/../../../../arm-elf/lib/thumb/interwork\libm.a(w_pow.o)
                0x0001a4e4                pow
 .text          0x0001a820       0xb8 c:/asctec_arm_sdk/winarm/bin/../lib/gcc/arm-elf/4.1.1/../../../../arm-elf/lib/thumb/interwork\libm.a(w_sqrt.o)
                0x0001a820                sqrt
 .text          0x0001a8d8       0xc0 c:/asctec_arm_sdk/winarm/bin/../lib/gcc/arm-elf/4.1.1/../../../../arm-elf/lib/thumb/interwork\libm.a(wf_fmod.o)
                0x0001a8d8                fmodf
 .text          0x0001a998      0x2dc c:/asctec_arm_sdk/winarm/bin/../lib/gcc/arm-elf/4.1.1/../../../../arm-elf/lib/thumb/interwork\libm.a(wf_pow.o)
                0x0001a998                powf
 .text          0x0001ac74      0x20c c:/asctec_arm_sdk/winarm/bin/../lib/gcc/arm-elf/4.1.1/../../../../arm-elf/lib/thumb/interwork\libm.a(e_atan2.o)
                0x0001ac74                __ieee754_atan2
 .text          0x0001ae80      0xb0c c:/asctec_arm_sdk/winarm/bin/../lib/gcc/arm-elf/4.1.1/../../../../arm-elf/lib/thumb/interwork\libm.a(e_pow.o)
                0x0001ae80                __ieee754_pow
 .text          0x0001b98c      0x420 c:/asctec_arm_sdk/winarm/bin/../lib/gcc/arm-elf/4.1.1/../../../../arm-elf/lib/thumb/interwork\libm.a(e_rem_pio2.o)
                0x0001b98c                __ieee754_rem_pio2
 .text          0x0001bdac      0x1a0 c:/asctec_arm_sdk/winarm/bin/../lib/gcc/arm-elf/4.1.1/../../../../arm-elf/lib/thumb/interwork\libm.a(e_sqrt.o)
                0x0001bdac                __ieee754_sqrt
 .text          0x0001bf4c      0x128 c:/asctec_arm_sdk/winarm/bin/../lib/gcc/arm-elf/4.1.1/../../../../arm-elf/lib/thumb/interwork\libm.a(ef_fmod.o)
                0x0001bf4c                __ieee754_fmodf
 .text          0x0001c074      0x720 c:/asctec_arm_sdk/winarm/bin/../lib/gcc/arm-elf/4.1.1/../../../../arm-elf/lib/thumb/interwork\libm.a(ef_pow.o)
                0x0001c074                __ieee754_powf
 .text          0x0001c794       0xb4 c:/asctec_arm_sdk/winarm/bin/../lib/gcc/arm-elf/4.1.1/../../../../arm-elf/lib/thumb/interwork\libm.a(ef_sqrt.o)
                0x0001c794                __ieee754_sqrtf
 .text          0x0001c848      0x264 c:/asctec_arm_sdk/winarm/bin/../lib/gcc/arm-elf/4.1.1/../../../../arm-elf/lib/thumb/interwork\libm.a(k_cos.o)
                0x0001c848                __kernel_cos
 .text          0x0001caac      0x744 c:/asctec_arm_sdk/winarm/bin/../lib/gcc/arm-elf/4.1.1/../../../../arm-elf/lib/thumb/interwork\libm.a(k_rem_pio2.o)
                0x0001caac                __kernel_rem_pio2
 .text          0x0001d1f0      0x178 c:/asctec_arm_sdk/winarm/bin/../lib/gcc/arm-elf/4.1.1/../../../../arm-elf/lib/thumb/interwork\libm.a(k_sin.o)
                0x0001d1f0                __kernel_sin
 .text          0x0001d368      0x35c c:/asctec_arm_sdk/winarm/bin/../lib/gcc/arm-elf/4.1.1/../../../../arm-elf/lib/thumb/interwork\libm.a(s_atan.o)
                0x0001d368                atan
 .text          0x0001d6c4       0x18 c:/asctec_arm_sdk/winarm/bin/../lib/gcc/arm-elf/4.1.1/../../../../arm-elf/lib/thumb/interwork\libm.a(s_fabs.o)
                0x0001d6c4                fabs
 .text          0x0001d6dc       0x1c c:/asctec_arm_sdk/winarm/bin/../lib/gcc/arm-elf/4.1.1/../../../../arm-elf/lib/thumb/interwork\libm.a(s_finite.o)
                0x0001d6dc                finite
 .text          0x0001d6f8      0x12c c:/asctec_arm_sdk/winarm/bin/../lib/gcc/arm-elf/4.1.1/../../../../arm-elf/lib/thumb/interwork\libm.a(s_floor.o)
                0x0001d6f8                floor
 .text          0x0001d824        0x0 c:/asctec_arm_sdk/winarm/bin/../lib/gcc/arm-elf/4.1.1/../../../../arm-elf/lib/thumb/interwork\libm.a(s_lib_ver.o)
 .text          0x0001d824        0x4 c:/asctec_arm_sdk/winarm/bin/../lib/gcc/arm-elf/4.1.1/../../../../arm-elf/lib/thumb/interwork\libm.a(s_matherr.o)
                0x0001d824                matherr
 .text          0x0001d828      0x14c c:/asctec_arm_sdk/winarm/bin/../lib/gcc/arm-elf/4.1.1/../../../../arm-elf/lib/thumb/interwork\libm.a(s_rint.o)
                0x0001d828                rint
 .text          0x0001d974      0x110 c:/asctec_arm_sdk/winarm/bin/../lib/gcc/arm-elf/4.1.1/../../../../arm-elf/lib/thumb/interwork\libm.a(s_scalbn.o)
                0x0001d974                scalbn
 .text          0x0001da84        0xc c:/asctec_arm_sdk/winarm/bin/../lib/gcc/arm-elf/4.1.1/../../../../arm-elf/lib/thumb/interwork\libm.a(sf_fabs.o)
                0x0001da84                fabsf
 .text          0x0001da90       0x1c c:/asctec_arm_sdk/winarm/bin/../lib/gcc/arm-elf/4.1.1/../../../../arm-elf/lib/thumb/interwork\libm.a(sf_finite.o)
                0x0001da90                finitef
 .text          0x0001daac       0x18 c:/asctec_arm_sdk/winarm/bin/../lib/gcc/arm-elf/4.1.1/../../../../arm-elf/lib/thumb/interwork\libm.a(sf_isnan.o)
                0x0001daac                isnanf
 .text          0x0001dac4       0xc0 c:/asctec_arm_sdk/winarm/bin/../lib/gcc/arm-elf/4.1.1/../../../../arm-elf/lib/thumb/interwork\libm.a(sf_scalbn.o)
                0x0001dac4                scalbnf
 .text          0x0001db84       0x24 c:/asctec_arm_sdk/winarm/bin/../lib/gcc/arm-elf/4.1.1/../../../../arm-elf/lib/thumb/interwork\libm.a(s_copysign.o)
                0x0001db84                copysign
 .text          0x0001dba8       0x14 c:/asctec_arm_sdk/winarm/bin/../lib/gcc/arm-elf/4.1.1/../../../../arm-elf/lib/thumb/interwork\libm.a(sf_copysign.o)
                0x0001dba8                copysignf
 .text          0x0001dbbc       0x5c c:/asctec_arm_sdk/winarm/bin/../lib/gcc/arm-elf/4.1.1/thumb/interwork\libgcc.a(_fixsfsi.o)
                0x0001dbbc                __fixsfsi
                0x0001dbbc                __aeabi_f2iz
 .text          0x0001dc18        0xc c:/asctec_arm_sdk/winarm/bin/../lib/gcc/arm-elf/4.1.1/../../../../arm-elf/lib/thumb/interwork\libg.a(errno.o)
                0x0001dc18                __errno
 *(.gnu.linkonce.t.*)
 *(.glue_7)
 .glue_7        0x0001dc24        0x0 Common_WinARM/src/Startup.o
 .glue_7        0x0001dc24        0x0 Common_WinARM/src/swi_handler.o
 .glue_7        0x0001dc24        0x0 LL_HL_comm.o
 .glue_7        0x0001dc24        0x0 mymath.o
 .glue_7        0x0001dc24        0x0 gpsmath.o
 .glue_7        0x0001dc24        0x0 sdk.o
 .glue_7        0x0001dc24        0x0 sdk_telemetry.o
 .glue_7        0x0001dc24        0x0 buzzer.o
 .glue_7        0x0001dc24        0x0 lpc_aci_eeprom.o
 .glue_7        0x0001dc24        0x0 asctecCommIntfOnboard.o
 .glue_7        0x0001dc24        0x0 buildInfoSetup.o
 .glue_7        0x0001dc24        0x0 main.o
 .glue_7        0x0001dc24        0x0 hardware.o
 .glue_7        0x0001dc24        0x0 system.o
 .glue_7        0x0001dc24        0x0 uart.o
 .glue_7        0x0001dc24        0x0 syscalls.o
 .glue_7        0x0001dc24        0x0 i2c.o
 .glue_7        0x0001dc24        0x0 i2c1.o
 .glue_7        0x0001dc24        0x0 Common_WinARM/src/irq.o
 .glue_7        0x0001dc24        0x0 adc.o
 .glue_7        0x0001dc24        0x0 ssp.o
 .glue_7        0x0001dc24        0x0 pelican_ptu.o
 .glue_7        0x0001dc24        0x0 jetiTelemetry.o
 .glue_7        0x0001dc24        0x0 LPC2k_ee.o
 .glue_7        0x0001dc24        0x0 lab.o
 .glue_7        0x0001dc24        0x0 Utilites.o
 .glue_7        0x0001dc24        0x0 c:/asctec_arm_sdk/winarm/bin/../lib/gcc/arm-elf/4.1.1/../../../../arm-elf/lib/thumb/interwork\libc.a(memcpy.o)
 .glue_7        0x0001dc24        0x0 c:/asctec_arm_sdk/winarm/bin/../lib/gcc/arm-elf/4.1.1/../../../../arm-elf/lib/thumb/interwork\libc.a(sprintf.o)
 .glue_7        0x0001dc24        0x0 c:/asctec_arm_sdk/winarm/bin/../lib/gcc/arm-elf/4.1.1/../../../../arm-elf/lib/thumb/interwork\libc.a(strcpy.o)
 .glue_7        0x0001dc24        0x0 c:/asctec_arm_sdk/winarm/bin/../lib/gcc/arm-elf/4.1.1/../../../../arm-elf/lib/thumb/interwork\libc.a(strlen.o)
 .glue_7        0x0001dc24        0x0 c:/asctec_arm_sdk/winarm/bin/../lib/gcc/arm-elf/4.1.1/../../../../arm-elf/lib/thumb/interwork\libc.a(vfprintf.o)
 .glue_7        0x0001dc24        0x0 c:/asctec_arm_sdk/winarm/bin/../lib/gcc/arm-elf/4.1.1/../../../../arm-elf/lib/thumb/interwork\libc.a(wcrtomb.o)
 .glue_7        0x0001dc24        0x0 c:/asctec_arm_sdk/winarm/bin/../lib/gcc/arm-elf/4.1.1/../../../../arm-elf/lib/thumb/interwork\libc.a(wcsrtombs.o)
 .glue_7        0x0001dc24        0x0 c:/asctec_arm_sdk/winarm/bin/../lib/gcc/arm-elf/4.1.1/../../../../arm-elf/lib/thumb/interwork\libc.a(wctomb_r.o)
 .glue_7        0x0001dc24        0x0 c:/asctec_arm_sdk/winarm/bin/../lib/gcc/arm-elf/4.1.1/../../../../arm-elf/lib/thumb/interwork\libc.a(wsetup.o)
 .glue_7        0x0001dc24        0x0 c:/asctec_arm_sdk/winarm/bin/../lib/gcc/arm-elf/4.1.1/../../../../arm-elf/lib/thumb/interwork\libc.a(dtoa.o)
 .glue_7        0x0001dc24        0x0 c:/asctec_arm_sdk/winarm/bin/../lib/gcc/arm-elf/4.1.1/../../../../arm-elf/lib/thumb/interwork\libc.a(fflush.o)
 .glue_7        0x0001dc24        0x0 c:/asctec_arm_sdk/winarm/bin/../lib/gcc/arm-elf/4.1.1/../../../../arm-elf/lib/thumb/interwork\libc.a(findfp.o)
 .glue_7        0x0001dc24        0x0 c:/asctec_arm_sdk/winarm/bin/../lib/gcc/arm-elf/4.1.1/../../../../arm-elf/lib/thumb/interwork\libc.a(freer.o)
 .glue_7        0x0001dc24        0x0 c:/asctec_arm_sdk/winarm/bin/../lib/gcc/arm-elf/4.1.1/../../../../arm-elf/lib/thumb/interwork\libc.a(fvwrite.o)
 .glue_7        0x0001dc24        0x0 c:/asctec_arm_sdk/winarm/bin/../lib/gcc/arm-elf/4.1.1/../../../../arm-elf/lib/thumb/interwork\libc.a(fwalk.o)
 .glue_7        0x0001dc24        0x0 c:/asctec_arm_sdk/winarm/bin/../lib/gcc/arm-elf/4.1.1/../../../../arm-elf/lib/thumb/interwork\libc.a(impure.o)
 .glue_7        0x0001dc24        0x0 c:/asctec_arm_sdk/winarm/bin/../lib/gcc/arm-elf/4.1.1/../../../../arm-elf/lib/thumb/interwork\libc.a(locale.o)
 .glue_7        0x0001dc24        0x0 c:/asctec_arm_sdk/winarm/bin/../lib/gcc/arm-elf/4.1.1/../../../../arm-elf/lib/thumb/interwork\libc.a(makebuf.o)
 .glue_7        0x0001dc24        0x0 c:/asctec_arm_sdk/winarm/bin/../lib/gcc/arm-elf/4.1.1/../../../../arm-elf/lib/thumb/interwork\libc.a(mallocr.o)
 .glue_7        0x0001dc24        0x0 c:/asctec_arm_sdk/winarm/bin/../lib/gcc/arm-elf/4.1.1/../../../../arm-elf/lib/thumb/interwork\libc.a(memchr.o)
 .glue_7        0x0001dc24        0x0 c:/asctec_arm_sdk/winarm/bin/../lib/gcc/arm-elf/4.1.1/../../../../arm-elf/lib/thumb/interwork\libc.a(memmove.o)
 .glue_7        0x0001dc24        0x0 c:/asctec_arm_sdk/winarm/bin/../lib/gcc/arm-elf/4.1.1/../../../../arm-elf/lib/thumb/interwork\libc.a(memset.o)
 .glue_7        0x0001dc24        0x0 c:/asctec_arm_sdk/winarm/bin/../lib/gcc/arm-elf/4.1.1/../../../../arm-elf/lib/thumb/interwork\libc.a(mlock.o)
 .glue_7        0x0001dc24        0x0 c:/asctec_arm_sdk/winarm/bin/../lib/gcc/arm-elf/4.1.1/../../../../arm-elf/lib/thumb/interwork\libc.a(mprec.o)
 .glue_7        0x0001dc24        0x0 c:/asctec_arm_sdk/winarm/bin/../lib/gcc/arm-elf/4.1.1/../../../../arm-elf/lib/thumb/interwork\libc.a(reallocr.o)
 .glue_7        0x0001dc24        0x0 c:/asctec_arm_sdk/winarm/bin/../lib/gcc/arm-elf/4.1.1/../../../../arm-elf/lib/thumb/interwork\libc.a(s_isinf.o)
 .glue_7        0x0001dc24        0x0 c:/asctec_arm_sdk/winarm/bin/../lib/gcc/arm-elf/4.1.1/../../../../arm-elf/lib/thumb/interwork\libc.a(s_isnan.o)
 .glue_7        0x0001dc24        0x0 c:/asctec_arm_sdk/winarm/bin/../lib/gcc/arm-elf/4.1.1/../../../../arm-elf/lib/thumb/interwork\libc.a(stdio.o)
 .glue_7        0x0001dc24        0x0 c:/asctec_arm_sdk/winarm/bin/../lib/gcc/arm-elf/4.1.1/../../../../arm-elf/lib/thumb/interwork\libc.a(strcmp.o)
 .glue_7        0x0001dc24        0x0 c:/asctec_arm_sdk/winarm/bin/../lib/gcc/arm-elf/4.1.1/../../../../arm-elf/lib/thumb/interwork\libc.a(callocr.o)
 .glue_7        0x0001dc24        0x0 c:/asctec_arm_sdk/winarm/bin/../lib/gcc/arm-elf/4.1.1/../../../../arm-elf/lib/thumb/interwork\libc.a(fclose.o)
 .glue_7        0x0001dc24        0x0 c:/asctec_arm_sdk/winarm/bin/../lib/gcc/arm-elf/4.1.1/thumb/interwork\libgcc.a(_udivsi3.o)
 .glue_7        0x0001dc24        0x0 c:/asctec_arm_sdk/winarm/bin/../lib/gcc/arm-elf/4.1.1/thumb/interwork\libgcc.a(_divsi3.o)
 .glue_7        0x0001dc24        0x0 c:/asctec_arm_sdk/winarm/bin/../lib/gcc/arm-elf/4.1.1/thumb/interwork\libgcc.a(_umodsi3.o)
 .glue_7        0x0001dc24        0x0 c:/asctec_arm_sdk/winarm/bin/../lib/gcc/arm-elf/4.1.1/thumb/interwork\libgcc.a(_modsi3.o)
 .glue_7        0x0001dc24        0x0 c:/asctec_arm_sdk/winarm/bin/../lib/gcc/arm-elf/4.1.1/thumb/interwork\libgcc.a(_dvmd_tls.o)
 .glue_7        0x0001dc24        0x0 c:/asctec_arm_sdk/winarm/bin/../lib/gcc/arm-elf/4.1.1/thumb/interwork\libgcc.a(_addsubdf3.o)
 .glue_7        0x0001dc24        0x0 c:/asctec_arm_sdk/winarm/bin/../lib/gcc/arm-elf/4.1.1/thumb/interwork\libgcc.a(_muldivdf3.o)
 .glue_7        0x0001dc24        0x0 c:/asctec_arm_sdk/winarm/bin/../lib/gcc/arm-elf/4.1.1/thumb/interwork\libgcc.a(_cmpdf2.o)
 .glue_7        0x0001dc24        0x0 c:/asctec_arm_sdk/winarm/bin/../lib/gcc/arm-elf/4.1.1/thumb/interwork\libgcc.a(_fixdfsi.o)
 .glue_7        0x0001dc24        0x0 c:/asctec_arm_sdk/winarm/bin/../lib/gcc/arm-elf/4.1.1/thumb/interwork\libgcc.a(_truncdfsf2.o)
 .glue_7        0x0001dc24        0x0 c:/asctec_arm_sdk/winarm/bin/../lib/gcc/arm-elf/4.1.1/thumb/interwork\libgcc.a(_addsubsf3.o)
 .glue_7        0x0001dc24        0x0 c:/asctec_arm_sdk/winarm/bin/../lib/gcc/arm-elf/4.1.1/thumb/interwork\libgcc.a(_muldivsf3.o)
 .glue_7        0x0001dc24        0x0 c:/asctec_arm_sdk/winarm/bin/../lib/gcc/arm-elf/4.1.1/thumb/interwork\libgcc.a(_cmpsf2.o)
 .glue_7        0x0001dc24        0x0 c:/asctec_arm_sdk/winarm/bin/../lib/gcc/arm-elf/4.1.1/thumb/interwork\libgcc.a(_fixunssfsi.o)
 .glue_7        0x0001dc24        0x0 ./\libdeclination.a(declination.o)
 .glue_7        0x0001dc24        0x0 ./\libublox.a(ublox.o)
 .glue_7        0x0001dc24        0x0 c:/asctec_arm_sdk/winarm/bin/../lib/gcc/arm-elf/4.1.1/../../../../arm-elf/lib/thumb/interwork\libm.a(s_cos.o)
 .glue_7        0x0001dc24        0x0 c:/asctec_arm_sdk/winarm/bin/../lib/gcc/arm-elf/4.1.1/../../../../arm-elf/lib/thumb/interwork\libm.a(s_sin.o)
 .glue_7        0x0001dc24        0x0 c:/asctec_arm_sdk/winarm/bin/../lib/gcc/arm-elf/4.1.1/../../../../arm-elf/lib/thumb/interwork\libm.a(w_atan2.o)
 .glue_7        0x0001dc24        0x0 c:/asctec_arm_sdk/winarm/bin/../lib/gcc/arm-elf/4.1.1/../../../../arm-elf/lib/thumb/interwork\libm.a(w_pow.o)
 .glue_7        0x0001dc24        0x0 c:/asctec_arm_sdk/winarm/bin/../lib/gcc/arm-elf/4.1.1/../../../../arm-elf/lib/thumb/interwork\libm.a(w_sqrt.o)
 .glue_7        0x0001dc24        0x0 c:/asctec_arm_sdk/winarm/bin/../lib/gcc/arm-elf/4.1.1/../../../../arm-elf/lib/thumb/interwork\libm.a(wf_fmod.o)
 .glue_7        0x0001dc24        0x0 c:/asctec_arm_sdk/winarm/bin/../lib/gcc/arm-elf/4.1.1/../../../../arm-elf/lib/thumb/interwork\libm.a(wf_pow.o)
 .glue_7        0x0001dc24        0x0 c:/asctec_arm_sdk/winarm/bin/../lib/gcc/arm-elf/4.1.1/../../../../arm-elf/lib/thumb/interwork\libm.a(e_atan2.o)
 .glue_7        0x0001dc24        0x0 c:/asctec_arm_sdk/winarm/bin/../lib/gcc/arm-elf/4.1.1/../../../../arm-elf/lib/thumb/interwork\libm.a(e_pow.o)
 .glue_7        0x0001dc24        0x0 c:/asctec_arm_sdk/winarm/bin/../lib/gcc/arm-elf/4.1.1/../../../../arm-elf/lib/thumb/interwork\libm.a(e_rem_pio2.o)
 .glue_7        0x0001dc24        0x0 c:/asctec_arm_sdk/winarm/bin/../lib/gcc/arm-elf/4.1.1/../../../../arm-elf/lib/thumb/interwork\libm.a(e_sqrt.o)
 .glue_7        0x0001dc24        0x0 c:/asctec_arm_sdk/winarm/bin/../lib/gcc/arm-elf/4.1.1/../../../../arm-elf/lib/thumb/interwork\libm.a(ef_fmod.o)
 .glue_7        0x0001dc24        0x0 c:/asctec_arm_sdk/winarm/bin/../lib/gcc/arm-elf/4.1.1/../../../../arm-elf/lib/thumb/interwork\libm.a(ef_pow.o)
 .glue_7        0x0001dc24        0x0 c:/asctec_arm_sdk/winarm/bin/../lib/gcc/arm-elf/4.1.1/../../../../arm-elf/lib/thumb/interwork\libm.a(ef_sqrt.o)
 .glue_7        0x0001dc24        0x0 c:/asctec_arm_sdk/winarm/bin/../lib/gcc/arm-elf/4.1.1/../../../../arm-elf/lib/thumb/interwork\libm.a(k_cos.o)
 .glue_7        0x0001dc24        0x0 c:/asctec_arm_sdk/winarm/bin/../lib/gcc/arm-elf/4.1.1/../../../../arm-elf/lib/thumb/interwork\libm.a(k_rem_pio2.o)
 .glue_7        0x0001dc24        0x0 c:/asctec_arm_sdk/winarm/bin/../lib/gcc/arm-elf/4.1.1/../../../../arm-elf/lib/thumb/interwork\libm.a(k_sin.o)
 .glue_7        0x0001dc24        0x0 c:/asctec_arm_sdk/winarm/bin/../lib/gcc/arm-elf/4.1.1/../../../../arm-elf/lib/thumb/interwork\libm.a(s_atan.o)
 .glue_7        0x0001dc24        0x0 c:/asctec_arm_sdk/winarm/bin/../lib/gcc/arm-elf/4.1.1/../../../../arm-elf/lib/thumb/interwork\libm.a(s_fabs.o)
 .glue_7        0x0001dc24        0x0 c:/asctec_arm_sdk/winarm/bin/../lib/gcc/arm-elf/4.1.1/../../../../arm-elf/lib/thumb/interwork\libm.a(s_finite.o)
 .glue_7        0x0001dc24        0x0 c:/asctec_arm_sdk/winarm/bin/../lib/gcc/arm-elf/4.1.1/../../../../arm-elf/lib/thumb/interwork\libm.a(s_floor.o)
 .glue_7        0x0001dc24        0x0 c:/asctec_arm_sdk/winarm/bin/../lib/gcc/arm-elf/4.1.1/../../../../arm-elf/lib/thumb/interwork\libm.a(s_lib_ver.o)
 .glue_7        0x0001dc24        0x0 c:/asctec_arm_sdk/winarm/bin/../lib/gcc/arm-elf/4.1.1/../../../../arm-elf/lib/thumb/interwork\libm.a(s_matherr.o)
 .glue_7        0x0001dc24        0x0 c:/asctec_arm_sdk/winarm/bin/../lib/gcc/arm-elf/4.1.1/../../../../arm-elf/lib/thumb/interwork\libm.a(s_rint.o)
 .glue_7        0x0001dc24        0x0 c:/asctec_arm_sdk/winarm/bin/../lib/gcc/arm-elf/4.1.1/../../../../arm-elf/lib/thumb/interwork\libm.a(s_scalbn.o)
 .glue_7        0x0001dc24        0x0 c:/asctec_arm_sdk/winarm/bin/../lib/gcc/arm-elf/4.1.1/../../../../arm-elf/lib/thumb/interwork\libm.a(sf_fabs.o)
 .glue_7        0x0001dc24        0x0 c:/asctec_arm_sdk/winarm/bin/../lib/gcc/arm-elf/4.1.1/../../../../arm-elf/lib/thumb/interwork\libm.a(sf_finite.o)
 .glue_7        0x0001dc24        0x0 c:/asctec_arm_sdk/winarm/bin/../lib/gcc/arm-elf/4.1.1/../../../../arm-elf/lib/thumb/interwork\libm.a(sf_isnan.o)
 .glue_7        0x0001dc24        0x0 c:/asctec_arm_sdk/winarm/bin/../lib/gcc/arm-elf/4.1.1/../../../../arm-elf/lib/thumb/interwork\libm.a(sf_scalbn.o)
 .glue_7        0x0001dc24        0x0 c:/asctec_arm_sdk/winarm/bin/../lib/gcc/arm-elf/4.1.1/../../../../arm-elf/lib/thumb/interwork\libm.a(s_copysign.o)
 .glue_7        0x0001dc24        0x0 c:/asctec_arm_sdk/winarm/bin/../lib/gcc/arm-elf/4.1.1/../../../../arm-elf/lib/thumb/interwork\libm.a(sf_copysign.o)
 .glue_7        0x0001dc24        0x0 c:/asctec_arm_sdk/winarm/bin/../lib/gcc/arm-elf/4.1.1/thumb/interwork\libgcc.a(_fixsfsi.o)
 .glue_7        0x0001dc24       0x9c c:/asctec_arm_sdk/winarm/bin/../lib/gcc/arm-elf/4.1.1/../../../../arm-elf/lib/thumb/interwork\libg.a(errno.o)
                0x0001dc6c                __strcpy_from_arm
                0x0001dcb4                __atan2_from_arm
                0x0001dc60                __strlen_from_arm
                0x0001dc3c                __cos_from_arm
                0x0001dca8                __powf_from_arm
                0x0001dc54                ____udivsi3_from_arm
                0x0001dc48                __sprintf_from_arm
                0x0001dc30                ____divsi3_from_arm
                0x0001dc24                __memcpy_from_arm
                0x0001dc78                __sin_from_arm
                0x0001dc90                __fmodf_from_arm
                0x0001dc84                __sqrt_from_arm
                0x0001dc9c                __pow_from_arm
 *(.glue_7t)
 .glue_7t       0x0001dcc0        0x0 Common_WinARM/src/Startup.o
 .glue_7t       0x0001dcc0        0x0 Common_WinARM/src/swi_handler.o
 .glue_7t       0x0001dcc0        0x0 LL_HL_comm.o
 .glue_7t       0x0001dcc0        0x0 mymath.o
 .glue_7t       0x0001dcc0        0x0 gpsmath.o
 .glue_7t       0x0001dcc0        0x0 sdk.o
 .glue_7t       0x0001dcc0        0x0 sdk_telemetry.o
 .glue_7t       0x0001dcc0        0x0 buzzer.o
 .glue_7t       0x0001dcc0        0x0 lpc_aci_eeprom.o
 .glue_7t       0x0001dcc0        0x0 asctecCommIntfOnboard.o
 .glue_7t       0x0001dcc0        0x0 buildInfoSetup.o
 .glue_7t       0x0001dcc0        0x0 main.o
 .glue_7t       0x0001dcc0        0x0 hardware.o
 .glue_7t       0x0001dcc0        0x0 system.o
 .glue_7t       0x0001dcc0        0x0 uart.o
 .glue_7t       0x0001dcc0        0x0 syscalls.o
 .glue_7t       0x0001dcc0        0x0 i2c.o
 .glue_7t       0x0001dcc0        0x0 i2c1.o
 .glue_7t       0x0001dcc0        0x0 Common_WinARM/src/irq.o
 .glue_7t       0x0001dcc0        0x0 adc.o
 .glue_7t       0x0001dcc0        0x0 ssp.o
 .glue_7t       0x0001dcc0        0x0 pelican_ptu.o
 .glue_7t       0x0001dcc0        0x0 jetiTelemetry.o
 .glue_7t       0x0001dcc0        0x0 LPC2k_ee.o
 .glue_7t       0x0001dcc0        0x0 lab.o
 .glue_7t       0x0001dcc0        0x0 Utilites.o
 .glue_7t       0x0001dcc0        0x0 c:/asctec_arm_sdk/winarm/bin/../lib/gcc/arm-elf/4.1.1/../../../../arm-elf/lib/thumb/interwork\libc.a(memcpy.o)
 .glue_7t       0x0001dcc0        0x0 c:/asctec_arm_sdk/winarm/bin/../lib/gcc/arm-elf/4.1.1/../../../../arm-elf/lib/thumb/interwork\libc.a(sprintf.o)
 .glue_7t       0x0001dcc0        0x0 c:/asctec_arm_sdk/winarm/bin/../lib/gcc/arm-elf/4.1.1/../../../../arm-elf/lib/thumb/interwork\libc.a(strcpy.o)
 .glue_7t       0x0001dcc0        0x0 c:/asctec_arm_sdk/winarm/bin/../lib/gcc/arm-elf/4.1.1/../../../../arm-elf/lib/thumb/interwork\libc.a(strlen.o)
 .glue_7t       0x0001dcc0        0x0 c:/asctec_arm_sdk/winarm/bin/../lib/gcc/arm-elf/4.1.1/../../../../arm-elf/lib/thumb/interwork\libc.a(vfprintf.o)
 .glue_7t       0x0001dcc0        0x0 c:/asctec_arm_sdk/winarm/bin/../lib/gcc/arm-elf/4.1.1/../../../../arm-elf/lib/thumb/interwork\libc.a(wcrtomb.o)
 .glue_7t       0x0001dcc0        0x0 c:/asctec_arm_sdk/winarm/bin/../lib/gcc/arm-elf/4.1.1/../../../../arm-elf/lib/thumb/interwork\libc.a(wcsrtombs.o)
 .glue_7t       0x0001dcc0        0x0 c:/asctec_arm_sdk/winarm/bin/../lib/gcc/arm-elf/4.1.1/../../../../arm-elf/lib/thumb/interwork\libc.a(wctomb_r.o)
 .glue_7t       0x0001dcc0        0x0 c:/asctec_arm_sdk/winarm/bin/../lib/gcc/arm-elf/4.1.1/../../../../arm-elf/lib/thumb/interwork\libc.a(wsetup.o)
 .glue_7t       0x0001dcc0        0x0 c:/asctec_arm_sdk/winarm/bin/../lib/gcc/arm-elf/4.1.1/../../../../arm-elf/lib/thumb/interwork\libc.a(dtoa.o)
 .glue_7t       0x0001dcc0        0x0 c:/asctec_arm_sdk/winarm/bin/../lib/gcc/arm-elf/4.1.1/../../../../arm-elf/lib/thumb/interwork\libc.a(fflush.o)
 .glue_7t       0x0001dcc0        0x0 c:/asctec_arm_sdk/winarm/bin/../lib/gcc/arm-elf/4.1.1/../../../../arm-elf/lib/thumb/interwork\libc.a(findfp.o)
 .glue_7t       0x0001dcc0        0x0 c:/asctec_arm_sdk/winarm/bin/../lib/gcc/arm-elf/4.1.1/../../../../arm-elf/lib/thumb/interwork\libc.a(freer.o)
 .glue_7t       0x0001dcc0        0x0 c:/asctec_arm_sdk/winarm/bin/../lib/gcc/arm-elf/4.1.1/../../../../arm-elf/lib/thumb/interwork\libc.a(fvwrite.o)
 .glue_7t       0x0001dcc0        0x0 c:/asctec_arm_sdk/winarm/bin/../lib/gcc/arm-elf/4.1.1/../../../../arm-elf/lib/thumb/interwork\libc.a(fwalk.o)
 .glue_7t       0x0001dcc0        0x0 c:/asctec_arm_sdk/winarm/bin/../lib/gcc/arm-elf/4.1.1/../../../../arm-elf/lib/thumb/interwork\libc.a(impure.o)
 .glue_7t       0x0001dcc0        0x0 c:/asctec_arm_sdk/winarm/bin/../lib/gcc/arm-elf/4.1.1/../../../../arm-elf/lib/thumb/interwork\libc.a(locale.o)
 .glue_7t       0x0001dcc0        0x0 c:/asctec_arm_sdk/winarm/bin/../lib/gcc/arm-elf/4.1.1/../../../../arm-elf/lib/thumb/interwork\libc.a(makebuf.o)
 .glue_7t       0x0001dcc0        0x0 c:/asctec_arm_sdk/winarm/bin/../lib/gcc/arm-elf/4.1.1/../../../../arm-elf/lib/thumb/interwork\libc.a(mallocr.o)
 .glue_7t       0x0001dcc0        0x0 c:/asctec_arm_sdk/winarm/bin/../lib/gcc/arm-elf/4.1.1/../../../../arm-elf/lib/thumb/interwork\libc.a(memchr.o)
 .glue_7t       0x0001dcc0        0x0 c:/asctec_arm_sdk/winarm/bin/../lib/gcc/arm-elf/4.1.1/../../../../arm-elf/lib/thumb/interwork\libc.a(memmove.o)
 .glue_7t       0x0001dcc0        0x0 c:/asctec_arm_sdk/winarm/bin/../lib/gcc/arm-elf/4.1.1/../../../../arm-elf/lib/thumb/interwork\libc.a(memset.o)
 .glue_7t       0x0001dcc0        0x0 c:/asctec_arm_sdk/winarm/bin/../lib/gcc/arm-elf/4.1.1/../../../../arm-elf/lib/thumb/interwork\libc.a(mlock.o)
 .glue_7t       0x0001dcc0        0x0 c:/asctec_arm_sdk/winarm/bin/../lib/gcc/arm-elf/4.1.1/../../../../arm-elf/lib/thumb/interwork\libc.a(mprec.o)
 .glue_7t       0x0001dcc0        0x0 c:/asctec_arm_sdk/winarm/bin/../lib/gcc/arm-elf/4.1.1/../../../../arm-elf/lib/thumb/interwork\libc.a(reallocr.o)
 .glue_7t       0x0001dcc0        0x0 c:/asctec_arm_sdk/winarm/bin/../lib/gcc/arm-elf/4.1.1/../../../../arm-elf/lib/thumb/interwork\libc.a(s_isinf.o)
 .glue_7t       0x0001dcc0        0x0 c:/asctec_arm_sdk/winarm/bin/../lib/gcc/arm-elf/4.1.1/../../../../arm-elf/lib/thumb/interwork\libc.a(s_isnan.o)
 .glue_7t       0x0001dcc0        0x0 c:/asctec_arm_sdk/winarm/bin/../lib/gcc/arm-elf/4.1.1/../../../../arm-elf/lib/thumb/interwork\libc.a(stdio.o)
 .glue_7t       0x0001dcc0        0x0 c:/asctec_arm_sdk/winarm/bin/../lib/gcc/arm-elf/4.1.1/../../../../arm-elf/lib/thumb/interwork\libc.a(strcmp.o)
 .glue_7t       0x0001dcc0        0x0 c:/asctec_arm_sdk/winarm/bin/../lib/gcc/arm-elf/4.1.1/../../../../arm-elf/lib/thumb/interwork\libc.a(callocr.o)
 .glue_7t       0x0001dcc0        0x0 c:/asctec_arm_sdk/winarm/bin/../lib/gcc/arm-elf/4.1.1/../../../../arm-elf/lib/thumb/interwork\libc.a(fclose.o)
 .glue_7t       0x0001dcc0        0x0 c:/asctec_arm_sdk/winarm/bin/../lib/gcc/arm-elf/4.1.1/thumb/interwork\libgcc.a(_udivsi3.o)
 .glue_7t       0x0001dcc0        0x0 c:/asctec_arm_sdk/winarm/bin/../lib/gcc/arm-elf/4.1.1/thumb/interwork\libgcc.a(_divsi3.o)
 .glue_7t       0x0001dcc0        0x0 c:/asctec_arm_sdk/winarm/bin/../lib/gcc/arm-elf/4.1.1/thumb/interwork\libgcc.a(_umodsi3.o)
 .glue_7t       0x0001dcc0        0x0 c:/asctec_arm_sdk/winarm/bin/../lib/gcc/arm-elf/4.1.1/thumb/interwork\libgcc.a(_modsi3.o)
 .glue_7t       0x0001dcc0        0x0 c:/asctec_arm_sdk/winarm/bin/../lib/gcc/arm-elf/4.1.1/thumb/interwork\libgcc.a(_dvmd_tls.o)
 .glue_7t       0x0001dcc0        0x0 c:/asctec_arm_sdk/winarm/bin/../lib/gcc/arm-elf/4.1.1/thumb/interwork\libgcc.a(_addsubdf3.o)
 .glue_7t       0x0001dcc0        0x0 c:/asctec_arm_sdk/winarm/bin/../lib/gcc/arm-elf/4.1.1/thumb/interwork\libgcc.a(_muldivdf3.o)
 .glue_7t       0x0001dcc0        0x0 c:/asctec_arm_sdk/winarm/bin/../lib/gcc/arm-elf/4.1.1/thumb/interwork\libgcc.a(_cmpdf2.o)
 .glue_7t       0x0001dcc0        0x0 c:/asctec_arm_sdk/winarm/bin/../lib/gcc/arm-elf/4.1.1/thumb/interwork\libgcc.a(_fixdfsi.o)
 .glue_7t       0x0001dcc0        0x0 c:/asctec_arm_sdk/winarm/bin/../lib/gcc/arm-elf/4.1.1/thumb/interwork\libgcc.a(_truncdfsf2.o)
 .glue_7t       0x0001dcc0        0x0 c:/asctec_arm_sdk/winarm/bin/../lib/gcc/arm-elf/4.1.1/thumb/interwork\libgcc.a(_addsubsf3.o)
 .glue_7t       0x0001dcc0        0x0 c:/asctec_arm_sdk/winarm/bin/../lib/gcc/arm-elf/4.1.1/thumb/interwork\libgcc.a(_muldivsf3.o)
 .glue_7t       0x0001dcc0        0x0 c:/asctec_arm_sdk/winarm/bin/../lib/gcc/arm-elf/4.1.1/thumb/interwork\libgcc.a(_cmpsf2.o)
 .glue_7t       0x0001dcc0        0x0 c:/asctec_arm_sdk/winarm/bin/../lib/gcc/arm-elf/4.1.1/thumb/interwork\libgcc.a(_fixunssfsi.o)
 .glue_7t       0x0001dcc0        0x0 ./\libdeclination.a(declination.o)
 .glue_7t       0x0001dcc0        0x0 ./\libublox.a(ublox.o)
 .glue_7t       0x0001dcc0        0x0 c:/asctec_arm_sdk/winarm/bin/../lib/gcc/arm-elf/4.1.1/../../../../arm-elf/lib/thumb/interwork\libm.a(s_cos.o)
 .glue_7t       0x0001dcc0        0x0 c:/asctec_arm_sdk/winarm/bin/../lib/gcc/arm-elf/4.1.1/../../../../arm-elf/lib/thumb/interwork\libm.a(s_sin.o)
 .glue_7t       0x0001dcc0        0x0 c:/asctec_arm_sdk/winarm/bin/../lib/gcc/arm-elf/4.1.1/../../../../arm-elf/lib/thumb/interwork\libm.a(w_atan2.o)
 .glue_7t       0x0001dcc0        0x0 c:/asctec_arm_sdk/winarm/bin/../lib/gcc/arm-elf/4.1.1/../../../../arm-elf/lib/thumb/interwork\libm.a(w_pow.o)
 .glue_7t       0x0001dcc0        0x0 c:/asctec_arm_sdk/winarm/bin/../lib/gcc/arm-elf/4.1.1/../../../../arm-elf/lib/thumb/interwork\libm.a(w_sqrt.o)
 .glue_7t       0x0001dcc0        0x0 c:/asctec_arm_sdk/winarm/bin/../lib/gcc/arm-elf/4.1.1/../../../../arm-elf/lib/thumb/interwork\libm.a(wf_fmod.o)
 .glue_7t       0x0001dcc0        0x0 c:/asctec_arm_sdk/winarm/bin/../lib/gcc/arm-elf/4.1.1/../../../../arm-elf/lib/thumb/interwork\libm.a(wf_pow.o)
 .glue_7t       0x0001dcc0        0x0 c:/asctec_arm_sdk/winarm/bin/../lib/gcc/arm-elf/4.1.1/../../../../arm-elf/lib/thumb/interwork\libm.a(e_atan2.o)
 .glue_7t       0x0001dcc0        0x0 c:/asctec_arm_sdk/winarm/bin/../lib/gcc/arm-elf/4.1.1/../../../../arm-elf/lib/thumb/interwork\libm.a(e_pow.o)
 .glue_7t       0x0001dcc0        0x0 c:/asctec_arm_sdk/winarm/bin/../lib/gcc/arm-elf/4.1.1/../../../../arm-elf/lib/thumb/interwork\libm.a(e_rem_pio2.o)
 .glue_7t       0x0001dcc0        0x0 c:/asctec_arm_sdk/winarm/bin/../lib/gcc/arm-elf/4.1.1/../../../../arm-elf/lib/thumb/interwork\libm.a(e_sqrt.o)
 .glue_7t       0x0001dcc0        0x0 c:/asctec_arm_sdk/winarm/bin/../lib/gcc/arm-elf/4.1.1/../../../../arm-elf/lib/thumb/interwork\libm.a(ef_fmod.o)
 .glue_7t       0x0001dcc0        0x0 c:/asctec_arm_sdk/winarm/bin/../lib/gcc/arm-elf/4.1.1/../../../../arm-elf/lib/thumb/interwork\libm.a(ef_pow.o)
 .glue_7t       0x0001dcc0        0x0 c:/asctec_arm_sdk/winarm/bin/../lib/gcc/arm-elf/4.1.1/../../../../arm-elf/lib/thumb/interwork\libm.a(ef_sqrt.o)
 .glue_7t       0x0001dcc0        0x0 c:/asctec_arm_sdk/winarm/bin/../lib/gcc/arm-elf/4.1.1/../../../../arm-elf/lib/thumb/interwork\libm.a(k_cos.o)
 .glue_7t       0x0001dcc0        0x0 c:/asctec_arm_sdk/winarm/bin/../lib/gcc/arm-elf/4.1.1/../../../../arm-elf/lib/thumb/interwork\libm.a(k_rem_pio2.o)
 .glue_7t       0x0001dcc0        0x0 c:/asctec_arm_sdk/winarm/bin/../lib/gcc/arm-elf/4.1.1/../../../../arm-elf/lib/thumb/interwork\libm.a(k_sin.o)
 .glue_7t       0x0001dcc0        0x0 c:/asctec_arm_sdk/winarm/bin/../lib/gcc/arm-elf/4.1.1/../../../../arm-elf/lib/thumb/interwork\libm.a(s_atan.o)
 .glue_7t       0x0001dcc0        0x0 c:/asctec_arm_sdk/winarm/bin/../lib/gcc/arm-elf/4.1.1/../../../../arm-elf/lib/thumb/interwork\libm.a(s_fabs.o)
 .glue_7t       0x0001dcc0        0x0 c:/asctec_arm_sdk/winarm/bin/../lib/gcc/arm-elf/4.1.1/../../../../arm-elf/lib/thumb/interwork\libm.a(s_finite.o)
 .glue_7t       0x0001dcc0        0x0 c:/asctec_arm_sdk/winarm/bin/../lib/gcc/arm-elf/4.1.1/../../../../arm-elf/lib/thumb/interwork\libm.a(s_floor.o)
 .glue_7t       0x0001dcc0        0x0 c:/asctec_arm_sdk/winarm/bin/../lib/gcc/arm-elf/4.1.1/../../../../arm-elf/lib/thumb/interwork\libm.a(s_lib_ver.o)
 .glue_7t       0x0001dcc0        0x0 c:/asctec_arm_sdk/winarm/bin/../lib/gcc/arm-elf/4.1.1/../../../../arm-elf/lib/thumb/interwork\libm.a(s_matherr.o)
 .glue_7t       0x0001dcc0        0x0 c:/asctec_arm_sdk/winarm/bin/../lib/gcc/arm-elf/4.1.1/../../../../arm-elf/lib/thumb/interwork\libm.a(s_rint.o)
 .glue_7t       0x0001dcc0        0x0 c:/asctec_arm_sdk/winarm/bin/../lib/gcc/arm-elf/4.1.1/../../../../arm-elf/lib/thumb/interwork\libm.a(s_scalbn.o)
 .glue_7t       0x0001dcc0        0x0 c:/asctec_arm_sdk/winarm/bin/../lib/gcc/arm-elf/4.1.1/../../../../arm-elf/lib/thumb/interwork\libm.a(sf_fabs.o)
 .glue_7t       0x0001dcc0        0x0 c:/asctec_arm_sdk/winarm/bin/../lib/gcc/arm-elf/4.1.1/../../../../arm-elf/lib/thumb/interwork\libm.a(sf_finite.o)
 .glue_7t       0x0001dcc0        0x0 c:/asctec_arm_sdk/winarm/bin/../lib/gcc/arm-elf/4.1.1/../../../../arm-elf/lib/thumb/interwork\libm.a(sf_isnan.o)
 .glue_7t       0x0001dcc0        0x0 c:/asctec_arm_sdk/winarm/bin/../lib/gcc/arm-elf/4.1.1/../../../../arm-elf/lib/thumb/interwork\libm.a(sf_scalbn.o)
 .glue_7t       0x0001dcc0        0x0 c:/asctec_arm_sdk/winarm/bin/../lib/gcc/arm-elf/4.1.1/../../../../arm-elf/lib/thumb/interwork\libm.a(s_copysign.o)
 .glue_7t       0x0001dcc0        0x0 c:/asctec_arm_sdk/winarm/bin/../lib/gcc/arm-elf/4.1.1/../../../../arm-elf/lib/thumb/interwork\libm.a(sf_copysign.o)
 .glue_7t       0x0001dcc0        0x0 c:/asctec_arm_sdk/winarm/bin/../lib/gcc/arm-elf/4.1.1/thumb/interwork\libgcc.a(_fixsfsi.o)
 .glue_7t       0x0001dcc0       0xf0 c:/asctec_arm_sdk/winarm/bin/../lib/gcc/arm-elf/4.1.1/../../../../arm-elf/lib/thumb/interwork\libg.a(errno.o)
                0x0001dd1c                ___sbrk_r_change_to_arm
                0x0001dd48                ___read_r_from_thumb
                0x0001dda8                ____lesf2_from_thumb
                0x0001dd08                ____gtdf2_from_thumb
                0x0001dd80                ____divsf3_from_thumb
                0x0001dce8                ____subdf3_from_thumb
                0x0001dcc4                ____ltdf2_change_to_arm
                0x0001dd54                ____eqsf2_change_to_arm
                0x0001dd78                ____ledf2_from_thumb
                0x0001dd8c                ____addsf3_change_to_arm
                0x0001dcec                ____subdf3_change_to_arm
                0x0001dd98                ____floatsisf_from_thumb
                0x0001dd58                ____extendsfdf2_from_thumb
                0x0001dd14                ____gedf2_change_to_arm
                0x0001dd20                ___fstat_r_from_thumb
                0x0001dd2c                __isatty_change_to_arm
                0x0001dcd0                ____eqdf2_from_thumb
                0x0001dd34                ___close_r_change_to_arm
                0x0001dd4c                ___read_r_change_to_arm
                0x0001dd68                ____ltsf2_from_thumb
                0x0001dcf8                ____fixdfsi_from_thumb
                0x0001dd04                ____divdf3_change_to_arm
                0x0001ddac                ____lesf2_change_to_arm
                0x0001dd10                ____gedf2_from_thumb
                0x0001dd24                ___fstat_r_change_to_arm
                0x0001dd60                ____truncdfsf2_from_thumb
                0x0001dcf4                ____muldf3_change_to_arm
                0x0001dd3c                ___lseek_r_change_to_arm
                0x0001dd84                ____divsf3_change_to_arm
                0x0001dcfc                ____fixdfsi_change_to_arm
                0x0001dd00                ____divdf3_from_thumb
                0x0001dda0                ____gtsf2_from_thumb
                0x0001dd74                ____mulsf3_change_to_arm
                0x0001dce4                ____adddf3_change_to_arm
                0x0001dd0c                ____gtdf2_change_to_arm
                0x0001dd44                ___write_r_change_to_arm
                0x0001dd38                ___lseek_r_from_thumb
                0x0001dd64                ____truncdfsf2_change_to_arm
                0x0001dd5c                ____extendsfdf2_change_to_arm
                0x0001dcd8                ____floatsidf_from_thumb
                0x0001dcc0                ____ltdf2_from_thumb
                0x0001dd9c                ____floatsisf_change_to_arm
                0x0001dccc                ____nedf2_change_to_arm
                0x0001dd90                ____subsf3_from_thumb
                0x0001dce0                ____adddf3_from_thumb
                0x0001dd30                ___close_r_from_thumb
                0x0001dda4                ____gtsf2_change_to_arm
                0x0001dcd4                ____eqdf2_change_to_arm
                0x0001dd6c                ____ltsf2_change_to_arm
                0x0001dd70                ____mulsf3_from_thumb
                0x0001dd88                ____addsf3_from_thumb
                0x0001dd18                ___sbrk_r_from_thumb
                0x0001dcf0                ____muldf3_from_thumb
                0x0001dd50                ____eqsf2_from_thumb
                0x0001dd94                ____subsf3_change_to_arm
                0x0001dcc8                ____nedf2_from_thumb
                0x0001dd7c                ____ledf2_change_to_arm
                0x0001dd40                ___write_r_from_thumb
                0x0001dcdc                ____floatsidf_change_to_arm
                0x0001dd28                __isatty_from_thumb
 *(.gcc_except_table)
 *(.rodata)
 .rodata        0x0001ddb0        0x6 asctecCommIntfOnboard.o
 .rodata        0x0001ddb6       0x24 buildInfoSetup.o
 *fill*         0x0001ddda        0x2 00
 .rodata        0x0001dddc      0x36c main.o
 .rodata        0x0001e148       0x18 lab.o
 .rodata        0x0001e160      0x184 c:/asctec_arm_sdk/winarm/bin/../lib/gcc/arm-elf/4.1.1/../../../../arm-elf/lib/thumb/interwork\libc.a(vfprintf.o)
 .rodata        0x0001e2e4       0x18 c:/asctec_arm_sdk/winarm/bin/../lib/gcc/arm-elf/4.1.1/../../../../arm-elf/lib/thumb/interwork\libc.a(dtoa.o)
 .rodata        0x0001e2fc        0x4 c:/asctec_arm_sdk/winarm/bin/../lib/gcc/arm-elf/4.1.1/../../../../arm-elf/lib/thumb/interwork\libc.a(impure.o)
                0x0001e2fc                _global_impure_ptr
 .rodata        0x0001e300       0x34 c:/asctec_arm_sdk/winarm/bin/../lib/gcc/arm-elf/4.1.1/../../../../arm-elf/lib/thumb/interwork\libc.a(locale.o)
 .rodata        0x0001e334      0x124 c:/asctec_arm_sdk/winarm/bin/../lib/gcc/arm-elf/4.1.1/../../../../arm-elf/lib/thumb/interwork\libc.a(mprec.o)
                0x0001e424                __mprec_tinytens
                0x0001e334                __mprec_tens
                0x0001e3fc                __mprec_bigtens
 .rodata        0x0001e458       0xe2 ./\libublox.a(ublox.o)
 *fill*         0x0001e53a        0x2 00
 .rodata        0x0001e53c       0x30 c:/asctec_arm_sdk/winarm/bin/../lib/gcc/arm-elf/4.1.1/../../../../arm-elf/lib/thumb/interwork\libm.a(e_pow.o)
 .rodata        0x0001e56c      0x188 c:/asctec_arm_sdk/winarm/bin/../lib/gcc/arm-elf/4.1.1/../../../../arm-elf/lib/thumb/interwork\libm.a(e_rem_pio2.o)
 .rodata        0x0001e6f4        0x8 c:/asctec_arm_sdk/winarm/bin/../lib/gcc/arm-elf/4.1.1/../../../../arm-elf/lib/thumb/interwork\libm.a(ef_fmod.o)
 .rodata        0x0001e6fc       0x18 c:/asctec_arm_sdk/winarm/bin/../lib/gcc/arm-elf/4.1.1/../../../../arm-elf/lib/thumb/interwork\libm.a(ef_pow.o)
 .rodata        0x0001e714       0x50 c:/asctec_arm_sdk/winarm/bin/../lib/gcc/arm-elf/4.1.1/../../../../arm-elf/lib/thumb/interwork\libm.a(k_rem_pio2.o)
 .rodata        0x0001e764       0x40 c:/asctec_arm_sdk/winarm/bin/../lib/gcc/arm-elf/4.1.1/../../../../arm-elf/lib/thumb/interwork\libm.a(s_atan.o)
 .rodata        0x0001e7a4        0x4 c:/asctec_arm_sdk/winarm/bin/../lib/gcc/arm-elf/4.1.1/../../../../arm-elf/lib/thumb/interwork\libm.a(s_lib_ver.o)
                0x0001e7a4                __fdlib_version
 .rodata        0x0001e7a8       0x10 c:/asctec_arm_sdk/winarm/bin/../lib/gcc/arm-elf/4.1.1/../../../../arm-elf/lib/thumb/interwork\libm.a(s_rint.o)
 *(.rodata*)
 .rodata.str1.4
                0x0001e7b8      0x1ff sdk_telemetry.o
                                0x204 (size before relaxing)
 *fill*         0x0001e9b7        0x1 00
 .rodata.str1.4
                0x0001e9b8        0xc buildInfoSetup.o
 .rodata.str1.4
                0x0001e9c4       0x63 c:/asctec_arm_sdk/winarm/bin/../lib/gcc/arm-elf/4.1.1/../../../../arm-elf/lib/thumb/interwork\libc.a(vfprintf.o)
                                 0x64 (size before relaxing)
 *fill*         0x0001ea27        0x1 00
 .rodata.str1.4
                0x0001ea28       0x1e c:/asctec_arm_sdk/winarm/bin/../lib/gcc/arm-elf/4.1.1/../../../../arm-elf/lib/thumb/interwork\libc.a(wctomb_r.o)
                                 0x20 (size before relaxing)
 *fill*         0x0001ea46        0x2 00
 .rodata.str1.4
                0x0001ea48       0x10 c:/asctec_arm_sdk/winarm/bin/../lib/gcc/arm-elf/4.1.1/../../../../arm-elf/lib/thumb/interwork\libc.a(dtoa.o)
                                 0x14 (size before relaxing)
 .rodata.str1.4
                0x0001ea58        0x2 c:/asctec_arm_sdk/winarm/bin/../lib/gcc/arm-elf/4.1.1/../../../../arm-elf/lib/thumb/interwork\libc.a(impure.o)
                                  0x4 (size before relaxing)
 *fill*         0x0001ea5a        0x2 00
 .rodata.str1.4
                0x0001ea5c        0xb c:/asctec_arm_sdk/winarm/bin/../lib/gcc/arm-elf/4.1.1/../../../../arm-elf/lib/thumb/interwork\libc.a(locale.o)
                                 0x18 (size before relaxing)
 *fill*         0x0001ea67        0x1 00
 .rodata.str1.4
                0x0001ea68        0x6 c:/asctec_arm_sdk/winarm/bin/../lib/gcc/arm-elf/4.1.1/../../../../arm-elf/lib/thumb/interwork\libm.a(w_atan2.o)
                                  0x8 (size before relaxing)
 *fill*         0x0001ea6e        0x2 00
 .rodata.str1.4
                0x0001ea70        0x4 c:/asctec_arm_sdk/winarm/bin/../lib/gcc/arm-elf/4.1.1/../../../../arm-elf/lib/thumb/interwork\libm.a(w_pow.o)
 .rodata.str1.4
                0x0001ea74        0x5 c:/asctec_arm_sdk/winarm/bin/../lib/gcc/arm-elf/4.1.1/../../../../arm-elf/lib/thumb/interwork\libm.a(w_sqrt.o)
                                  0x8 (size before relaxing)
 *fill*         0x0001ea79        0x3 00
 .rodata.str1.4
                0x0001ea7c        0x6 c:/asctec_arm_sdk/winarm/bin/../lib/gcc/arm-elf/4.1.1/../../../../arm-elf/lib/thumb/interwork\libm.a(wf_fmod.o)
                                  0x8 (size before relaxing)
 *fill*         0x0001ea82        0x2 00
 .rodata.str1.4
                0x0001ea84        0x8 c:/asctec_arm_sdk/winarm/bin/../lib/gcc/arm-elf/4.1.1/../../../../arm-elf/lib/thumb/interwork\libm.a(wf_pow.o)
 *(.gnu.linkonce.r.*)
                0x0001ea8c                . = ALIGN (0x4)
                0x0001ea8c                . = ALIGN (0x4)

.ctors          0x0001ea8c        0x0
                0x0001ea8c                PROVIDE (__ctors_start__, .)
 *(SORT(.ctors.*))
 *(.ctors)
                0x0001ea8c                . = ALIGN (0x4)
                0x0001ea8c                PROVIDE (__ctors_end__, .)
                0x0001ea8c                . = ALIGN (0x4)

.dtors          0x0001ea8c        0x0
                0x0001ea8c                PROVIDE (__dtors_start__, .)
 *(SORT(.dtors.*))
 *(.dtors)
                0x0001ea8c                . = ALIGN (0x4)
                0x0001ea8c                PROVIDE (__dtors_end__, .)
                0x0001ea8c                . = ALIGN (0x4)
                0x0001ea8c                . = ALIGN (0x4)
                0x0001ea8c                _etext = .
                0x0001ea8c                PROVIDE (etext, .)

.data           0x40000000      0xe30 load address 0x0001ea8c
                0x40000000                _data = .
 *(.vectmapped)
                0x40000000                . = ALIGN (0x4)
 *(.fastrun)
                0x40000000                . = ALIGN (0x4)
                0x40000000                . = ALIGN (0x4)
 *(.data)
 .data          0x40000000        0x0 Common_WinARM/src/Startup.o
 .data          0x40000000        0x0 Common_WinARM/src/swi_handler.o
 .data          0x40000000        0x0 LL_HL_comm.o
 .data          0x40000000        0x0 mymath.o
 .data          0x40000000        0x0 gpsmath.o
 .data          0x40000000        0xc sdk.o
                0x40000000                firebit
                0x40000004                SPItxDone
 .data          0x4000000c        0x0 sdk_telemetry.o
 .data          0x4000000c        0xc buzzer.o
                0x40000010                ALARM_battery_warning_voltage_low
                0x4000000e                ALARM_battery_warning_voltage_high
                0x4000000c                buzzer_warnings
 .data          0x40000018        0x0 lpc_aci_eeprom.o
 .data          0x40000018       0x14 asctecCommIntfOnboard.o
                0x40000018                aciVarPacketTransmissionRate
                0x4000002a                aciMagicCodePar
                0x4000001e                entry_exist
                0x40000028                aciMagicCodeCmd
                0x40000024                aciHeartBeatTimeout
                0x40000026                aciMagicCodeVar
                0x40000020                aciEngineRate
 .data          0x4000002c        0x0 buildInfoSetup.o
 .data          0x4000002c        0x3 main.o
                0x4000002c                DataOutputsPerSecond
                0x4000002d                PTU_cam_option_4_version
 .data          0x4000002f        0x0 hardware.o
 .data          0x4000002f        0x0 system.o
 .data          0x4000002f        0x7 uart.o
                0x40000033                stopstring
                0x40000030                startstring
                0x4000002f                chksum_trigger
 .data          0x40000036        0x0 syscalls.o
 .data          0x40000036        0x0 i2c.o
 .data          0x40000036        0x0 i2c1.o
 .data          0x40000036        0x0 Common_WinARM/src/irq.o
 .data          0x40000036        0x0 adc.o
 .data          0x40000036        0x3 ssp.o
                0x40000037                SSP_receiption_complete
                0x40000038                data_sent_to_HL
                0x40000036                data_sent_to_LL
 .data          0x40000039        0x0 pelican_ptu.o
 .data          0x40000039        0x0 jetiTelemetry.o
 .data          0x40000039        0x0 LPC2k_ee.o
 *fill*         0x40000039        0x3 00
 .data          0x4000003c       0x7c lab.o
                0x40000094                w1_eq
                0x4000008c                p_eq
                0x40000040                kF
                0x4000007c                g
                0x40000090                r_eq
                0x40000088                nz_eq
                0x40000048                l
                0x4000009c                w3_eq
                0x400000b0                ue
                0x4000004c                MAXPHI2
                0x400000a0                se
                0x4000005c                K_i
                0x40000054                K_d
                0x40000080                epsilon_eq
                0x40000098                w2_eq
                0x40000058                K_p
                0x40000044                kM
                0x40000084                nx_eq
                0x40000050                MINPHI2
                0x4000003c                mass
 .data          0x400000b8        0x0 Utilites.o
 .data          0x400000b8        0x0 c:/asctec_arm_sdk/winarm/bin/../lib/gcc/arm-elf/4.1.1/../../../../arm-elf/lib/thumb/interwork\libc.a(memcpy.o)
 .data          0x400000b8        0x0 c:/asctec_arm_sdk/winarm/bin/../lib/gcc/arm-elf/4.1.1/../../../../arm-elf/lib/thumb/interwork\libc.a(sprintf.o)
 .data          0x400000b8        0x0 c:/asctec_arm_sdk/winarm/bin/../lib/gcc/arm-elf/4.1.1/../../../../arm-elf/lib/thumb/interwork\libc.a(strcpy.o)
 .data          0x400000b8        0x0 c:/asctec_arm_sdk/winarm/bin/../lib/gcc/arm-elf/4.1.1/../../../../arm-elf/lib/thumb/interwork\libc.a(strlen.o)
 .data          0x400000b8        0x0 c:/asctec_arm_sdk/winarm/bin/../lib/gcc/arm-elf/4.1.1/../../../../arm-elf/lib/thumb/interwork\libc.a(vfprintf.o)
 .data          0x400000b8        0x0 c:/asctec_arm_sdk/winarm/bin/../lib/gcc/arm-elf/4.1.1/../../../../arm-elf/lib/thumb/interwork\libc.a(wcrtomb.o)
 .data          0x400000b8        0x0 c:/asctec_arm_sdk/winarm/bin/../lib/gcc/arm-elf/4.1.1/../../../../arm-elf/lib/thumb/interwork\libc.a(wcsrtombs.o)
 .data          0x400000b8        0x0 c:/asctec_arm_sdk/winarm/bin/../lib/gcc/arm-elf/4.1.1/../../../../arm-elf/lib/thumb/interwork\libc.a(wctomb_r.o)
 .data          0x400000b8        0x0 c:/asctec_arm_sdk/winarm/bin/../lib/gcc/arm-elf/4.1.1/../../../../arm-elf/lib/thumb/interwork\libc.a(wsetup.o)
 .data          0x400000b8        0x0 c:/asctec_arm_sdk/winarm/bin/../lib/gcc/arm-elf/4.1.1/../../../../arm-elf/lib/thumb/interwork\libc.a(dtoa.o)
 .data          0x400000b8        0x0 c:/asctec_arm_sdk/winarm/bin/../lib/gcc/arm-elf/4.1.1/../../../../arm-elf/lib/thumb/interwork\libc.a(fflush.o)
 .data          0x400000b8        0x0 c:/asctec_arm_sdk/winarm/bin/../lib/gcc/arm-elf/4.1.1/../../../../arm-elf/lib/thumb/interwork\libc.a(findfp.o)
 .data          0x400000b8        0x0 c:/asctec_arm_sdk/winarm/bin/../lib/gcc/arm-elf/4.1.1/../../../../arm-elf/lib/thumb/interwork\libc.a(freer.o)
 .data          0x400000b8        0x0 c:/asctec_arm_sdk/winarm/bin/../lib/gcc/arm-elf/4.1.1/../../../../arm-elf/lib/thumb/interwork\libc.a(fvwrite.o)
 .data          0x400000b8        0x0 c:/asctec_arm_sdk/winarm/bin/../lib/gcc/arm-elf/4.1.1/../../../../arm-elf/lib/thumb/interwork\libc.a(fwalk.o)
 .data          0x400000b8      0x404 c:/asctec_arm_sdk/winarm/bin/../lib/gcc/arm-elf/4.1.1/../../../../arm-elf/lib/thumb/interwork\libc.a(impure.o)
                0x400000b8                _impure_ptr
 .data          0x400004bc       0x10 c:/asctec_arm_sdk/winarm/bin/../lib/gcc/arm-elf/4.1.1/../../../../arm-elf/lib/thumb/interwork\libc.a(locale.o)
                0x400004bc                __mb_cur_max
                0x400004c0                __lc_ctype
 .data          0x400004cc        0x0 c:/asctec_arm_sdk/winarm/bin/../lib/gcc/arm-elf/4.1.1/../../../../arm-elf/lib/thumb/interwork\libc.a(makebuf.o)
 .data          0x400004cc      0x410 c:/asctec_arm_sdk/winarm/bin/../lib/gcc/arm-elf/4.1.1/../../../../arm-elf/lib/thumb/interwork\libc.a(mallocr.o)
                0x400008d8                __malloc_sbrk_base
                0x400004cc                __malloc_av_
                0x400008d4                __malloc_trim_threshold
 .data          0x400008dc        0x0 c:/asctec_arm_sdk/winarm/bin/../lib/gcc/arm-elf/4.1.1/../../../../arm-elf/lib/thumb/interwork\libc.a(memchr.o)
 .data          0x400008dc        0x0 c:/asctec_arm_sdk/winarm/bin/../lib/gcc/arm-elf/4.1.1/../../../../arm-elf/lib/thumb/interwork\libc.a(memmove.o)
 .data          0x400008dc        0x0 c:/asctec_arm_sdk/winarm/bin/../lib/gcc/arm-elf/4.1.1/../../../../arm-elf/lib/thumb/interwork\libc.a(memset.o)
 .data          0x400008dc        0x0 c:/asctec_arm_sdk/winarm/bin/../lib/gcc/arm-elf/4.1.1/../../../../arm-elf/lib/thumb/interwork\libc.a(mlock.o)
 .data          0x400008dc        0x0 c:/asctec_arm_sdk/winarm/bin/../lib/gcc/arm-elf/4.1.1/../../../../arm-elf/lib/thumb/interwork\libc.a(mprec.o)
 .data          0x400008dc        0x0 c:/asctec_arm_sdk/winarm/bin/../lib/gcc/arm-elf/4.1.1/../../../../arm-elf/lib/thumb/interwork\libc.a(reallocr.o)
 .data          0x400008dc        0x0 c:/asctec_arm_sdk/winarm/bin/../lib/gcc/arm-elf/4.1.1/../../../../arm-elf/lib/thumb/interwork\libc.a(s_isinf.o)
 .data          0x400008dc        0x0 c:/asctec_arm_sdk/winarm/bin/../lib/gcc/arm-elf/4.1.1/../../../../arm-elf/lib/thumb/interwork\libc.a(s_isnan.o)
 .data          0x400008dc        0x0 c:/asctec_arm_sdk/winarm/bin/../lib/gcc/arm-elf/4.1.1/../../../../arm-elf/lib/thumb/interwork\libc.a(stdio.o)
 .data          0x400008dc        0x0 c:/asctec_arm_sdk/winarm/bin/../lib/gcc/arm-elf/4.1.1/../../../../arm-elf/lib/thumb/interwork\libc.a(strcmp.o)
 .data          0x400008dc        0x0 c:/asctec_arm_sdk/winarm/bin/../lib/gcc/arm-elf/4.1.1/../../../../arm-elf/lib/thumb/interwork\libc.a(callocr.o)
 .data          0x400008dc        0x0 c:/asctec_arm_sdk/winarm/bin/../lib/gcc/arm-elf/4.1.1/../../../../arm-elf/lib/thumb/interwork\libc.a(fclose.o)
 .data          0x400008dc        0x0 c:/asctec_arm_sdk/winarm/bin/../lib/gcc/arm-elf/4.1.1/thumb/interwork\libgcc.a(_udivsi3.o)
 .data          0x400008dc        0x0 c:/asctec_arm_sdk/winarm/bin/../lib/gcc/arm-elf/4.1.1/thumb/interwork\libgcc.a(_divsi3.o)
 .data          0x400008dc        0x0 c:/asctec_arm_sdk/winarm/bin/../lib/gcc/arm-elf/4.1.1/thumb/interwork\libgcc.a(_umodsi3.o)
 .data          0x400008dc        0x0 c:/asctec_arm_sdk/winarm/bin/../lib/gcc/arm-elf/4.1.1/thumb/interwork\libgcc.a(_modsi3.o)
 .data          0x400008dc        0x0 c:/asctec_arm_sdk/winarm/bin/../lib/gcc/arm-elf/4.1.1/thumb/interwork\libgcc.a(_dvmd_tls.o)
 .data          0x400008dc        0x0 c:/asctec_arm_sdk/winarm/bin/../lib/gcc/arm-elf/4.1.1/thumb/interwork\libgcc.a(_addsubdf3.o)
 .data          0x400008dc        0x0 c:/asctec_arm_sdk/winarm/bin/../lib/gcc/arm-elf/4.1.1/thumb/interwork\libgcc.a(_muldivdf3.o)
 .data          0x400008dc        0x0 c:/asctec_arm_sdk/winarm/bin/../lib/gcc/arm-elf/4.1.1/thumb/interwork\libgcc.a(_cmpdf2.o)
 .data          0x400008dc        0x0 c:/asctec_arm_sdk/winarm/bin/../lib/gcc/arm-elf/4.1.1/thumb/interwork\libgcc.a(_fixdfsi.o)
 .data          0x400008dc        0x0 c:/asctec_arm_sdk/winarm/bin/../lib/gcc/arm-elf/4.1.1/thumb/interwork\libgcc.a(_truncdfsf2.o)
 .data          0x400008dc        0x0 c:/asctec_arm_sdk/winarm/bin/../lib/gcc/arm-elf/4.1.1/thumb/interwork\libgcc.a(_addsubsf3.o)
 .data          0x400008dc        0x0 c:/asctec_arm_sdk/winarm/bin/../lib/gcc/arm-elf/4.1.1/thumb/interwork\libgcc.a(_muldivsf3.o)
 .data          0x400008dc        0x0 c:/asctec_arm_sdk/winarm/bin/../lib/gcc/arm-elf/4.1.1/thumb/interwork\libgcc.a(_cmpsf2.o)
 .data          0x400008dc        0x0 c:/asctec_arm_sdk/winarm/bin/../lib/gcc/arm-elf/4.1.1/thumb/interwork\libgcc.a(_fixunssfsi.o)
 .data          0x400008dc      0x54c ./\libdeclination.a(declination.o)
 .data          0x40000e28        0x8 ./\libublox.a(ublox.o)
                0x40000e28                gpsLEDTrigger
 .data          0x40000e30        0x0 c:/asctec_arm_sdk/winarm/bin/../lib/gcc/arm-elf/4.1.1/../../../../arm-elf/lib/thumb/interwork\libm.a(s_cos.o)
 .data          0x40000e30        0x0 c:/asctec_arm_sdk/winarm/bin/../lib/gcc/arm-elf/4.1.1/../../../../arm-elf/lib/thumb/interwork\libm.a(s_sin.o)
 .data          0x40000e30        0x0 c:/asctec_arm_sdk/winarm/bin/../lib/gcc/arm-elf/4.1.1/../../../../arm-elf/lib/thumb/interwork\libm.a(w_atan2.o)
 .data          0x40000e30        0x0 c:/asctec_arm_sdk/winarm/bin/../lib/gcc/arm-elf/4.1.1/../../../../arm-elf/lib/thumb/interwork\libm.a(w_pow.o)
 .data          0x40000e30        0x0 c:/asctec_arm_sdk/winarm/bin/../lib/gcc/arm-elf/4.1.1/../../../../arm-elf/lib/thumb/interwork\libm.a(w_sqrt.o)
 .data          0x40000e30        0x0 c:/asctec_arm_sdk/winarm/bin/../lib/gcc/arm-elf/4.1.1/../../../../arm-elf/lib/thumb/interwork\libm.a(wf_fmod.o)
 .data          0x40000e30        0x0 c:/asctec_arm_sdk/winarm/bin/../lib/gcc/arm-elf/4.1.1/../../../../arm-elf/lib/thumb/interwork\libm.a(wf_pow.o)
 .data          0x40000e30        0x0 c:/asctec_arm_sdk/winarm/bin/../lib/gcc/arm-elf/4.1.1/../../../../arm-elf/lib/thumb/interwork\libm.a(e_atan2.o)
 .data          0x40000e30        0x0 c:/asctec_arm_sdk/winarm/bin/../lib/gcc/arm-elf/4.1.1/../../../../arm-elf/lib/thumb/interwork\libm.a(e_pow.o)
 .data          0x40000e30        0x0 c:/asctec_arm_sdk/winarm/bin/../lib/gcc/arm-elf/4.1.1/../../../../arm-elf/lib/thumb/interwork\libm.a(e_rem_pio2.o)
 .data          0x40000e30        0x0 c:/asctec_arm_sdk/winarm/bin/../lib/gcc/arm-elf/4.1.1/../../../../arm-elf/lib/thumb/interwork\libm.a(e_sqrt.o)
 .data          0x40000e30        0x0 c:/asctec_arm_sdk/winarm/bin/../lib/gcc/arm-elf/4.1.1/../../../../arm-elf/lib/thumb/interwork\libm.a(ef_fmod.o)
 .data          0x40000e30        0x0 c:/asctec_arm_sdk/winarm/bin/../lib/gcc/arm-elf/4.1.1/../../../../arm-elf/lib/thumb/interwork\libm.a(ef_pow.o)
 .data          0x40000e30        0x0 c:/asctec_arm_sdk/winarm/bin/../lib/gcc/arm-elf/4.1.1/../../../../arm-elf/lib/thumb/interwork\libm.a(ef_sqrt.o)
 .data          0x40000e30        0x0 c:/asctec_arm_sdk/winarm/bin/../lib/gcc/arm-elf/4.1.1/../../../../arm-elf/lib/thumb/interwork\libm.a(k_cos.o)
 .data          0x40000e30        0x0 c:/asctec_arm_sdk/winarm/bin/../lib/gcc/arm-elf/4.1.1/../../../../arm-elf/lib/thumb/interwork\libm.a(k_rem_pio2.o)
 .data          0x40000e30        0x0 c:/asctec_arm_sdk/winarm/bin/../lib/gcc/arm-elf/4.1.1/../../../../arm-elf/lib/thumb/interwork\libm.a(k_sin.o)
 .data          0x40000e30        0x0 c:/asctec_arm_sdk/winarm/bin/../lib/gcc/arm-elf/4.1.1/../../../../arm-elf/lib/thumb/interwork\libm.a(s_atan.o)
 .data          0x40000e30        0x0 c:/asctec_arm_sdk/winarm/bin/../lib/gcc/arm-elf/4.1.1/../../../../arm-elf/lib/thumb/interwork\libm.a(s_fabs.o)
 .data          0x40000e30        0x0 c:/asctec_arm_sdk/winarm/bin/../lib/gcc/arm-elf/4.1.1/../../../../arm-elf/lib/thumb/interwork\libm.a(s_finite.o)
 .data          0x40000e30        0x0 c:/asctec_arm_sdk/winarm/bin/../lib/gcc/arm-elf/4.1.1/../../../../arm-elf/lib/thumb/interwork\libm.a(s_floor.o)
 .data          0x40000e30        0x0 c:/asctec_arm_sdk/winarm/bin/../lib/gcc/arm-elf/4.1.1/../../../../arm-elf/lib/thumb/interwork\libm.a(s_lib_ver.o)
 .data          0x40000e30        0x0 c:/asctec_arm_sdk/winarm/bin/../lib/gcc/arm-elf/4.1.1/../../../../arm-elf/lib/thumb/interwork\libm.a(s_matherr.o)
 .data          0x40000e30        0x0 c:/asctec_arm_sdk/winarm/bin/../lib/gcc/arm-elf/4.1.1/../../../../arm-elf/lib/thumb/interwork\libm.a(s_rint.o)
 .data          0x40000e30        0x0 c:/asctec_arm_sdk/winarm/bin/../lib/gcc/arm-elf/4.1.1/../../../../arm-elf/lib/thumb/interwork\libm.a(s_scalbn.o)
 .data          0x40000e30        0x0 c:/asctec_arm_sdk/winarm/bin/../lib/gcc/arm-elf/4.1.1/../../../../arm-elf/lib/thumb/interwork\libm.a(sf_fabs.o)
 .data          0x40000e30        0x0 c:/asctec_arm_sdk/winarm/bin/../lib/gcc/arm-elf/4.1.1/../../../../arm-elf/lib/thumb/interwork\libm.a(sf_finite.o)
 .data          0x40000e30        0x0 c:/asctec_arm_sdk/winarm/bin/../lib/gcc/arm-elf/4.1.1/../../../../arm-elf/lib/thumb/interwork\libm.a(sf_isnan.o)
 .data          0x40000e30        0x0 c:/asctec_arm_sdk/winarm/bin/../lib/gcc/arm-elf/4.1.1/../../../../arm-elf/lib/thumb/interwork\libm.a(sf_scalbn.o)
 .data          0x40000e30        0x0 c:/asctec_arm_sdk/winarm/bin/../lib/gcc/arm-elf/4.1.1/../../../../arm-elf/lib/thumb/interwork\libm.a(s_copysign.o)
 .data          0x40000e30        0x0 c:/asctec_arm_sdk/winarm/bin/../lib/gcc/arm-elf/4.1.1/../../../../arm-elf/lib/thumb/interwork\libm.a(sf_copysign.o)
 .data          0x40000e30        0x0 c:/asctec_arm_sdk/winarm/bin/../lib/gcc/arm-elf/4.1.1/thumb/interwork\libgcc.a(_fixsfsi.o)
 .data          0x40000e30        0x0 c:/asctec_arm_sdk/winarm/bin/../lib/gcc/arm-elf/4.1.1/../../../../arm-elf/lib/thumb/interwork\libg.a(errno.o)
 *(.data.*)
 *(.gnu.linkonce.d*)
                0x40000e30                . = ALIGN (0x4)
                0x40000e30                . = ALIGN (0x4)
                0x40000e30                _edata = .
                0x40000e30                PROVIDE (edata, .)

.bss            0x40000e30     0x4acc
                0x40000e30                __bss_start = .
                0x40000e30                __bss_start__ = .
 *(.bss)
 .bss           0x40000e30        0x0 Common_WinARM/src/Startup.o
 .bss           0x40000e30        0x0 Common_WinARM/src/swi_handler.o
 .bss           0x40000e30       0x24 LL_HL_comm.o
                0x40000e3a                transmitBuildInfoTrigger
                0x40000e36                wpCtrlNavStatus
                0x40000e34                wpCtrlAckTrigger
                0x40000e33                wpCtrlWpCmdUpdated
                0x40000e38                wpCtrlDistToWp
                0x40000e32                wpCtrlWpCmd
                0x40000e30                SSP_ack
 .bss           0x40000e54        0x0 mymath.o
 .bss           0x40000e54        0x4 gpsmath.o
                0x40000e54                gpsDataOkTrigger
 .bss           0x40000e58       0x64 sdk.o
                0x40000e7c                SwitchTimer
                0x40000e6c                f28027_ready
                0x40000e80                readSwitchbit
                0x40000e5c                my_sdkloop_counter
                0x40000e60                UsonicTimer
                0x40000e94                SPItxSize
                0x40000e70                UsonicData
                0x40000e84                MagnetSwitch
                0x40000e90                SPItxCount
                0x40000e68                SPI0command
                0x40000e59                wpExampleActive
                0x40000e8c                GotMagnet
                0x40000e9c                testcount
                0x40000e98                numMissedTx
                0x40000e64                SPI0data
                0x40000e88                NewMagnetSwitch
                0x40000e5a                emergencyModeUpdate
                0x40000e74                NewUsonicData
                0x40000e58                wpExampleWpNr
                0x40000e78                USMaxBot_range1
 .bss           0x40000ebc        0x3 sdk_telemetry.o
 *fill*         0x40000ebf        0x1 00
 .bss           0x40000ec0       0x14 buzzer.o
 .bss           0x40000ed4        0x4 lpc_aci_eeprom.o
                0x40000ed4                anz_param_saved
 .bss           0x40000ed8       0x74 asctecCommIntfOnboard.o
                0x40000f24                aciHeartBeatCnt
                0x40000f30                aciAddDatatoFlashCallback
                0x40000edc                aciListCmdCount
                0x40000f06                aciParPacketMagicCode
                0x40000f40                aciSendSingleCount
                0x40000f2c                aciReadWriteEndCallback
                0x40000efa                aciCmdPacketMagicCode
                0x40000f34                aciReadParafromFlashCallback
                0x40000f26                aciInhibitPacketTransmission
                0x40000ed8                aciListVarCount
                0x40000efd                aciCmdPacketWithACK
                0x40000f22                aciTxRingBufferReadPtr
                0x40000f00                aciCmdPacketSendAck
                0x40000f42                aciSendSingleNextBufferCount
                0x40000f14                aciEngineRateCounter
                0x40000f03                aciCmdPacketReceived
                0x40000f28                aciReadWriteStartCallback
                0x40000ee0                aciListParCount
                0x40000ee8                aciVarPacketCurrentSize
                0x40000f12                aciParamSaveIt
                0x40000f09                aciParPacketSendAck
                0x40000eee                aciVarPacketNumberOfVars
                0x40000f20                aciTxRingBufferWritePtr
                0x40000ee4                aciVarPacketMagicCode
                0x40000ef4                aciVarPacketUpdated
                0x40000f3c                aciWriteParatoFlashCallback
                0x40000f0c                aciParamPacketReceived
                0x40000f0f                aciParPacketRequest
                0x40000f38                aciSaveParaCallback
 .bss           0x40000f4c        0x0 buildInfoSetup.o
 .bss           0x40000f4c       0x28 main.o
                0x40000f5c                GPS_timeout
                0x40000f50                cnt
                0x40000f54                mainloop_cnt
                0x40000f65                fireflyLedEnabled
                0x40000f4c                int_cnt
                0x40000f64                SYSTEM_initialized
                0x40000f60                trigger_cnt
                0x40000f58                mainloop_trigger
                0x40000f66                mainloop_overflows
 .bss           0x40000f74        0x0 hardware.o
 .bss           0x40000f74        0x0 system.o
 .bss           0x40000f74      0x32c uart.o
                0x40000f7b                UART1_syncstate
                0x40000f79                baudrate1_change
                0x40000f76                transmission_running
                0x40000f78                trigger_transmission
                0x40000f80                UART1_rxcount
                0x40000f74                data_requested
                0x40000f75                chksum_to_check
                0x40000f7c                UART_rxcount
                0x40000f7a                UART_syncstate
                0x40000f77                transmission1_running
                0x40000f84                UART_CalibDoneFlag
 .bss           0x400012a0        0x4 syscalls.o
 .bss           0x400012a4       0x14 i2c.o
                0x400012b0                RdIndex
                0x400012a4                I2CMasterState
                0x400012a8                I2CSlaveState
                0x400012ac                I2CCount
                0x400012b4                WrIndex