Archive member included because of file (symbol)

c:/asctec_arm_sdk/winarm/bin/../lib/gcc/arm-elf/4.1.1/../../../../arm-elf/lib/thumb/interwork\libc.a(memcpy.o)
                              LL_HL_comm.o (memcpy)
c:/asctec_arm_sdk/winarm/bin/../lib/gcc/arm-elf/4.1.1/../../../../arm-elf/lib/thumb/interwork\libc.a(sprintf.o)
                              sdk_telemetry.o (sprintf)
c:/asctec_arm_sdk/winarm/bin/../lib/gcc/arm-elf/4.1.1/../../../../arm-elf/lib/thumb/interwork\libc.a(strcpy.o)
                              asctecCommIntfOnboard.o (strcpy)
c:/asctec_arm_sdk/winarm/bin/../lib/gcc/arm-elf/4.1.1/../../../../arm-elf/lib/thumb/interwork\libc.a(strlen.o)
                              asctecCommIntfOnboard.o (strlen)
c:/asctec_arm_sdk/winarm/bin/../lib/gcc/arm-elf/4.1.1/../../../../arm-elf/lib/thumb/interwork\libc.a(vfprintf.o)
                              c:/asctec_arm_sdk/winarm/bin/../lib/gcc/arm-elf/4.1.1/../../../../arm-elf/lib/thumb/interwork\libc.a(sprintf.o) (_vfprintf_r)
c:/asctec_arm_sdk/winarm/bin/../lib/gcc/arm-elf/4.1.1/../../../../arm-elf/lib/thumb/interwork\libc.a(wcrtomb.o)
                              c:/asctec_arm_sdk/winarm/bin/../lib/gcc/arm-elf/4.1.1/../../../../arm-elf/lib/thumb/interwork\libc.a(vfprintf.o) (_wcrtomb_r)
c:/asctec_arm_sdk/winarm/bin/../lib/gcc/arm-elf/4.1.1/../../../../arm-elf/lib/thumb/interwork\libc.a(wcsrtombs.o)
                              c:/asctec_arm_sdk/winarm/bin/../lib/gcc/arm-elf/4.1.1/../../../../arm-elf/lib/thumb/interwork\libc.a(vfprintf.o) (_wcsrtombs_r)
c:/asctec_arm_sdk/winarm/bin/../lib/gcc/arm-elf/4.1.1/../../../../arm-elf/lib/thumb/interwork\libc.a(wctomb_r.o)
                              c:/asctec_arm_sdk/winarm/bin/../lib/gcc/arm-elf/4.1.1/../../../../arm-elf/lib/thumb/interwork\libc.a(wcrtomb.o) (_wctomb_r)
c:/asctec_arm_sdk/winarm/bin/../lib/gcc/arm-elf/4.1.1/../../../../arm-elf/lib/thumb/interwork\libc.a(wsetup.o)
                              c:/asctec_arm_sdk/winarm/bin/../lib/gcc/arm-elf/4.1.1/../../../../arm-elf/lib/thumb/interwork\libc.a(vfprintf.o) (__swsetup)
c:/asctec_arm_sdk/winarm/bin/../lib/gcc/arm-elf/4.1.1/../../../../arm-elf/lib/thumb/interwork\libc.a(dtoa.o)
                              c:/asctec_arm_sdk/winarm/bin/../lib/gcc/arm-elf/4.1.1/../../../../arm-elf/lib/thumb/interwork\libc.a(vfprintf.o) (_dtoa_r)
c:/asctec_arm_sdk/winarm/bin/../lib/gcc/arm-elf/4.1.1/../../../../arm-elf/lib/thumb/interwork\libc.a(fflush.o)
                              c:/asctec_arm_sdk/winarm/bin/../lib/gcc/arm-elf/4.1.1/../../../../arm-elf/lib/thumb/interwork\libc.a(vfprintf.o) (fflush)
c:/asctec_arm_sdk/winarm/bin/../lib/gcc/arm-elf/4.1.1/../../../../arm-elf/lib/thumb/interwork\libc.a(findfp.o)
                              c:/asctec_arm_sdk/winarm/bin/../lib/gcc/arm-elf/4.1.1/../../../../arm-elf/lib/thumb/interwork\libc.a(vfprintf.o) (__sinit)
c:/asctec_arm_sdk/winarm/bin/../lib/gcc/arm-elf/4.1.1/../../../../arm-elf/lib/thumb/interwork\libc.a(freer.o)
                              c:/asctec_arm_sdk/winarm/bin/../lib/gcc/arm-elf/4.1.1/../../../../arm-elf/lib/thumb/interwork\libc.a(vfprintf.o) (_free_r)
c:/asctec_arm_sdk/winarm/bin/../lib/gcc/arm-elf/4.1.1/../../../../arm-elf/lib/thumb/interwork\libc.a(fvwrite.o)
                              c:/asctec_arm_sdk/winarm/bin/../lib/gcc/arm-elf/4.1.1/../../../../arm-elf/lib/thumb/interwork\libc.a(vfprintf.o) (__sfvwrite)
c:/asctec_arm_sdk/winarm/bin/../lib/gcc/arm-elf/4.1.1/../../../../arm-elf/lib/thumb/interwork\libc.a(fwalk.o)
                              c:/asctec_arm_sdk/winarm/bin/../lib/gcc/arm-elf/4.1.1/../../../../arm-elf/lib/thumb/interwork\libc.a(fflush.o) (_fwalk)
c:/asctec_arm_sdk/winarm/bin/../lib/gcc/arm-elf/4.1.1/../../../../arm-elf/lib/thumb/interwork\libc.a(impure.o)
                              c:/asctec_arm_sdk/winarm/bin/../lib/gcc/arm-elf/4.1.1/../../../../arm-elf/lib/thumb/interwork\libc.a(sprintf.o) (_impure_ptr)
c:/asctec_arm_sdk/winarm/bin/../lib/gcc/arm-elf/4.1.1/../../../../arm-elf/lib/thumb/interwork\libc.a(locale.o)
                              c:/asctec_arm_sdk/winarm/bin/../lib/gcc/arm-elf/4.1.1/../../../../arm-elf/lib/thumb/interwork\libc.a(vfprintf.o) (localeconv)
c:/asctec_arm_sdk/winarm/bin/../lib/gcc/arm-elf/4.1.1/../../../../arm-elf/lib/thumb/interwork\libc.a(makebuf.o)
                              c:/asctec_arm_sdk/winarm/bin/../lib/gcc/arm-elf/4.1.1/../../../../arm-elf/lib/thumb/interwork\libc.a(wsetup.o) (__smakebuf)
c:/asctec_arm_sdk/winarm/bin/../lib/gcc/arm-elf/4.1.1/../../../../arm-elf/lib/thumb/interwork\libc.a(mallocr.o)
                              c:/asctec_arm_sdk/winarm/bin/../lib/gcc/arm-elf/4.1.1/../../../../arm-elf/lib/thumb/interwork\libc.a(vfprintf.o) (_malloc_r)
c:/asctec_arm_sdk/winarm/bin/../lib/gcc/arm-elf/4.1.1/../../../../arm-elf/lib/thumb/interwork\libc.a(memchr.o)
[...]
Memory Configuration

Name             Origin             Length             Attributes
ROM              0x00000000         0x00080000         xr
RAM              0x40000000         0x00008000         rw
*default*        0x00000000         0xffffffff

Linker script and memory map

LOAD Common_WinARM/src/Startup.o
LOAD Common_WinARM/src/swi_handler.o
LOAD LL_HL_comm.o
LOAD mymath.o
LOAD gpsmath.o
LOAD sdk.o
LOAD sdk_telemetry.o
LOAD buzzer.o
LOAD lpc_aci_eeprom.o
LOAD asctecCommIntfOnboard.o
LOAD buildInfoSetup.o
LOAD main.o
LOAD hardware.o
LOAD system.o
LOAD uart.o
LOAD syscalls.o
LOAD i2c.o
LOAD i2c1.o
LOAD Common_WinARM/src/irq.o
LOAD adc.o
LOAD ssp.o
LOAD pelican_ptu.o
LOAD jetiTelemetry.o
LOAD LPC2k_ee.o
LOAD lab.o
LOAD Utilites.o
LOAD c:/asctec_arm_sdk/winarm/bin/../lib/gcc/arm-elf/4.1.1/../../../../arm-elf/lib/thumb/interwork\libc.a
LOAD c:/asctec_arm_sdk/winarm/bin/../lib/gcc/arm-elf/4.1.1/../../../../arm-elf/lib/thumb/interwork\libc.a
LOAD c:/asctec_arm_sdk/winarm/bin/../lib/gcc/arm-elf/4.1.1/thumb/interwork\libgcc.a
LOAD ./\libdeclination.a
LOAD ./\libublox.a
LOAD c:/asctec_arm_sdk/winarm/bin/../lib/gcc/arm-elf/4.1.1/../../../../arm-elf/lib/thumb/interwork\libm.a
START GROUP
LOAD c:/asctec_arm_sdk/winarm/bin/../lib/gcc/arm-elf/4.1.1/thumb/interwork\libgcc.a
LOAD c:/asctec_arm_sdk/winarm/bin/../lib/gcc/arm-elf/4.1.1/../../../../arm-elf/lib/thumb/interwork\libg.a
LOAD c:/asctec_arm_sdk/winarm/bin/../lib/gcc/arm-elf/4.1.1/../../../../arm-elf/lib/thumb/interwork\libc.a
END GROUP

.text           0x00000000    0x24b48
 *(.vectorg)
 .vectorg       0x00000000       0x98 Common_WinARM/src/Startup.o
                0x00000050                __IRQ_Wrapper
 .vectorg       0x00000098       0xd0 Common_WinARM/src/swi_handler.o
                0x00000098                SoftwareInterrupt
                0x00000168                . = ALIGN (0x4)
 *(.init)
 .init          0x00000168      0x168 Common_WinARM/src/Startup.o
                0x00000294                __exit_THUMB
                0x00000168                __startup
                0x00000290                __exit_ARM
 *(.text .text.*)
 .text          0x000002d0        0x0 Common_WinARM/src/Startup.o
 .text          0x000002d0       0x38 Common_WinARM/src/swi_handler.o
                0x000002e0                IntGetCPSR
                0x00000300                FiqDisable
                0x000002d0                IntRestore
                0x000002f0                IntDisable
                0x000002d8                FiqRestore
                0x000002e8                IntEnable
                0x000002f8                FiqEnable
 .text          0x00000308     0x12fc LL_HL_comm.o
                0x00000dbc                SSP_data_distribution_HL
                0x00000308                LL_write_ctrl_data
                0x00000424                HL2LL_write_cycle
                0x0000112c                SSP_rx_handler_HL
 .text          0x00001604       0x64 mymath.o
                0x00001610                fast_sqrt
                0x00001604                fast_abs
 .text          0x00001668      0x104 gpsmath.o
                0x00001668                xy2latlon
 .text          0x0000176c     0x1074 sdk.o
                0x000023b4                SDK_Init
                0x00001bb8                SDK_EXAMPLE_attitude_commands
                0x00001b0c                SDK_EXAMPLE_direct_motor_commands_with_standard_output_mapping
                0x00002518                SDK_mainloop
                0x0000176c                SPI0Handler
                0x00001a08                SDK_SetEmergencyMode
                0x00001a44                SDK_EXAMPLE_direct_individual_motor_commands
                0x00001c7c                SDK_EXAMPLE_turn_motors_off
                0x00001bec                SDK_EXAMPLE_turn_motors_on
                0x00001d0c                SDK_EXAMPLE_gps_waypoint_control
 .text          0x000027e0      0x7ec sdk_telemetry.o
                0x000027e0                SDK_jetiAscTecExampleUpdateDisplay
                0x00002b74                SDK_jetiAscTecExampleKeyChange
                0x00002940                SDK_jetiAscTecExampleInit
                0x00002d10                SDK_jetiAscTecExampleRun
 .text          0x00002fcc      0x5e4 buzzer.o
                0x00002ff4                buzzer_handler
                0x00002fcc                buzzer
 .text          0x000035b0      0x3a4 lpc_aci_eeprom.o
                0x00003760                lpc_aci_ReadParafromFlash
                0x00003620                lpc_aci_SavePara
                0x00003908                lpc_aci_init
                0x000035b0                lpc_aci_WriteParatoFlash
 .text          0x00003954     0x2b5c asctecCommIntfOnboard.o
                0x00003aac                aciTxRingBufferReset
                0x00004a10                aciSyncVar
                0x000042e8                aciSendVar
                0x00003f40                aciPublishVariableInt
                0x00003be8                aciPublishParameterInt
                0x00005ec0                aciReceiveHandler
                0x000040fc                aciSetSaveParaCallback
                0x000060a0                aciSingleSend
                0x000040ec                aciSetReadParafromFlashCallback
                0x00004880                aciSyncCmd
                0x00003b24                aciTxRingBufferGetNextByte
                0x00004210                aciTxSendPacket
                0x00004ab4                aciRxHandleMessage
                0x0000411c                aciTxRingBufferAddData
                0x00003954                aciInit
                0x00006330                aciEngine
                0x00003ba8                aciUpdateCrc16
                0x00003d94                aciPublishCommandInt
                0x00003a9c                aciSetStartTxCallback
                0x00003acc                aciTxRingBufferGetFreeSpace
                0x0000410c                aciSetWriteParatoFlashCallback
                0x00006240                aciSendSingleWithAck
                0x000046f0                aciSyncPar
                0x00003b7c                aciCrcUpdate
                0x00003b0c                aciTxRingBufferByteAvailable
 .text          0x000064b0      0x1bc buildInfoSetup.o
                0x000064b0                generateBuildInfo
 .text          0x0000666c      0xcdc main.o
                0x0000666c                timer0ISR
                0x00006ae8                mainloop
                0x00006754                main
                0x00006eb0                ACISDK
 .text          0x00007348       0x8c hardware.o
                0x00007348                LED
 .text          0x000073d4      0x5b8 system.o
                0x000075dc                init_timer0
                0x00007770                init_spi1
                0x00007684                PWM_Init
                0x00007534                init_ports
                0x000073d4                init
                0x00007738                init_spi
                0x0000745c                init_interrupts
                0x00007944                delay
                0x0000788c                processorClockFrequency
                0x0000784c                pll_feed
                0x0000780c                pll_init
                0x000078ac                peripheralClockFrequency
 .text          0x0000798c      0xeb4 uart.o
                0x00007e58                UARTWriteChar
                0x00007dac                UART1Initialize
                0x0000811c                UART_send_ringbuffer
                0x00007f88                __putchar
                0x00007ef8                UARTReadChar
                0x00007f40                UART1ReadChar
                0x0000798c                uart1ISR
                0x00007fcc                UART_send
                0x000083d4                crc16
                0x000082e4                crc_update
                0x00008654                ringbuffer1
                0x00007a5c                uart0ISR
                0x000081ec                UART_SendPacket
                0x00008468                ringbuffer
                0x00007d00                UARTInitialize
                0x00007ea8                UART1WriteChar
                0x00008184                UART1_send_ringbuffer
                0x00008088                UART1_send
 .text          0x00008840      0x2b4 syscalls.o
                0x000089e8                _lseek_r
                0x00008a1c                _fstat_r
                0x00008a58                isatty
                0x00008a80                _sbrk_r
                0x00008840                _read_r
                0x000089bc                _close_r
                0x00008920                _write_r
 .text          0x00008af4      0x750 i2c.o
                0x00008f90                I2C0_send_motordata
                0x000091b4                I2CEngine
                0x00008af4                I2C0MasterHandler
                0x0000903c                I2CStart
                0x000090d0                I2CStop
                0x0000912c                I2CInit
 .text          0x00009244     0x1048 i2c1.o
                0x00009538                fireFlyLedHandler
                0x00009244                I2C1MasterHandler
                0x0000a074                I2C1_setRGBLed
                0x0000a260                I2C1State
                0x0000a1ec                I2C1Engine
                0x0000a178                I2C1Init
 .text          0x0000a28c      0x2d8 Common_WinARM/src/irq.o
                0x0000a378                install_irq
                0x0000a46c                uninstall_irq
                0x0000a2b4                init_VIC
 .text          0x0000a564      0x3ec adc.o
                0x0000a874                ADC0getSamplingResults
                0x0000a564                ADCInit
                0x0000a728                ADC1Read
                0x0000a5ec                ADC0Read
                0x0000a830                ADC0triggerSampling
 .text          0x0000a950      0x420 ssp.o
                0x0000ab68                LL_write
                0x0000ab28                LL_write_init
                0x0000a950                SSPHandler
 .text          0x0000ad70      0x928 pelican_ptu.o
                0x0000ad70                PTU_init
                0x0000b274                SERVO_roll_move
                0x0000b354                PTU_update_middle_positions_by_stick
                0x0000ae90                PTU_update
                0x0000b18c                SERVO_pitch_move
 .text          0x0000b698     0x1090 jetiTelemetry.o
                0x0000c1dc                jetiSetValueDate
                0x0000b7e0                jetiSetDeviceName
                0x0000bd2c                jetiSetValue6B
                0x0000ba44                jetiSetValue30B
                0x0000bbb4                jetiSetValue22B
                0x0000b920                jetiDeactivateValue
                0x0000c014                jetiSetValueTime
                0x0000c3d0                jetiSetTextDisplay
                0x0000b73c                jetiSetAlarm
                0x0000be9c                jetiSetValue14B
                0x0000b99c                jetiSetDecimalPoint
                0x0000b6dc                jetiCheckForKeyChange
                0x0000b698                jetiSetKeyChanged
                0x0000b898                jetiActivateValue
                0x0000c51c                jetiInitValue
 .text          0x0000c728      0x69c LPC2k_ee.o
                0x0000cd3c                enter_isp
                0x0000c728                ee_erase
                0x0000ca88                ee_read
                0x0000c864                ee_write
                0x0000cb80                ee_count
                0x0000cb18                ee_readn
                0x0000cbf4                ee_locate
 .text          0x0000cdc4     0x7e20 lab.o
                0x0000cdc4                lab
                0x0000ce34                do_sensor_fusion
                0x00014760                convert_input_to_motor_commands
                0x0000d1ec                lab3
 .text          0x00014be4      0xfbc Utilites.o
                0x00014e68                matrix_scalar_mult
                0x00014fd8                matrix_transpose
                0x000157fc                cofactors
                0x00014f44                vector_scalar_mult
                0x00015364                determinant
                0x00014d64                matrix_add
                0x000150a4                matrix_multiply
                0x00015698                vector_copy
                0x00015a60                inverse
                0x00015238                vector_multiply
                0x00014cb8                vector_add
                0x00015718                make_identity
                0x00014be4                angle_diff
 .text          0x00015ba0       0x20 c:/asctec_arm_sdk/winarm/bin/../lib/gcc/arm-elf/4.1.1/../../../../arm-elf/lib/thumb/interwork\libc.a(memcpy.o)
                0x00015ba0                memcpy
 .text          0x00015bc0       0x84 c:/asctec_arm_sdk/winarm/bin/../lib/gcc/arm-elf/4.1.1/../../../../arm-elf/lib/thumb/interwork\libc.a(sprintf.o)
                0x00015c04                _sprintf_r
                0x00015bc0                sprintf
 .text          0x00015c44       0x10 c:/asctec_arm_sdk/winarm/bin/../lib/gcc/arm-elf/4.1.1/../../../../arm-elf/lib/thumb/interwork\libc.a(strcpy.o)
                0x00015c44                strcpy
 .text          0x00015c54       0x10 c:/asctec_arm_sdk/winarm/bin/../lib/gcc/arm-elf/4.1.1/../../../../arm-elf/lib/thumb/interwork\libc.a(strlen.o)
                0x00015c54                strlen
 .text          0x00015c64     0x1460 c:/asctec_arm_sdk/winarm/bin/../lib/gcc/arm-elf/4.1.1/../../../../arm-elf/lib/thumb/interwork\libc.a(vfprintf.o)
                0x00015c84                _vfprintf_r
                0x000170a4                vfprintf
 .text          0x000170c4       0x50 c:/asctec_arm_sdk/winarm/bin/../lib/gcc/arm-elf/4.1.1/../../../../arm-elf/lib/thumb/interwork\libc.a(wcrtomb.o)
                0x000170c4                _wcrtomb_r
                0x000170f4                wcrtomb
 .text          0x00017114       0xd8 c:/asctec_arm_sdk/winarm/bin/../lib/gcc/arm-elf/4.1.1/../../../../arm-elf/lib/thumb/interwork\libc.a(wcsrtombs.o)
                0x00017114                _wcsrtombs_r
                0x000171c4                wcsrtombs
 .text          0x000171ec      0x2b0 c:/asctec_arm_sdk/winarm/bin/../lib/gcc/arm-elf/4.1.1/../../../../arm-elf/lib/thumb/interwork\libc.a(wctomb_r.o)
                0x000171ec                _wctomb_r
 .text          0x0001749c       0x94 c:/asctec_arm_sdk/winarm/bin/../lib/gcc/arm-elf/4.1.1/../../../../arm-elf/lib/thumb/interwork\libc.a(wsetup.o)
                0x0001749c                __swsetup
 .text          0x00017530      0xd30 c:/asctec_arm_sdk/winarm/bin/../lib/gcc/arm-elf/4.1.1/../../../../arm-elf/lib/thumb/interwork\libc.a(dtoa.o)
                0x00017664                _dtoa_r
 .text          0x00018260       0x88 c:/asctec_arm_sdk/winarm/bin/../lib/gcc/arm-elf/4.1.1/../../../../arm-elf/lib/thumb/interwork\libc.a(fflush.o)
                0x00018260                fflush
 .text          0x000182e8      0x1b0 c:/asctec_arm_sdk/winarm/bin/../lib/gcc/arm-elf/4.1.1/../../../../arm-elf/lib/thumb/interwork\libc.a(findfp.o)
                0x00018320                __sinit
                0x000183b8                __sfmoreglue
                0x000183a4                _cleanup
                0x00018394                _cleanup_r
                0x00018408                __fp_lock_all
                0x0001837c                __sfp_lock_acquire
                0x00018420                __sfp
                0x00018388                __sinit_lock_release
                0x000183f0                __fp_unlock_all
                0x00018380                __sfp_lock_release
                0x00018384                __sinit_lock_acquire
 .text          0x00018498      0x248 c:/asctec_arm_sdk/winarm/bin/../lib/gcc/arm-elf/4.1.1/../../../../arm-elf/lib/thumb/interwork\libc.a(freer.o)
                0x00018538                _free_r
                0x00018498                _malloc_trim_r
 .text          0x000186e0      0x25c c:/asctec_arm_sdk/winarm/bin/../lib/gcc/arm-elf/4.1.1/../../../../arm-elf/lib/thumb/interwork\libc.a(fvwrite.o)
                0x000186e0                __sfvwrite
 .text          0x0001893c       0xb4 c:/asctec_arm_sdk/winarm/bin/../lib/gcc/arm-elf/4.1.1/../../../../arm-elf/lib/thumb/interwork\libc.a(fwalk.o)
                0x00018998                _fwalk
                0x0001893c                _fwalk_reent
 .text          0x000189f0        0x0 c:/asctec_arm_sdk/winarm/bin/../lib/gcc/arm-elf/4.1.1/../../../../arm-elf/lib/thumb/interwork\libc.a(impure.o)
 .text          0x000189f0       0x78 c:/asctec_arm_sdk/winarm/bin/../lib/gcc/arm-elf/4.1.1/../../../../arm-elf/lib/thumb/interwork\libc.a(locale.o)
                0x00018a04                _setlocale_r
                0x000189f0                __locale_charset
                0x000189fc                _localeconv_r
                0x00018a44                setlocale
                0x00018a60                localeconv
 .text          0x00018a68       0xd8 c:/asctec_arm_sdk/winarm/bin/../lib/gcc/arm-elf/4.1.1/../../../../arm-elf/lib/thumb/interwork\libc.a(makebuf.o)
                0x00018a68                __smakebuf
 .text          0x00018b40      0x4ac c:/asctec_arm_sdk/winarm/bin/../lib/gcc/arm-elf/4.1.1/../../../../arm-elf/lib/thumb/interwork\libc.a(mallocr.o)
                0x00018b40                _malloc_r
 .text          0x00018fec       0x18 c:/asctec_arm_sdk/winarm/bin/../lib/gcc/arm-elf/4.1.1/../../../../arm-elf/lib/thumb/interwork\libc.a(memchr.o)
                0x00018fec                memchr
 .text          0x00019004       0x38 c:/asctec_arm_sdk/winarm/bin/../lib/gcc/arm-elf/4.1.1/../../../../arm-elf/lib/thumb/interwork\libc.a(memmove.o)
                0x00019004                memmove
 .text          0x0001903c       0x10 c:/asctec_arm_sdk/winarm/bin/../lib/gcc/arm-elf/4.1.1/../../../../arm-elf/lib/thumb/interwork\libc.a(memset.o)
                0x0001903c                memset
 .text          0x0001904c        0x8 c:/asctec_arm_sdk/winarm/bin/../lib/gcc/arm-elf/4.1.1/../../../../arm-elf/lib/thumb/interwork\libc.a(mlock.o)
                0x00019050                __malloc_unlock
                0x0001904c                __malloc_lock
 .text          0x00019054      0x834 c:/asctec_arm_sdk/winarm/bin/../lib/gcc/arm-elf/4.1.1/../../../../arm-elf/lib/thumb/interwork\libc.a(mprec.o)
                0x000192c4                _mprec_log10
                0x0001906c                _hi0bits
                0x00019308                _Balloc
                0x00019364                _d2b
                0x000195a8                _multiply
                0x00019270                _ratio
                0x00019804                _s2b
                0x000196d4                _i2b
                0x000190b4                _lo0bits
                0x00019120                __mcmp
                0x00019778                _pow5mult
                0x00019160                _ulp
                0x000191b0                _b2d
                0x000196ec                _multadd
                0x00019438                __mdiff
                0x00019518                _lshift
                0x00019054                _Bfree
 .text          0x00019888      0x308 c:/asctec_arm_sdk/winarm/bin/../lib/gcc/arm-elf/4.1.1/../../../../arm-elf/lib/thumb/interwork\libc.a(reallocr.o)
                0x00019888                _realloc_r
 .text          0x00019b90       0x2c c:/asctec_arm_sdk/winarm/bin/../lib/gcc/arm-elf/4.1.1/../../../../arm-elf/lib/thumb/interwork\libc.a(s_isinf.o)
                0x00019b90                isinf
 .text          0x00019bbc       0x24 c:/asctec_arm_sdk/winarm/bin/../lib/gcc/arm-elf/4.1.1/../../../../arm-elf/lib/thumb/interwork\libc.a(s_isnan.o)
                0x00019bbc                isnan
 .text          0x00019be0       0xd0 c:/asctec_arm_sdk/winarm/bin/../lib/gcc/arm-elf/4.1.1/../../../../arm-elf/lib/thumb/interwork\libc.a(stdio.o)
                0x00019bf8                __sseek
                0x00019c78                __sread
                0x00019be0                __sclose
                0x00019c34                __swrite
 .text          0x00019cb0       0x18 c:/asctec_arm_sdk/winarm/bin/../lib/gcc/arm-elf/4.1.1/../../../../arm-elf/lib/thumb/interwork\libc.a(strcmp.o)
                0x00019cb0                strcmp
 .text          0x00019cc8       0x5c c:/asctec_arm_sdk/winarm/bin/../lib/gcc/arm-elf/4.1.1/../../../../arm-elf/lib/thumb/interwork\libc.a(callocr.o)
                0x00019cc8                _calloc_r
 .text          0x00019d24       0xb8 c:/asctec_arm_sdk/winarm/bin/../lib/gcc/arm-elf/4.1.1/../../../../arm-elf/lib/thumb/interwork\libc.a(fclose.o)
                0x00019d24                _fclose_r
                0x00019dc4                fclose
 .text          0x00019ddc       0x8c c:/asctec_arm_sdk/winarm/bin/../lib/gcc/arm-elf/4.1.1/thumb/interwork\libgcc.a(_udivsi3.o)
                0x00019ddc                __udivsi3
                0x00019ddc                __aeabi_uidiv
                0x00019e58                __aeabi_uidivmod
 .text          0x00019e68       0xa4 c:/asctec_arm_sdk/winarm/bin/../lib/gcc/arm-elf/4.1.1/thumb/interwork\libgcc.a(_divsi3.o)
                0x00019e68                __aeabi_idiv
                0x00019e68                __divsi3
                0x00019efc                __aeabi_idivmod
 .text          0x00019f0c       0xc8 c:/asctec_arm_sdk/winarm/bin/../lib/gcc/arm-elf/4.1.1/thumb/interwork\libgcc.a(_umodsi3.o)
                0x00019f0c                __umodsi3
 .text          0x00019fd4       0xd8 c:/asctec_arm_sdk/winarm/bin/../lib/gcc/arm-elf/4.1.1/thumb/interwork\libgcc.a(_modsi3.o)
                0x00019fd4                __modsi3
 .text          0x0001a0ac        0x4 c:/asctec_arm_sdk/winarm/bin/../lib/gcc/arm-elf/4.1.1/thumb/interwork\libgcc.a(_dvmd_tls.o)
                0x0001a0ac                __aeabi_ldiv0
                0x0001a0ac                __div0
                0x0001a0ac                __aeabi_idiv0
 .text          0x0001a0b0      0x430 c:/asctec_arm_sdk/winarm/bin/../lib/gcc/arm-elf/4.1.1/thumb/interwork\libgcc.a(_addsubdf3.o)
                0x0001a474                __floatdidf
                0x0001a3f4                __floatsidf
                0x0001a3cc                __aeabi_ui2d
                0x0001a0b0                __aeabi_drsub
                0x0001a420                __extendsfdf2
                0x0001a0bc                __adddf3
                0x0001a3cc                __floatunsidf
                0x0001a0bc                __aeabi_dadd
                0x0001a460                __aeabi_ul2d
                0x0001a0b8                __aeabi_dsub
                0x0001a460                __floatundidf
                0x0001a3f4                __aeabi_i2d
                0x0001a474                __aeabi_l2d
                0x0001a420                __aeabi_f2d
                0x0001a0b8                __subdf3
 .text          0x0001a4e0      0x49c c:/asctec_arm_sdk/winarm/bin/../lib/gcc/arm-elf/4.1.1/thumb/interwork\libgcc.a(_muldivdf3.o)
                0x0001a770                __aeabi_ddiv
                0x0001a4e0                __aeabi_dmul
                0x0001a770                __divdf3
                0x0001a4e0                __muldf3
 .text          0x0001a97c      0x140 c:/asctec_arm_sdk/winarm/bin/../lib/gcc/arm-elf/4.1.1/thumb/interwork\libgcc.a(_cmpdf2.o)
                0x0001aa74                __aeabi_dcmple
                0x0001a98c                __cmpdf2
                0x0001a98c                __eqdf2
                0x0001a97c                __gtdf2
                0x0001aa2c                __aeabi_cdcmple
                0x0001aa10                __aeabi_cdrcmple
                0x0001a984                __ltdf2
                0x0001aa5c                __aeabi_dcmplt
                0x0001a984                __ledf2
                0x0001aaa4                __aeabi_dcmpgt
                0x0001aa8c                __aeabi_dcmpge
                0x0001a98c                __nedf2
                0x0001aa44                __aeabi_dcmpeq
                0x0001aa2c                __aeabi_cdcmpeq
                0x0001a97c                __gedf2
 .text          0x0001aabc       0x5c c:/asctec_arm_sdk/winarm/bin/../lib/gcc/arm-elf/4.1.1/thumb/interwork\libgcc.a(_fixdfsi.o)
                0x0001aabc                __fixdfsi
                0x0001aabc                __aeabi_d2iz
 .text          0x0001ab18       0xa0 c:/asctec_arm_sdk/winarm/bin/../lib/gcc/arm-elf/4.1.1/thumb/interwork\libgcc.a(_truncdfsf2.o)
                0x0001ab18                __aeabi_d2f
                0x0001ab18                __truncdfsf2
 .text          0x0001abb8      0x2ac c:/asctec_arm_sdk/winarm/bin/../lib/gcc/arm-elf/4.1.1/thumb/interwork\libgcc.a(_addsubsf3.o)
                0x0001abc4                __aeabi_fadd
                0x0001abc0                __subsf3
                0x0001ad88                __aeabi_i2f
                0x0001abc0                __aeabi_fsub
                0x0001adb8                __floatdisf
                0x0001ad88                __floatsisf
                0x0001ada8                __floatundisf
                0x0001ad80                __aeabi_ui2f
                0x0001adb8                __aeabi_l2f
                0x0001ada8                __aeabi_ul2f
                0x0001abb8                __aeabi_frsub
                0x0001ad80                __floatunsisf
                0x0001abc4                __addsf3
 .text          0x0001ae64      0x2f8 c:/asctec_arm_sdk/winarm/bin/../lib/gcc/arm-elf/4.1.1/thumb/interwork\libgcc.a(_muldivsf3.o)
                0x0001affc                __divsf3
                0x0001affc                __aeabi_fdiv
                0x0001ae64                __mulsf3
                0x0001ae64                __aeabi_fmul
 .text          0x0001b15c      0x110 c:/asctec_arm_sdk/winarm/bin/../lib/gcc/arm-elf/4.1.1/thumb/interwork\libgcc.a(_cmpsf2.o)
                0x0001b254                __aeabi_fcmpgt
                0x0001b164                __lesf2
                0x0001b16c                __nesf2
                0x0001b23c                __aeabi_fcmpge
                0x0001b15c                __gtsf2
                0x0001b224                __aeabi_fcmple
                0x0001b16c                __eqsf2
                0x0001b16c                __cmpsf2
                0x0001b164                __ltsf2
                0x0001b1dc                __aeabi_cfcmple
                0x0001b15c                __gesf2
                0x0001b1f4                __aeabi_fcmpeq
                0x0001b1cc                __aeabi_cfrcmple
                0x0001b20c                __aeabi_fcmplt
                0x0001b1dc                __aeabi_cfcmpeq
 .text          0x0001b26c       0x54 c:/asctec_arm_sdk/winarm/bin/../lib/gcc/arm-elf/4.1.1/thumb/interwork\libgcc.a(_fixunssfsi.o)
                0x0001b26c                __aeabi_f2uiz
                0x0001b26c                __fixunssfsi
 .text          0x0001b2c0     0x3250 ./\libdeclination.a(declination.o)
                0x0001dd6c                geomg1
                0x0001dddc                getDeclination
                0x0001dd04                geomag
 .text          0x0001e510     0x1e88 ./\libublox.a(ublox.o)
                0x0001f038                uBloxReceiveHandler
                0x0001e728                pollMessageRate
                0x0001f6fc                uBloxReceiveEngine
                0x0001e880                uBloxHandleMessage
                0x0001e7e4                uBloxResetConfiguration
                0x0001e780                setMessageRate
                0x0001e510                uBloxSendMessage
 .text          0x00020398       0xa8 c:/asctec_arm_sdk/winarm/bin/../lib/gcc/arm-elf/4.1.1/../../../../arm-elf/lib/thumb/interwork\libm.a(s_cos.o)
                0x00020398                cos
 .text          0x00020440       0xac c:/asctec_arm_sdk/winarm/bin/../lib/gcc/arm-elf/4.1.1/../../../../arm-elf/lib/thumb/interwork\libm.a(s_sin.o)
                0x00020440                sin
 .text          0x000204ec       0xc0 c:/asctec_arm_sdk/winarm/bin/../lib/gcc/arm-elf/4.1.1/../../../../arm-elf/lib/thumb/interwork\libm.a(w_atan2.o)
                0x000204ec                atan2
 .text          0x000205ac      0x33c c:/asctec_arm_sdk/winarm/bin/../lib/gcc/arm-elf/4.1.1/../../../../arm-elf/lib/thumb/interwork\libm.a(w_pow.o)
                0x000205ac                pow
 .text          0x000208e8       0xb8 c:/asctec_arm_sdk/winarm/bin/../lib/gcc/arm-elf/4.1.1/../../../../arm-elf/lib/thumb/interwork\libm.a(w_sqrt.o)
                0x000208e8                sqrt
 .text          0x000209a0       0xc0 c:/asctec_arm_sdk/winarm/bin/../lib/gcc/arm-elf/4.1.1/../../../../arm-elf/lib/thumb/interwork\libm.a(wf_fmod.o)
                0x000209a0                fmodf
 .text          0x00020a60      0x2dc c:/asctec_arm_sdk/winarm/bin/../lib/gcc/arm-elf/4.1.1/../../../../arm-elf/lib/thumb/interwork\libm.a(wf_pow.o)
                0x00020a60                powf
 .text          0x00020d3c      0x20c c:/asctec_arm_sdk/winarm/bin/../lib/gcc/arm-elf/4.1.1/../../../../arm-elf/lib/thumb/interwork\libm.a(e_atan2.o)
                0x00020d3c                __ieee754_atan2
 .text          0x00020f48      0xb0c c:/asctec_arm_sdk/winarm/bin/../lib/gcc/arm-elf/4.1.1/../../../../arm-elf/lib/thumb/interwork\libm.a(e_pow.o)
                0x00020f48                __ieee754_pow
 .text          0x00021a54      0x420 c:/asctec_arm_sdk/winarm/bin/../lib/gcc/arm-elf/4.1.1/../../../../arm-elf/lib/thumb/interwork\libm.a(e_rem_pio2.o)
                0x00021a54                __ieee754_rem_pio2
 .text          0x00021e74      0x1a0 c:/asctec_arm_sdk/winarm/bin/../lib/gcc/arm-elf/4.1.1/../../../../arm-elf/lib/thumb/interwork\libm.a(e_sqrt.o)
                0x00021e74                __ieee754_sqrt
 .text          0x00022014      0x128 c:/asctec_arm_sdk/winarm/bin/../lib/gcc/arm-elf/4.1.1/../../../../arm-elf/lib/thumb/interwork\libm.a(ef_fmod.o)
                0x00022014                __ieee754_fmodf
 .text          0x0002213c      0x720 c:/asctec_arm_sdk/winarm/bin/../lib/gcc/arm-elf/4.1.1/../../../../arm-elf/lib/thumb/interwork\libm.a(ef_pow.o)
                0x0002213c                __ieee754_powf
 .text          0x0002285c       0xb4 c:/asctec_arm_sdk/winarm/bin/../lib/gcc/arm-elf/4.1.1/../../../../arm-elf/lib/thumb/interwork\libm.a(ef_sqrt.o)
                0x0002285c                __ieee754_sqrtf
 .text          0x00022910      0x264 c:/asctec_arm_sdk/winarm/bin/../lib/gcc/arm-elf/4.1.1/../../../../arm-elf/lib/thumb/interwork\libm.a(k_cos.o)
                0x00022910                __kernel_cos
 .text          0x00022b74      0x744 c:/asctec_arm_sdk/winarm/bin/../lib/gcc/arm-elf/4.1.1/../../../../arm-elf/lib/thumb/interwork\libm.a(k_rem_pio2.o)
                0x00022b74                __kernel_rem_pio2
 .text          0x000232b8      0x178 c:/asctec_arm_sdk/winarm/bin/../lib/gcc/arm-elf/4.1.1/../../../../arm-elf/lib/thumb/interwork\libm.a(k_sin.o)
                0x000232b8                __kernel_sin
 .text          0x00023430      0x35c c:/asctec_arm_sdk/winarm/bin/../lib/gcc/arm-elf/4.1.1/../../../../arm-elf/lib/thumb/interwork\libm.a(s_atan.o)
                0x00023430                atan
 .text          0x0002378c       0x18 c:/asctec_arm_sdk/winarm/bin/../lib/gcc/arm-elf/4.1.1/../../../../arm-elf/lib/thumb/interwork\libm.a(s_fabs.o)
                0x0002378c                fabs
 .text          0x000237a4       0x1c c:/asctec_arm_sdk/winarm/bin/../lib/gcc/arm-elf/4.1.1/../../../../arm-elf/lib/thumb/interwork\libm.a(s_finite.o)
                0x000237a4                finite
 .text          0x000237c0      0x12c c:/asctec_arm_sdk/winarm/bin/../lib/gcc/arm-elf/4.1.1/../../../../arm-elf/lib/thumb/interwork\libm.a(s_floor.o)
                0x000237c0                floor
 .text          0x000238ec        0x0 c:/asctec_arm_sdk/winarm/bin/../lib/gcc/arm-elf/4.1.1/../../../../arm-elf/lib/thumb/interwork\libm.a(s_lib_ver.o)
 .text          0x000238ec        0x4 c:/asctec_arm_sdk/winarm/bin/../lib/gcc/arm-elf/4.1.1/../../../../arm-elf/lib/thumb/interwork\libm.a(s_matherr.o)
                0x000238ec                matherr
 .text          0x000238f0      0x14c c:/asctec_arm_sdk/winarm/bin/../lib/gcc/arm-elf/4.1.1/../../../../arm-elf/lib/thumb/interwork\libm.a(s_rint.o)
                0x000238f0                rint
 .text          0x00023a3c      0x110 c:/asctec_arm_sdk/winarm/bin/../lib/gcc/arm-elf/4.1.1/../../../../arm-elf/lib/thumb/interwork\libm.a(s_scalbn.o)
                0x00023a3c                scalbn
 .text          0x00023b4c        0xc c:/asctec_arm_sdk/winarm/bin/../lib/gcc/arm-elf/4.1.1/../../../../arm-elf/lib/thumb/interwork\libm.a(sf_fabs.o)
                0x00023b4c                fabsf
 .text          0x00023b58       0x1c c:/asctec_arm_sdk/winarm/bin/../lib/gcc/arm-elf/4.1.1/../../../../arm-elf/lib/thumb/interwork\libm.a(sf_finite.o)
                0x00023b58                finitef
 .text          0x00023b74       0x18 c:/asctec_arm_sdk/winarm/bin/../lib/gcc/arm-elf/4.1.1/../../../../arm-elf/lib/thumb/interwork\libm.a(sf_isnan.o)
                0x00023b74                isnanf
 .text          0x00023b8c       0xc0 c:/asctec_arm_sdk/winarm/bin/../lib/gcc/arm-elf/4.1.1/../../../../arm-elf/lib/thumb/interwork\libm.a(sf_scalbn.o)
                0x00023b8c                scalbnf
 .text          0x00023c4c       0x24 c:/asctec_arm_sdk/winarm/bin/../lib/gcc/arm-elf/4.1.1/../../../../arm-elf/lib/thumb/interwork\libm.a(s_copysign.o)
                0x00023c4c                copysign
 .text          0x00023c70       0x14 c:/asctec_arm_sdk/winarm/bin/../lib/gcc/arm-elf/4.1.1/../../../../arm-elf/lib/thumb/interwork\libm.a(sf_copysign.o)
                0x00023c70                copysignf
 .text          0x00023c84       0x5c c:/asctec_arm_sdk/winarm/bin/../lib/gcc/arm-elf/4.1.1/thumb/interwork\libgcc.a(_fixsfsi.o)
                0x00023c84                __fixsfsi
                0x00023c84                __aeabi_f2iz
 .text          0x00023ce0        0xc c:/asctec_arm_sdk/winarm/bin/../lib/gcc/arm-elf/4.1.1/../../../../arm-elf/lib/thumb/interwork\libg.a(errno.o)
                0x00023ce0                __errno
 *(.gnu.linkonce.t.*)
 *(.glue_7)
 .glue_7        0x00023cec        0x0 Common_WinARM/src/Startup.o
 .glue_7        0x00023cec        0x0 Common_WinARM/src/swi_handler.o
 .glue_7        0x00023cec        0x0 LL_HL_comm.o
 .glue_7        0x00023cec        0x0 mymath.o
 .glue_7        0x00023cec        0x0 gpsmath.o
 .glue_7        0x00023cec        0x0 sdk.o
 .glue_7        0x00023cec        0x0 sdk_telemetry.o
 .glue_7        0x00023cec        0x0 buzzer.o
 .glue_7        0x00023cec        0x0 lpc_aci_eeprom.o
 .glue_7        0x00023cec        0x0 asctecCommIntfOnboard.o
 .glue_7        0x00023cec        0x0 buildInfoSetup.o
 .glue_7        0x00023cec        0x0 main.o
 .glue_7        0x00023cec        0x0 hardware.o
 .glue_7        0x00023cec        0x0 system.o
 .glue_7        0x00023cec        0x0 uart.o
 .glue_7        0x00023cec        0x0 syscalls.o
 .glue_7        0x00023cec        0x0 i2c.o
 .glue_7        0x00023cec        0x0 i2c1.o
 .glue_7        0x00023cec        0x0 Common_WinARM/src/irq.o
 .glue_7        0x00023cec        0x0 adc.o
 .glue_7        0x00023cec        0x0 ssp.o
 .glue_7        0x00023cec        0x0 pelican_ptu.o
 .glue_7        0x00023cec        0x0 jetiTelemetry.o
 .glue_7        0x00023cec        0x0 LPC2k_ee.o
 .glue_7        0x00023cec        0x0 lab.o
 .glue_7        0x00023cec        0x0 Utilites.o
 .glue_7        0x00023cec        0x0 c:/asctec_arm_sdk/winarm/bin/../lib/gcc/arm-elf/4.1.1/../../../../arm-elf/lib/thumb/interwork\libc.a(memcpy.o)
 .glue_7        0x00023cec        0x0 c:/asctec_arm_sdk/winarm/bin/../lib/gcc/arm-elf/4.1.1/../../../../arm-elf/lib/thumb/interwork\libc.a(sprintf.o)
 .glue_7        0x00023cec        0x0 c:/asctec_arm_sdk/winarm/bin/../lib/gcc/arm-elf/4.1.1/../../../../arm-elf/lib/thumb/interwork\libc.a(strcpy.o)
 .glue_7        0x00023cec        0x0 c:/asctec_arm_sdk/winarm/bin/../lib/gcc/arm-elf/4.1.1/../../../../arm-elf/lib/thumb/interwork\libc.a(strlen.o)
 .glue_7        0x00023cec        0x0 c:/asctec_arm_sdk/winarm/bin/../lib/gcc/arm-elf/4.1.1/../../../../arm-elf/lib/thumb/interwork\libc.a(vfprintf.o)
 .glue_7        0x00023cec        0x0 c:/asctec_arm_sdk/winarm/bin/../lib/gcc/arm-elf/4.1.1/../../../../arm-elf/lib/thumb/interwork\libc.a(wcrtomb.o)
 .glue_7        0x00023cec        0x0 c:/asctec_arm_sdk/winarm/bin/../lib/gcc/arm-elf/4.1.1/../../../../arm-elf/lib/thumb/interwork\libc.a(wcsrtombs.o)
 .glue_7        0x00023cec        0x0 c:/asctec_arm_sdk/winarm/bin/../lib/gcc/arm-elf/4.1.1/../../../../arm-elf/lib/thumb/interwork\libc.a(wctomb_r.o)
 .glue_7        0x00023cec        0x0 c:/asctec_arm_sdk/winarm/bin/../lib/gcc/arm-elf/4.1.1/../../../../arm-elf/lib/thumb/interwork\libc.a(wsetup.o)
 .glue_7        0x00023cec        0x0 c:/asctec_arm_sdk/winarm/bin/../lib/gcc/arm-elf/4.1.1/../../../../arm-elf/lib/thumb/interwork\libc.a(dtoa.o)
 .glue_7        0x00023cec        0x0 c:/asctec_arm_sdk/winarm/bin/../lib/gcc/arm-elf/4.1.1/../../../../arm-elf/lib/thumb/interwork\libc.a(fflush.o)
 .glue_7        0x00023cec        0x0 c:/asctec_arm_sdk/winarm/bin/../lib/gcc/arm-elf/4.1.1/../../../../arm-elf/lib/thumb/interwork\libc.a(findfp.o)
 .glue_7        0x00023cec        0x0 c:/asctec_arm_sdk/winarm/bin/../lib/gcc/arm-elf/4.1.1/../../../../arm-elf/lib/thumb/interwork\libc.a(freer.o)
 .glue_7        0x00023cec        0x0 c:/asctec_arm_sdk/winarm/bin/../lib/gcc/arm-elf/4.1.1/../../../../arm-elf/lib/thumb/interwork\libc.a(fvwrite.o)
 .glue_7        0x00023cec        0x0 c:/asctec_arm_sdk/winarm/bin/../lib/gcc/arm-elf/4.1.1/../../../../arm-elf/lib/thumb/interwork\libc.a(fwalk.o)
 .glue_7        0x00023cec        0x0 c:/asctec_arm_sdk/winarm/bin/../lib/gcc/arm-elf/4.1.1/../../../../arm-elf/lib/thumb/interwork\libc.a(impure.o)
 .glue_7        0x00023cec        0x0 c:/asctec_arm_sdk/winarm/bin/../lib/gcc/arm-elf/4.1.1/../../../../arm-elf/lib/thumb/interwork\libc.a(locale.o)
 .glue_7        0x00023cec        0x0 c:/asctec_arm_sdk/winarm/bin/../lib/gcc/arm-elf/4.1.1/../../../../arm-elf/lib/thumb/interwork\libc.a(makebuf.o)
 .glue_7        0x00023cec        0x0 c:/asctec_arm_sdk/winarm/bin/../lib/gcc/arm-elf/4.1.1/../../../../arm-elf/lib/thumb/interwork\libc.a(mallocr.o)
 .glue_7        0x00023cec        0x0 c:/asctec_arm_sdk/winarm/bin/../lib/gcc/arm-elf/4.1.1/../../../../arm-elf/lib/thumb/interwork\libc.a(memchr.o)
 .glue_7        0x00023cec        0x0 c:/asctec_arm_sdk/winarm/bin/../lib/gcc/arm-elf/4.1.1/../../../../arm-elf/lib/thumb/interwork\libc.a(memmove.o)
 .glue_7        0x00023cec        0x0 c:/asctec_arm_sdk/winarm/bin/../lib/gcc/arm-elf/4.1.1/../../../../arm-elf/lib/thumb/interwork\libc.a(memset.o)
 .glue_7        0x00023cec        0x0 c:/asctec_arm_sdk/winarm/bin/../lib/gcc/arm-elf/4.1.1/../../../../arm-elf/lib/thumb/interwork\libc.a(mlock.o)
 .glue_7        0x00023cec        0x0 c:/asctec_arm_sdk/winarm/bin/../lib/gcc/arm-elf/4.1.1/../../../../arm-elf/lib/thumb/interwork\libc.a(mprec.o)
 .glue_7        0x00023cec        0x0 c:/asctec_arm_sdk/winarm/bin/../lib/gcc/arm-elf/4.1.1/../../../../arm-elf/lib/thumb/interwork\libc.a(reallocr.o)
 .glue_7        0x00023cec        0x0 c:/asctec_arm_sdk/winarm/bin/../lib/gcc/arm-elf/4.1.1/../../../../arm-elf/lib/thumb/interwork\libc.a(s_isinf.o)
 .glue_7        0x00023cec        0x0 c:/asctec_arm_sdk/winarm/bin/../lib/gcc/arm-elf/4.1.1/../../../../arm-elf/lib/thumb/interwork\libc.a(s_isnan.o)
 .glue_7        0x00023cec        0x0 c:/asctec_arm_sdk/winarm/bin/../lib/gcc/arm-elf/4.1.1/../../../../arm-elf/lib/thumb/interwork\libc.a(stdio.o)
 .glue_7        0x00023cec        0x0 c:/asctec_arm_sdk/winarm/bin/../lib/gcc/arm-elf/4.1.1/../../../../arm-elf/lib/thumb/interwork\libc.a(strcmp.o)
 .glue_7        0x00023cec        0x0 c:/asctec_arm_sdk/winarm/bin/../lib/gcc/arm-elf/4.1.1/../../../../arm-elf/lib/thumb/interwork\libc.a(callocr.o)
 .glue_7        0x00023cec        0x0 c:/asctec_arm_sdk/winarm/bin/../lib/gcc/arm-elf/4.1.1/../../../../arm-elf/lib/thumb/interwork\libc.a(fclose.o)
 .glue_7        0x00023cec        0x0 c:/asctec_arm_sdk/winarm/bin/../lib/gcc/arm-elf/4.1.1/thumb/interwork\libgcc.a(_udivsi3.o)
 .glue_7        0x00023cec        0x0 c:/asctec_arm_sdk/winarm/bin/../lib/gcc/arm-elf/4.1.1/thumb/interwork\libgcc.a(_divsi3.o)
 .glue_7        0x00023cec        0x0 c:/asctec_arm_sdk/winarm/bin/../lib/gcc/arm-elf/4.1.1/thumb/interwork\libgcc.a(_umodsi3.o)
 .glue_7        0x00023cec        0x0 c:/asctec_arm_sdk/winarm/bin/../lib/gcc/arm-elf/4.1.1/thumb/interwork\libgcc.a(_modsi3.o)
 .glue_7        0x00023cec        0x0 c:/asctec_arm_sdk/winarm/bin/../lib/gcc/arm-elf/4.1.1/thumb/interwork\libgcc.a(_dvmd_tls.o)
 .glue_7        0x00023cec        0x0 c:/asctec_arm_sdk/winarm/bin/../lib/gcc/arm-elf/4.1.1/thumb/interwork\libgcc.a(_addsubdf3.o)
 .glue_7        0x00023cec        0x0 c:/asctec_arm_sdk/winarm/bin/../lib/gcc/arm-elf/4.1.1/thumb/interwork\libgcc.a(_muldivdf3.o)
 .glue_7        0x00023cec        0x0 c:/asctec_arm_sdk/winarm/bin/../lib/gcc/arm-elf/4.1.1/thumb/interwork\libgcc.a(_cmpdf2.o)
 .glue_7        0x00023cec        0x0 c:/asctec_arm_sdk/winarm/bin/../lib/gcc/arm-elf/4.1.1/thumb/interwork\libgcc.a(_fixdfsi.o)
 .glue_7        0x00023cec        0x0 c:/asctec_arm_sdk/winarm/bin/../lib/gcc/arm-elf/4.1.1/thumb/interwork\libgcc.a(_truncdfsf2.o)
 .glue_7        0x00023cec        0x0 c:/asctec_arm_sdk/winarm/bin/../lib/gcc/arm-elf/4.1.1/thumb/interwork\libgcc.a(_addsubsf3.o)
 .glue_7        0x00023cec        0x0 c:/asctec_arm_sdk/winarm/bin/../lib/gcc/arm-elf/4.1.1/thumb/interwork\libgcc.a(_muldivsf3.o)
 .glue_7        0x00023cec        0x0 c:/asctec_arm_sdk/winarm/bin/../lib/gcc/arm-elf/4.1.1/thumb/interwork\libgcc.a(_cmpsf2.o)
 .glue_7        0x00023cec        0x0 c:/asctec_arm_sdk/winarm/bin/../lib/gcc/arm-elf/4.1.1/thumb/interwork\libgcc.a(_fixunssfsi.o)
 .glue_7        0x00023cec        0x0 ./\libdeclination.a(declination.o)
 .glue_7        0x00023cec        0x0 ./\libublox.a(ublox.o)
 .glue_7        0x00023cec        0x0 c:/asctec_arm_sdk/winarm/bin/../lib/gcc/arm-elf/4.1.1/../../../../arm-elf/lib/thumb/interwork\libm.a(s_cos.o)
 .glue_7        0x00023cec        0x0 c:/asctec_arm_sdk/winarm/bin/../lib/gcc/arm-elf/4.1.1/../../../../arm-elf/lib/thumb/interwork\libm.a(s_sin.o)
 .glue_7        0x00023cec        0x0 c:/asctec_arm_sdk/winarm/bin/../lib/gcc/arm-elf/4.1.1/../../../../arm-elf/lib/thumb/interwork\libm.a(w_atan2.o)
 .glue_7        0x00023cec        0x0 c:/asctec_arm_sdk/winarm/bin/../lib/gcc/arm-elf/4.1.1/../../../../arm-elf/lib/thumb/interwork\libm.a(w_pow.o)
 .glue_7        0x00023cec        0x0 c:/asctec_arm_sdk/winarm/bin/../lib/gcc/arm-elf/4.1.1/../../../../arm-elf/lib/thumb/interwork\libm.a(w_sqrt.o)
 .glue_7        0x00023cec        0x0 c:/asctec_arm_sdk/winarm/bin/../lib/gcc/arm-elf/4.1.1/../../../../arm-elf/lib/thumb/interwork\libm.a(wf_fmod.o)
 .glue_7        0x00023cec        0x0 c:/asctec_arm_sdk/winarm/bin/../lib/gcc/arm-elf/4.1.1/../../../../arm-elf/lib/thumb/interwork\libm.a(wf_pow.o)
 .glue_7        0x00023cec        0x0 c:/asctec_arm_sdk/winarm/bin/../lib/gcc/arm-elf/4.1.1/../../../../arm-elf/lib/thumb/interwork\libm.a(e_atan2.o)
 .glue_7        0x00023cec        0x0 c:/asctec_arm_sdk/winarm/bin/../lib/gcc/arm-elf/4.1.1/../../../../arm-elf/lib/thumb/interwork\libm.a(e_pow.o)
 .glue_7        0x00023cec        0x0 c:/asctec_arm_sdk/winarm/bin/../lib/gcc/arm-elf/4.1.1/../../../../arm-elf/lib/thumb/interwork\libm.a(e_rem_pio2.o)
 .glue_7        0x00023cec        0x0 c:/asctec_arm_sdk/winarm/bin/../lib/gcc/arm-elf/4.1.1/../../../../arm-elf/lib/thumb/interwork\libm.a(e_sqrt.o)
 .glue_7        0x00023cec        0x0 c:/asctec_arm_sdk/winarm/bin/../lib/gcc/arm-elf/4.1.1/../../../../arm-elf/lib/thumb/interwork\libm.a(ef_fmod.o)
 .glue_7        0x00023cec        0x0 c:/asctec_arm_sdk/winarm/bin/../lib/gcc/arm-elf/4.1.1/../../../../arm-elf/lib/thumb/interwork\libm.a(ef_pow.o)
 .glue_7        0x00023cec        0x0 c:/asctec_arm_sdk/winarm/bin/../lib/gcc/arm-elf/4.1.1/../../../../arm-elf/lib/thumb/interwork\libm.a(ef_sqrt.o)
 .glue_7        0x00023cec        0x0 c:/asctec_arm_sdk/winarm/bin/../lib/gcc/arm-elf/4.1.1/../../../../arm-elf/lib/thumb/interwork\libm.a(k_cos.o)
 .glue_7        0x00023cec        0x0 c:/asctec_arm_sdk/winarm/bin/../lib/gcc/arm-elf/4.1.1/../../../../arm-elf/lib/thumb/interwork\libm.a(k_rem_pio2.o)
 .glue_7        0x00023cec        0x0 c:/asctec_arm_sdk/winarm/bin/../lib/gcc/arm-elf/4.1.1/../../../../arm-elf/lib/thumb/interwork\libm.a(k_sin.o)
 .glue_7        0x00023cec        0x0 c:/asctec_arm_sdk/winarm/bin/../lib/gcc/arm-elf/4.1.1/../../../../arm-elf/lib/thumb/interwork\libm.a(s_atan.o)
 .glue_7        0x00023cec        0x0 c:/asctec_arm_sdk/winarm/bin/../lib/gcc/arm-elf/4.1.1/../../../../arm-elf/lib/thumb/interwork\libm.a(s_fabs.o)
 .glue_7        0x00023cec        0x0 c:/asctec_arm_sdk/winarm/bin/../lib/gcc/arm-elf/4.1.1/../../../../arm-elf/lib/thumb/interwork\libm.a(s_finite.o)
 .glue_7        0x00023cec        0x0 c:/asctec_arm_sdk/winarm/bin/../lib/gcc/arm-elf/4.1.1/../../../../arm-elf/lib/thumb/interwork\libm.a(s_floor.o)
 .glue_7        0x00023cec        0x0 c:/asctec_arm_sdk/winarm/bin/../lib/gcc/arm-elf/4.1.1/../../../../arm-elf/lib/thumb/interwork\libm.a(s_lib_ver.o)
 .glue_7        0x00023cec        0x0 c:/asctec_arm_sdk/winarm/bin/../lib/gcc/arm-elf/4.1.1/../../../../arm-elf/lib/thumb/interwork\libm.a(s_matherr.o)
 .glue_7        0x00023cec        0x0 c:/asctec_arm_sdk/winarm/bin/../lib/gcc/arm-elf/4.1.1/../../../../arm-elf/lib/thumb/interwork\libm.a(s_rint.o)
 .glue_7        0x00023cec        0x0 c:/asctec_arm_sdk/winarm/bin/../lib/gcc/arm-elf/4.1.1/../../../../arm-elf/lib/thumb/interwork\libm.a(s_scalbn.o)
 .glue_7        0x00023cec        0x0 c:/asctec_arm_sdk/winarm/bin/../lib/gcc/arm-elf/4.1.1/../../../../arm-elf/lib/thumb/interwork\libm.a(sf_fabs.o)
 .glue_7        0x00023cec        0x0 c:/asctec_arm_sdk/winarm/bin/../lib/gcc/arm-elf/4.1.1/../../../../arm-elf/lib/thumb/interwork\libm.a(sf_finite.o)
 .glue_7        0x00023cec        0x0 c:/asctec_arm_sdk/winarm/bin/../lib/gcc/arm-elf/4.1.1/../../../../arm-elf/lib/thumb/interwork\libm.a(sf_isnan.o)
 .glue_7        0x00023cec        0x0 c:/asctec_arm_sdk/winarm/bin/../lib/gcc/arm-elf/4.1.1/../../../../arm-elf/lib/thumb/interwork\libm.a(sf_scalbn.o)
 .glue_7        0x00023cec        0x0 c:/asctec_arm_sdk/winarm/bin/../lib/gcc/arm-elf/4.1.1/../../../../arm-elf/lib/thumb/interwork\libm.a(s_copysign.o)
 .glue_7        0x00023cec        0x0 c:/asctec_arm_sdk/winarm/bin/../lib/gcc/arm-elf/4.1.1/../../../../arm-elf/lib/thumb/interwork\libm.a(sf_copysign.o)
 .glue_7        0x00023cec        0x0 c:/asctec_arm_sdk/winarm/bin/../lib/gcc/arm-elf/4.1.1/thumb/interwork\libgcc.a(_fixsfsi.o)
 .glue_7        0x00023cec       0x9c c:/asctec_arm_sdk/winarm/bin/../lib/gcc/arm-elf/4.1.1/../../../../arm-elf/lib/thumb/interwork\libg.a(errno.o)
                0x00023d34                __strcpy_from_arm
                0x00023d7c                __atan2_from_arm
                0x00023d28                __strlen_from_arm
                0x00023d04                __cos_from_arm
                0x00023d70                __powf_from_arm
                0x00023d1c                ____udivsi3_from_arm
                0x00023d10                __sprintf_from_arm
                0x00023cf8                ____divsi3_from_arm
                0x00023cec                __memcpy_from_arm
                0x00023d40                __sin_from_arm
                0x00023d58                __fmodf_from_arm
                0x00023d4c                __sqrt_from_arm
                0x00023d64                __pow_from_arm
 *(.glue_7t)
 .glue_7t       0x00023d88        0x0 Common_WinARM/src/Startup.o
 .glue_7t       0x00023d88        0x0 Common_WinARM/src/swi_handler.o
 .glue_7t       0x00023d88        0x0 LL_HL_comm.o
 .glue_7t       0x00023d88        0x0 mymath.o
 .glue_7t       0x00023d88        0x0 gpsmath.o
 .glue_7t       0x00023d88        0x0 sdk.o
 .glue_7t       0x00023d88        0x0 sdk_telemetry.o
 .glue_7t       0x00023d88        0x0 buzzer.o
 .glue_7t       0x00023d88        0x0 lpc_aci_eeprom.o
 .glue_7t       0x00023d88        0x0 asctecCommIntfOnboard.o
 .glue_7t       0x00023d88        0x0 buildInfoSetup.o
 .glue_7t       0x00023d88        0x0 main.o
 .glue_7t       0x00023d88        0x0 hardware.o
 .glue_7t       0x00023d88        0x0 system.o
 .glue_7t       0x00023d88        0x0 uart.o
 .glue_7t       0x00023d88        0x0 syscalls.o
 .glue_7t       0x00023d88        0x0 i2c.o
 .glue_7t       0x00023d88        0x0 i2c1.o
 .glue_7t       0x00023d88        0x0 Common_WinARM/src/irq.o
 .glue_7t       0x00023d88        0x0 adc.o
 .glue_7t       0x00023d88        0x0 ssp.o
 .glue_7t       0x00023d88        0x0 pelican_ptu.o
 .glue_7t       0x00023d88        0x0 jetiTelemetry.o
 .glue_7t       0x00023d88        0x0 LPC2k_ee.o
 .glue_7t       0x00023d88        0x0 lab.o
 .glue_7t       0x00023d88        0x0 Utilites.o
 .glue_7t       0x00023d88        0x0 c:/asctec_arm_sdk/winarm/bin/../lib/gcc/arm-elf/4.1.1/../../../../arm-elf/lib/thumb/interwork\libc.a(memcpy.o)
 .glue_7t       0x00023d88        0x0 c:/asctec_arm_sdk/winarm/bin/../lib/gcc/arm-elf/4.1.1/../../../../arm-elf/lib/thumb/interwork\libc.a(sprintf.o)
 .glue_7t       0x00023d88        0x0 c:/asctec_arm_sdk/winarm/bin/../lib/gcc/arm-elf/4.1.1/../../../../arm-elf/lib/thumb/interwork\libc.a(strcpy.o)
 .glue_7t       0x00023d88        0x0 c:/asctec_arm_sdk/winarm/bin/../lib/gcc/arm-elf/4.1.1/../../../../arm-elf/lib/thumb/interwork\libc.a(strlen.o)
 .glue_7t       0x00023d88        0x0 c:/asctec_arm_sdk/winarm/bin/../lib/gcc/arm-elf/4.1.1/../../../../arm-elf/lib/thumb/interwork\libc.a(vfprintf.o)
 .glue_7t       0x00023d88        0x0 c:/asctec_arm_sdk/winarm/bin/../lib/gcc/arm-elf/4.1.1/../../../../arm-elf/lib/thumb/interwork\libc.a(wcrtomb.o)
 .glue_7t       0x00023d88        0x0 c:/asctec_arm_sdk/winarm/bin/../lib/gcc/arm-elf/4.1.1/../../../../arm-elf/lib/thumb/interwork\libc.a(wcsrtombs.o)
 .glue_7t       0x00023d88        0x0 c:/asctec_arm_sdk/winarm/bin/../lib/gcc/arm-elf/4.1.1/../../../../arm-elf/lib/thumb/interwork\libc.a(wctomb_r.o)
 .glue_7t       0x00023d88        0x0 c:/asctec_arm_sdk/winarm/bin/../lib/gcc/arm-elf/4.1.1/../../../../arm-elf/lib/thumb/interwork\libc.a(wsetup.o)
 .glue_7t       0x00023d88        0x0 c:/asctec_arm_sdk/winarm/bin/../lib/gcc/arm-elf/4.1.1/../../../../arm-elf/lib/thumb/interwork\libc.a(dtoa.o)
 .glue_7t       0x00023d88        0x0 c:/asctec_arm_sdk/winarm/bin/../lib/gcc/arm-elf/4.1.1/../../../../arm-elf/lib/thumb/interwork\libc.a(fflush.o)
 .glue_7t       0x00023d88        0x0 c:/asctec_arm_sdk/winarm/bin/../lib/gcc/arm-elf/4.1.1/../../../../arm-elf/lib/thumb/interwork\libc.a(findfp.o)
 .glue_7t       0x00023d88        0x0 c:/asctec_arm_sdk/winarm/bin/../lib/gcc/arm-elf/4.1.1/../../../../arm-elf/lib/thumb/interwork\libc.a(freer.o)
 .glue_7t       0x00023d88        0x0 c:/asctec_arm_sdk/winarm/bin/../lib/gcc/arm-elf/4.1.1/../../../../arm-elf/lib/thumb/interwork\libc.a(fvwrite.o)
 .glue_7t       0x00023d88        0x0 c:/asctec_arm_sdk/winarm/bin/../lib/gcc/arm-elf/4.1.1/../../../../arm-elf/lib/thumb/interwork\libc.a(fwalk.o)
 .glue_7t       0x00023d88        0x0 c:/asctec_arm_sdk/winarm/bin/../lib/gcc/arm-elf/4.1.1/../../../../arm-elf/lib/thumb/interwork\libc.a(impure.o)
 .glue_7t       0x00023d88        0x0 c:/asctec_arm_sdk/winarm/bin/../lib/gcc/arm-elf/4.1.1/../../../../arm-elf/lib/thumb/interwork\libc.a(locale.o)
 .glue_7t       0x00023d88        0x0 c:/asctec_arm_sdk/winarm/bin/../lib/gcc/arm-elf/4.1.1/../../../../arm-elf/lib/thumb/interwork\libc.a(makebuf.o)
 .glue_7t       0x00023d88        0x0 c:/asctec_arm_sdk/winarm/bin/../lib/gcc/arm-elf/4.1.1/../../../../arm-elf/lib/thumb/interwork\libc.a(mallocr.o)
 .glue_7t       0x00023d88        0x0 c:/asctec_arm_sdk/winarm/bin/../lib/gcc/arm-elf/4.1.1/../../../../arm-elf/lib/thumb/interwork\libc.a(memchr.o)
 .glue_7t       0x00023d88        0x0 c:/asctec_arm_sdk/winarm/bin/../lib/gcc/arm-elf/4.1.1/../../../../arm-elf/lib/thumb/interwork\libc.a(memmove.o)
 .glue_7t       0x00023d88        0x0 c:/asctec_arm_sdk/winarm/bin/../lib/gcc/arm-elf/4.1.1/../../../../arm-elf/lib/thumb/interwork\libc.a(memset.o)
 .glue_7t       0x00023d88        0x0 c:/asctec_arm_sdk/winarm/bin/../lib/gcc/arm-elf/4.1.1/../../../../arm-elf/lib/thumb/interwork\libc.a(mlock.o)
 .glue_7t       0x00023d88        0x0 c:/asctec_arm_sdk/winarm/bin/../lib/gcc/arm-elf/4.1.1/../../../../arm-elf/lib/thumb/interwork\libc.a(mprec.o)
 .glue_7t       0x00023d88        0x0 c:/asctec_arm_sdk/winarm/bin/../lib/gcc/arm-elf/4.1.1/../../../../arm-elf/lib/thumb/interwork\libc.a(reallocr.o)
 .glue_7t       0x00023d88        0x0 c:/asctec_arm_sdk/winarm/bin/../lib/gcc/arm-elf/4.1.1/../../../../arm-elf/lib/thumb/interwork\libc.a(s_isinf.o)
 .glue_7t       0x00023d88        0x0 c:/asctec_arm_sdk/winarm/bin/../lib/gcc/arm-elf/4.1.1/../../../../arm-elf/lib/thumb/interwork\libc.a(s_isnan.o)
 .glue_7t       0x00023d88        0x0 c:/asctec_arm_sdk/winarm/bin/../lib/gcc/arm-elf/4.1.1/../../../../arm-elf/lib/thumb/interwork\libc.a(stdio.o)
 .glue_7t       0x00023d88        0x0 c:/asctec_arm_sdk/winarm/bin/../lib/gcc/arm-elf/4.1.1/../../../../arm-elf/lib/thumb/interwork\libc.a(strcmp.o)
 .glue_7t       0x00023d88        0x0 c:/asctec_arm_sdk/winarm/bin/../lib/gcc/arm-elf/4.1.1/../../../../arm-elf/lib/thumb/interwork\libc.a(callocr.o)
 .glue_7t       0x00023d88        0x0 c:/asctec_arm_sdk/winarm/bin/../lib/gcc/arm-elf/4.1.1/../../../../arm-elf/lib/thumb/interwork\libc.a(fclose.o)
 .glue_7t       0x00023d88        0x0 c:/asctec_arm_sdk/winarm/bin/../lib/gcc/arm-elf/4.1.1/thumb/interwork\libgcc.a(_udivsi3.o)
 .glue_7t       0x00023d88        0x0 c:/asctec_arm_sdk/winarm/bin/../lib/gcc/arm-elf/4.1.1/thumb/interwork\libgcc.a(_divsi3.o)
 .glue_7t       0x00023d88        0x0 c:/asctec_arm_sdk/winarm/bin/../lib/gcc/arm-elf/4.1.1/thumb/interwork\libgcc.a(_umodsi3.o)
 .glue_7t       0x00023d88        0x0 c:/asctec_arm_sdk/winarm/bin/../lib/gcc/arm-elf/4.1.1/thumb/interwork\libgcc.a(_modsi3.o)
 .glue_7t       0x00023d88        0x0 c:/asctec_arm_sdk/winarm/bin/../lib/gcc/arm-elf/4.1.1/thumb/interwork\libgcc.a(_dvmd_tls.o)
 .glue_7t       0x00023d88        0x0 c:/asctec_arm_sdk/winarm/bin/../lib/gcc/arm-elf/4.1.1/thumb/interwork\libgcc.a(_addsubdf3.o)
 .glue_7t       0x00023d88        0x0 c:/asctec_arm_sdk/winarm/bin/../lib/gcc/arm-elf/4.1.1/thumb/interwork\libgcc.a(_muldivdf3.o)
 .glue_7t       0x00023d88        0x0 c:/asctec_arm_sdk/winarm/bin/../lib/gcc/arm-elf/4.1.1/thumb/interwork\libgcc.a(_cmpdf2.o)
 .glue_7t       0x00023d88        0x0 c:/asctec_arm_sdk/winarm/bin/../lib/gcc/arm-elf/4.1.1/thumb/interwork\libgcc.a(_fixdfsi.o)
 .glue_7t       0x00023d88        0x0 c:/asctec_arm_sdk/winarm/bin/../lib/gcc/arm-elf/4.1.1/thumb/interwork\libgcc.a(_truncdfsf2.o)
 .glue_7t       0x00023d88        0x0 c:/asctec_arm_sdk/winarm/bin/../lib/gcc/arm-elf/4.1.1/thumb/interwork\libgcc.a(_addsubsf3.o)
 .glue_7t       0x00023d88        0x0 c:/asctec_arm_sdk/winarm/bin/../lib/gcc/arm-elf/4.1.1/thumb/interwork\libgcc.a(_muldivsf3.o)
 .glue_7t       0x00023d88        0x0 c:/asctec_arm_sdk/winarm/bin/../lib/gcc/arm-elf/4.1.1/thumb/interwork\libgcc.a(_cmpsf2.o)
 .glue_7t       0x00023d88        0x0 c:/asctec_arm_sdk/winarm/bin/../lib/gcc/arm-elf/4.1.1/thumb/interwork\libgcc.a(_fixunssfsi.o)
 .glue_7t       0x00023d88        0x0 ./\libdeclination.a(declination.o)
 .glue_7t       0x00023d88        0x0 ./\libublox.a(ublox.o)
 .glue_7t       0x00023d88        0x0 c:/asctec_arm_sdk/winarm/bin/../lib/gcc/arm-elf/4.1.1/../../../../arm-elf/lib/thumb/interwork\libm.a(s_cos.o)
 .glue_7t       0x00023d88        0x0 c:/asctec_arm_sdk/winarm/bin/../lib/gcc/arm-elf/4.1.1/../../../../arm-elf/lib/thumb/interwork\libm.a(s_sin.o)
 .glue_7t       0x00023d88        0x0 c:/asctec_arm_sdk/winarm/bin/../lib/gcc/arm-elf/4.1.1/../../../../arm-elf/lib/thumb/interwork\libm.a(w_atan2.o)
 .glue_7t       0x00023d88        0x0 c:/asctec_arm_sdk/winarm/bin/../lib/gcc/arm-elf/4.1.1/../../../../arm-elf/lib/thumb/interwork\libm.a(w_pow.o)
 .glue_7t       0x00023d88        0x0 c:/asctec_arm_sdk/winarm/bin/../lib/gcc/arm-elf/4.1.1/../../../../arm-elf/lib/thumb/interwork\libm.a(w_sqrt.o)
 .glue_7t       0x00023d88        0x0 c:/asctec_arm_sdk/winarm/bin/../lib/gcc/arm-elf/4.1.1/../../../../arm-elf/lib/thumb/interwork\libm.a(wf_fmod.o)
 .glue_7t       0x00023d88        0x0 c:/asctec_arm_sdk/winarm/bin/../lib/gcc/arm-elf/4.1.1/../../../../arm-elf/lib/thumb/interwork\libm.a(wf_pow.o)
 .glue_7t       0x00023d88        0x0 c:/asctec_arm_sdk/winarm/bin/../lib/gcc/arm-elf/4.1.1/../../../../arm-elf/lib/thumb/interwork\libm.a(e_atan2.o)
 .glue_7t       0x00023d88        0x0 c:/asctec_arm_sdk/winarm/bin/../lib/gcc/arm-elf/4.1.1/../../../../arm-elf/lib/thumb/interwork\libm.a(e_pow.o)
 .glue_7t       0x00023d88        0x0 c:/asctec_arm_sdk/winarm/bin/../lib/gcc/arm-elf/4.1.1/../../../../arm-elf/lib/thumb/interwork\libm.a(e_rem_pio2.o)
 .glue_7t       0x00023d88        0x0 c:/asctec_arm_sdk/winarm/bin/../lib/gcc/arm-elf/4.1.1/../../../../arm-elf/lib/thumb/interwork\libm.a(e_sqrt.o)
 .glue_7t       0x00023d88        0x0 c:/asctec_arm_sdk/winarm/bin/../lib/gcc/arm-elf/4.1.1/../../../../arm-elf/lib/thumb/interwork\libm.a(ef_fmod.o)
 .glue_7t       0x00023d88        0x0 c:/asctec_arm_sdk/winarm/bin/../lib/gcc/arm-elf/4.1.1/../../../../arm-elf/lib/thumb/interwork\libm.a(ef_pow.o)
 .glue_7t       0x00023d88        0x0 c:/asctec_arm_sdk/winarm/bin/../lib/gcc/arm-elf/4.1.1/../../../../arm-elf/lib/thumb/interwork\libm.a(ef_sqrt.o)
 .glue_7t       0x00023d88        0x0 c:/asctec_arm_sdk/winarm/bin/../lib/gcc/arm-elf/4.1.1/../../../../arm-elf/lib/thumb/interwork\libm.a(k_cos.o)
 .glue_7t       0x00023d88        0x0 c:/asctec_arm_sdk/winarm/bin/../lib/gcc/arm-elf/4.1.1/../../../../arm-elf/lib/thumb/interwork\libm.a(k_rem_pio2.o)
 .glue_7t       0x00023d88        0x0 c:/asctec_arm_sdk/winarm/bin/../lib/gcc/arm-elf/4.1.1/../../../../arm-elf/lib/thumb/interwork\libm.a(k_sin.o)
 .glue_7t       0x00023d88        0x0 c:/asctec_arm_sdk/winarm/bin/../lib/gcc/arm-elf/4.1.1/../../../../arm-elf/lib/thumb/interwork\libm.a(s_atan.o)
 .glue_7t       0x00023d88        0x0 c:/asctec_arm_sdk/winarm/bin/../lib/gcc/arm-elf/4.1.1/../../../../arm-elf/lib/thumb/interwork\libm.a(s_fabs.o)
 .glue_7t       0x00023d88        0x0 c:/asctec_arm_sdk/winarm/bin/../lib/gcc/arm-elf/4.1.1/../../../../arm-elf/lib/thumb/interwork\libm.a(s_finite.o)
 .glue_7t       0x00023d88        0x0 c:/asctec_arm_sdk/winarm/bin/../lib/gcc/arm-elf/4.1.1/../../../../arm-elf/lib/thumb/interwork\libm.a(s_floor.o)
 .glue_7t       0x00023d88        0x0 c:/asctec_arm_sdk/winarm/bin/../lib/gcc/arm-elf/4.1.1/../../../../arm-elf/lib/thumb/interwork\libm.a(s_lib_ver.o)
 .glue_7t       0x00023d88        0x0 c:/asctec_arm_sdk/winarm/bin/../lib/gcc/arm-elf/4.1.1/../../../../arm-elf/lib/thumb/interwork\libm.a(s_matherr.o)
 .glue_7t       0x00023d88        0x0 c:/asctec_arm_sdk/winarm/bin/../lib/gcc/arm-elf/4.1.1/../../../../arm-elf/lib/thumb/interwork\libm.a(s_rint.o)
 .glue_7t       0x00023d88        0x0 c:/asctec_arm_sdk/winarm/bin/../lib/gcc/arm-elf/4.1.1/../../../../arm-elf/lib/thumb/interwork\libm.a(s_scalbn.o)
 .glue_7t       0x00023d88        0x0 c:/asctec_arm_sdk/winarm/bin/../lib/gcc/arm-elf/4.1.1/../../../../arm-elf/lib/thumb/interwork\libm.a(sf_fabs.o)
 .glue_7t       0x00023d88        0x0 c:/asctec_arm_sdk/winarm/bin/../lib/gcc/arm-elf/4.1.1/../../../../arm-elf/lib/thumb/interwork\libm.a(sf_finite.o)
 .glue_7t       0x00023d88        0x0 c:/asctec_arm_sdk/winarm/bin/../lib/gcc/arm-elf/4.1.1/../../../../arm-elf/lib/thumb/interwork\libm.a(sf_isnan.o)
 .glue_7t       0x00023d88        0x0 c:/asctec_arm_sdk/winarm/bin/../lib/gcc/arm-elf/4.1.1/../../../../arm-elf/lib/thumb/interwork\libm.a(sf_scalbn.o)
 .glue_7t       0x00023d88        0x0 c:/asctec_arm_sdk/winarm/bin/../lib/gcc/arm-elf/4.1.1/../../../../arm-elf/lib/thumb/interwork\libm.a(s_copysign.o)
 .glue_7t       0x00023d88        0x0 c:/asctec_arm_sdk/winarm/bin/../lib/gcc/arm-elf/4.1.1/../../../../arm-elf/lib/thumb/interwork\libm.a(sf_copysign.o)
 .glue_7t       0x00023d88        0x0 c:/asctec_arm_sdk/winarm/bin/../lib/gcc/arm-elf/4.1.1/thumb/interwork\libgcc.a(_fixsfsi.o)
 .glue_7t       0x00023d88       0xf0 c:/asctec_arm_sdk/winarm/bin/../lib/gcc/arm-elf/4.1.1/../../../../arm-elf/lib/thumb/interwork\libg.a(errno.o)
                0x00023de4                ___sbrk_r_change_to_arm
                0x00023e10                ___read_r_from_thumb
                0x00023e70                ____lesf2_from_thumb
                0x00023dd0                ____gtdf2_from_thumb
                0x00023e48                ____divsf3_from_thumb
                0x00023db0                ____subdf3_from_thumb
                0x00023d8c                ____ltdf2_change_to_arm
                0x00023e1c                ____eqsf2_change_to_arm
                0x00023e40                ____ledf2_from_thumb
                0x00023e54                ____addsf3_change_to_arm
                0x00023db4                ____subdf3_change_to_arm
                0x00023e60                ____floatsisf_from_thumb
                0x00023e20                ____extendsfdf2_from_thumb
                0x00023ddc                ____gedf2_change_to_arm
                0x00023de8                ___fstat_r_from_thumb
                0x00023df4                __isatty_change_to_arm
                0x00023d98                ____eqdf2_from_thumb
                0x00023dfc                ___close_r_change_to_arm
                0x00023e14                ___read_r_change_to_arm
                0x00023e30                ____ltsf2_from_thumb
                0x00023dc0                ____fixdfsi_from_thumb
                0x00023dcc                ____divdf3_change_to_arm
                0x00023e74                ____lesf2_change_to_arm
                0x00023dd8                ____gedf2_from_thumb
                0x00023dec                ___fstat_r_change_to_arm
                0x00023e28                ____truncdfsf2_from_thumb
                0x00023dbc                ____muldf3_change_to_arm
                0x00023e04                ___lseek_r_change_to_arm
                0x00023e4c                ____divsf3_change_to_arm
                0x00023dc4                ____fixdfsi_change_to_arm
                0x00023dc8                ____divdf3_from_thumb
                0x00023e68                ____gtsf2_from_thumb
                0x00023e3c                ____mulsf3_change_to_arm
                0x00023dac                ____adddf3_change_to_arm
                0x00023dd4                ____gtdf2_change_to_arm
                0x00023e0c                ___write_r_change_to_arm
                0x00023e00                ___lseek_r_from_thumb
                0x00023e2c                ____truncdfsf2_change_to_arm
                0x00023e24                ____extendsfdf2_change_to_arm
                0x00023da0                ____floatsidf_from_thumb
                0x00023d88                ____ltdf2_from_thumb
                0x00023e64                ____floatsisf_change_to_arm
                0x00023d94                ____nedf2_change_to_arm
                0x00023e58                ____subsf3_from_thumb
                0x00023da8                ____adddf3_from_thumb
                0x00023df8                ___close_r_from_thumb
                0x00023e6c                ____gtsf2_change_to_arm
                0x00023d9c                ____eqdf2_change_to_arm
                0x00023e34                ____ltsf2_change_to_arm
                0x00023e38                ____mulsf3_from_thumb
                0x00023e50                ____addsf3_from_thumb
                0x00023de0                ___sbrk_r_from_thumb
                0x00023db8                ____muldf3_from_thumb
                0x00023e18                ____eqsf2_from_thumb
                0x00023e5c                ____subsf3_change_to_arm
                0x00023d90                ____nedf2_from_thumb
                0x00023e44                ____ledf2_change_to_arm
                0x00023e08                ___write_r_from_thumb
                0x00023da4                ____floatsidf_change_to_arm
                0x00023df0                __isatty_from_thumb
 *(.gcc_except_table)
 *(.rodata)
 .rodata        0x00023e78        0x6 asctecCommIntfOnboard.o
 .rodata        0x00023e7e       0x24 buildInfoSetup.o
 *fill*         0x00023ea2        0x2 00
 .rodata        0x00023ea4      0x36c main.o
 .rodata        0x00024210        0xc lab.o
 .rodata        0x0002421c      0x184 c:/asctec_arm_sdk/winarm/bin/../lib/gcc/arm-elf/4.1.1/../../../../arm-elf/lib/thumb/interwork\libc.a(vfprintf.o)
 .rodata        0x000243a0       0x18 c:/asctec_arm_sdk/winarm/bin/../lib/gcc/arm-elf/4.1.1/../../../../arm-elf/lib/thumb/interwork\libc.a(dtoa.o)
 .rodata        0x000243b8        0x4 c:/asctec_arm_sdk/winarm/bin/../lib/gcc/arm-elf/4.1.1/../../../../arm-elf/lib/thumb/interwork\libc.a(impure.o)
                0x000243b8                _global_impure_ptr
 .rodata        0x000243bc       0x34 c:/asctec_arm_sdk/winarm/bin/../lib/gcc/arm-elf/4.1.1/../../../../arm-elf/lib/thumb/interwork\libc.a(locale.o)
 .rodata        0x000243f0      0x124 c:/asctec_arm_sdk/winarm/bin/../lib/gcc/arm-elf/4.1.1/../../../../arm-elf/lib/thumb/interwork\libc.a(mprec.o)
                0x000244e0                __mprec_tinytens
                0x000243f0                __mprec_tens
                0x000244b8                __mprec_bigtens
 .rodata        0x00024514       0xe2 ./\libublox.a(ublox.o)
 *fill*         0x000245f6        0x2 00
 .rodata        0x000245f8       0x30 c:/asctec_arm_sdk/winarm/bin/../lib/gcc/arm-elf/4.1.1/../../../../arm-elf/lib/thumb/interwork\libm.a(e_pow.o)
 .rodata        0x00024628      0x188 c:/asctec_arm_sdk/winarm/bin/../lib/gcc/arm-elf/4.1.1/../../../../arm-elf/lib/thumb/interwork\libm.a(e_rem_pio2.o)
 .rodata        0x000247b0        0x8 c:/asctec_arm_sdk/winarm/bin/../lib/gcc/arm-elf/4.1.1/../../../../arm-elf/lib/thumb/interwork\libm.a(ef_fmod.o)
 .rodata        0x000247b8       0x18 c:/asctec_arm_sdk/winarm/bin/../lib/gcc/arm-elf/4.1.1/../../../../arm-elf/lib/thumb/interwork\libm.a(ef_pow.o)
 .rodata        0x000247d0       0x50 c:/asctec_arm_sdk/winarm/bin/../lib/gcc/arm-elf/4.1.1/../../../../arm-elf/lib/thumb/interwork\libm.a(k_rem_pio2.o)
 .rodata        0x00024820       0x40 c:/asctec_arm_sdk/winarm/bin/../lib/gcc/arm-elf/4.1.1/../../../../arm-elf/lib/thumb/interwork\libm.a(s_atan.o)
 .rodata        0x00024860        0x4 c:/asctec_arm_sdk/winarm/bin/../lib/gcc/arm-elf/4.1.1/../../../../arm-elf/lib/thumb/interwork\libm.a(s_lib_ver.o)
                0x00024860                __fdlib_version
 .rodata        0x00024864       0x10 c:/asctec_arm_sdk/winarm/bin/../lib/gcc/arm-elf/4.1.1/../../../../arm-elf/lib/thumb/interwork\libm.a(s_rint.o)
 *(.rodata*)
 .rodata.str1.4
                0x00024874      0x1ff sdk_telemetry.o
                                0x204 (size before relaxing)
 *fill*         0x00024a73        0x1 00
 .rodata.str1.4
                0x00024a74        0xc buildInfoSetup.o
 .rodata.str1.4
                0x00024a80       0x63 c:/asctec_arm_sdk/winarm/bin/../lib/gcc/arm-elf/4.1.1/../../../../arm-elf/lib/thumb/interwork\libc.a(vfprintf.o)
                                 0x64 (size before relaxing)
 *fill*         0x00024ae3        0x1 00
 .rodata.str1.4
                0x00024ae4       0x1e c:/asctec_arm_sdk/winarm/bin/../lib/gcc/arm-elf/4.1.1/../../../../arm-elf/lib/thumb/interwork\libc.a(wctomb_r.o)
                                 0x20 (size before relaxing)
 *fill*         0x00024b02        0x2 00
 .rodata.str1.4
                0x00024b04       0x10 c:/asctec_arm_sdk/winarm/bin/../lib/gcc/arm-elf/4.1.1/../../../../arm-elf/lib/thumb/interwork\libc.a(dtoa.o)
                                 0x14 (size before relaxing)
 .rodata.str1.4
                0x00024b14        0x2 c:/asctec_arm_sdk/winarm/bin/../lib/gcc/arm-elf/4.1.1/../../../../arm-elf/lib/thumb/interwork\libc.a(impure.o)
                                  0x4 (size before relaxing)
 *fill*         0x00024b16        0x2 00
 .rodata.str1.4
                0x00024b18        0xb c:/asctec_arm_sdk/winarm/bin/../lib/gcc/arm-elf/4.1.1/../../../../arm-elf/lib/thumb/interwork\libc.a(locale.o)
                                 0x18 (size before relaxing)
 *fill*         0x00024b23        0x1 00
 .rodata.str1.4
                0x00024b24        0x6 c:/asctec_arm_sdk/winarm/bin/../lib/gcc/arm-elf/4.1.1/../../../../arm-elf/lib/thumb/interwork\libm.a(w_atan2.o)
                                  0x8 (size before relaxing)
 *fill*         0x00024b2a        0x2 00
 .rodata.str1.4
                0x00024b2c        0x4 c:/asctec_arm_sdk/winarm/bin/../lib/gcc/arm-elf/4.1.1/../../../../arm-elf/lib/thumb/interwork\libm.a(w_pow.o)
 .rodata.str1.4
                0x00024b30        0x5 c:/asctec_arm_sdk/winarm/bin/../lib/gcc/arm-elf/4.1.1/../../../../arm-elf/lib/thumb/interwork\libm.a(w_sqrt.o)
                                  0x8 (size before relaxing)
 *fill*         0x00024b35        0x3 00
 .rodata.str1.4
                0x00024b38        0x6 c:/asctec_arm_sdk/winarm/bin/../lib/gcc/arm-elf/4.1.1/../../../../arm-elf/lib/thumb/interwork\libm.a(wf_fmod.o)
                                  0x8 (size before relaxing)
 *fill*         0x00024b3e        0x2 00
 .rodata.str1.4
                0x00024b40        0x8 c:/asctec_arm_sdk/winarm/bin/../lib/gcc/arm-elf/4.1.1/../../../../arm-elf/lib/thumb/interwork\libm.a(wf_pow.o)
 *(.gnu.linkonce.r.*)
                0x00024b48                . = ALIGN (0x4)
                0x00024b48                . = ALIGN (0x4)

.ctors          0x00024b48        0x0
                0x00024b48                PROVIDE (__ctors_start__, .)
 *(SORT(.ctors.*))
 *(.ctors)
                0x00024b48                . = ALIGN (0x4)
                0x00024b48                PROVIDE (__ctors_end__, .)
                0x00024b48                . = ALIGN (0x4)

.dtors          0x00024b48        0x0
                0x00024b48                PROVIDE (__dtors_start__, .)
 *(SORT(.dtors.*))
 *(.dtors)
                0x00024b48                . = ALIGN (0x4)
                0x00024b48                PROVIDE (__dtors_end__, .)
                0x00024b48                . = ALIGN (0x4)
                0x00024b48                . = ALIGN (0x4)
                0x00024b48                _etext = .
                0x00024b48                PROVIDE (etext, .)

.data           0x40000000      0xe30 load address 0x00024b48
                0x40000000                _data = .
 *(.vectmapped)
                0x40000000                . = ALIGN (0x4)
 *(.fastrun)
                0x40000000                . = ALIGN (0x4)
                0x40000000                . = ALIGN (0x4)
 *(.data)
 .data          0x40000000        0x0 Common_WinARM/src/Startup.o
 .data          0x40000000        0x0 Common_WinARM/src/swi_handler.o
 .data          0x40000000        0x0 LL_HL_comm.o
 .data          0x40000000        0x0 mymath.o
 .data          0x40000000        0x0 gpsmath.o
 .data          0x40000000        0xc sdk.o
                0x40000000                firebit
                0x40000004                SPItxDone
 .data          0x4000000c        0x0 sdk_telemetry.o
 .data          0x4000000c        0xc buzzer.o
                0x40000010                ALARM_battery_warning_voltage_low
                0x4000000e                ALARM_battery_warning_voltage_high
                0x4000000c                buzzer_warnings
 .data          0x40000018        0x0 lpc_aci_eeprom.o
 .data          0x40000018       0x14 asctecCommIntfOnboard.o
                0x40000018                aciVarPacketTransmissionRate
                0x4000002a                aciMagicCodePar
                0x4000001e                entry_exist
                0x40000028                aciMagicCodeCmd
                0x40000024                aciHeartBeatTimeout
                0x40000026                aciMagicCodeVar
                0x40000020                aciEngineRate
 .data          0x4000002c        0x0 buildInfoSetup.o
 .data          0x4000002c        0x3 main.o
                0x4000002c                DataOutputsPerSecond
                0x4000002d                PTU_cam_option_4_version
 .data          0x4000002f        0x0 hardware.o
 .data          0x4000002f        0x0 system.o
 .data          0x4000002f        0x7 uart.o
                0x40000033                stopstring
                0x40000030                startstring
                0x4000002f                chksum_trigger
 .data          0x40000036        0x0 syscalls.o
 .data          0x40000036        0x0 i2c.o
 .data          0x40000036        0x0 i2c1.o
 .data          0x40000036        0x0 Common_WinARM/src/irq.o
 .data          0x40000036        0x0 adc.o
 .data          0x40000036        0x3 ssp.o
                0x40000037                SSP_receiption_complete
                0x40000038                data_sent_to_HL
                0x40000036                data_sent_to_LL
 .data          0x40000039        0x0 pelican_ptu.o
 .data          0x40000039        0x0 jetiTelemetry.o
 .data          0x40000039        0x0 LPC2k_ee.o
 *fill*         0x40000039        0x3 00
 .data          0x4000003c       0x7c lab.o
                0x40000094                w1_eq
                0x4000008c                p_eq
                0x40000040                kF
                0x4000007c                g
                0x40000090                r_eq
                0x40000088                nz_eq
                0x40000048                l
                0x4000009c                w3_eq
                0x400000b0                ue
                0x4000004c                MAXPHI2
                0x400000a0                se
                0x4000005c                K_i
                0x40000054                K_d
                0x40000080                epsilon_eq
                0x40000098                w2_eq
                0x40000058                K_p
                0x40000044                kM
                0x40000084                nx_eq
                0x40000050                MINPHI2
                0x4000003c                mass
 .data          0x400000b8        0x0 Utilites.o
 .data          0x400000b8        0x0 c:/asctec_arm_sdk/winarm/bin/../lib/gcc/arm-elf/4.1.1/../../../../arm-elf/lib/thumb/interwork\libc.a(memcpy.o)
 .data          0x400000b8        0x0 c:/asctec_arm_sdk/winarm/bin/../lib/gcc/arm-elf/4.1.1/../../../../arm-elf/lib/thumb/interwork\libc.a(sprintf.o)
 .data          0x400000b8        0x0 c:/asctec_arm_sdk/winarm/bin/../lib/gcc/arm-elf/4.1.1/../../../../arm-elf/lib/thumb/interwork\libc.a(strcpy.o)
 .data          0x400000b8        0x0 c:/asctec_arm_sdk/winarm/bin/../lib/gcc/arm-elf/4.1.1/../../../../arm-elf/lib/thumb/interwork\libc.a(strlen.o)
 .data          0x400000b8        0x0 c:/asctec_arm_sdk/winarm/bin/../lib/gcc/arm-elf/4.1.1/../../../../arm-elf/lib/thumb/interwork\libc.a(vfprintf.o)
 .data          0x400000b8        0x0 c:/asctec_arm_sdk/winarm/bin/../lib/gcc/arm-elf/4.1.1/../../../../arm-elf/lib/thumb/interwork\libc.a(wcrtomb.o)
 .data          0x400000b8        0x0 c:/asctec_arm_sdk/winarm/bin/../lib/gcc/arm-elf/4.1.1/../../../../arm-elf/lib/thumb/interwork\libc.a(wcsrtombs.o)
 .data          0x400000b8        0x0 c:/asctec_arm_sdk/winarm/bin/../lib/gcc/arm-elf/4.1.1/../../../../arm-elf/lib/thumb/interwork\libc.a(wctomb_r.o)
 .data          0x400000b8        0x0 c:/asctec_arm_sdk/winarm/bin/../lib/gcc/arm-elf/4.1.1/../../../../arm-elf/lib/thumb/interwork\libc.a(wsetup.o)
 .data          0x400000b8        0x0 c:/asctec_arm_sdk/winarm/bin/../lib/gcc/arm-elf/4.1.1/../../../../arm-elf/lib/thumb/interwork\libc.a(dtoa.o)
 .data          0x400000b8        0x0 c:/asctec_arm_sdk/winarm/bin/../lib/gcc/arm-elf/4.1.1/../../../../arm-elf/lib/thumb/interwork\libc.a(fflush.o)
 .data          0x400000b8        0x0 c:/asctec_arm_sdk/winarm/bin/../lib/gcc/arm-elf/4.1.1/../../../../arm-elf/lib/thumb/interwork\libc.a(findfp.o)
 .data          0x400000b8        0x0 c:/asctec_arm_sdk/winarm/bin/../lib/gcc/arm-elf/4.1.1/../../../../arm-elf/lib/thumb/interwork\libc.a(freer.o)
 .data          0x400000b8        0x0 c:/asctec_arm_sdk/winarm/bin/../lib/gcc/arm-elf/4.1.1/../../../../arm-elf/lib/thumb/interwork\libc.a(fvwrite.o)
 .data          0x400000b8        0x0 c:/asctec_arm_sdk/winarm/bin/../lib/gcc/arm-elf/4.1.1/../../../../arm-elf/lib/thumb/interwork\libc.a(fwalk.o)
 .data          0x400000b8      0x404 c:/asctec_arm_sdk/winarm/bin/../lib/gcc/arm-elf/4.1.1/../../../../arm-elf/lib/thumb/interwork\libc.a(impure.o)
                0x400000b8                _impure_ptr
 .data          0x400004bc       0x10 c:/asctec_arm_sdk/winarm/bin/../lib/gcc/arm-elf/4.1.1/../../../../arm-elf/lib/thumb/interwork\libc.a(locale.o)
                0x400004bc                __mb_cur_max
                0x400004c0                __lc_ctype
 .data          0x400004cc        0x0 c:/asctec_arm_sdk/winarm/bin/../lib/gcc/arm-elf/4.1.1/../../../../arm-elf/lib/thumb/interwork\libc.a(makebuf.o)
 .data          0x400004cc      0x410 c:/asctec_arm_sdk/winarm/bin/../lib/gcc/arm-elf/4.1.1/../../../../arm-elf/lib/thumb/interwork\libc.a(mallocr.o)
                0x400008d8                __malloc_sbrk_base
                0x400004cc                __malloc_av_
                0x400008d4                __malloc_trim_threshold
 .data          0x400008dc        0x0 c:/asctec_arm_sdk/winarm/bin/../lib/gcc/arm-elf/4.1.1/../../../../arm-elf/lib/thumb/interwork\libc.a(memchr.o)
 .data          0x400008dc        0x0 c:/asctec_arm_sdk/winarm/bin/../lib/gcc/arm-elf/4.1.1/../../../../arm-elf/lib/thumb/interwork\libc.a(memmove.o)
 .data          0x400008dc        0x0 c:/asctec_arm_sdk/winarm/bin/../lib/gcc/arm-elf/4.1.1/../../../../arm-elf/lib/thumb/interwork\libc.a(memset.o)
 .data          0x400008dc        0x0 c:/asctec_arm_sdk/winarm/bin/../lib/gcc/arm-elf/4.1.1/../../../../arm-elf/lib/thumb/interwork\libc.a(mlock.o)
 .data          0x400008dc        0x0 c:/asctec_arm_sdk/winarm/bin/../lib/gcc/arm-elf/4.1.1/../../../../arm-elf/lib/thumb/interwork\libc.a(mprec.o)
 .data          0x400008dc        0x0 c:/asctec_arm_sdk/winarm/bin/../lib/gcc/arm-elf/4.1.1/../../../../arm-elf/lib/thumb/interwork\libc.a(reallocr.o)
 .data          0x400008dc        0x0 c:/asctec_arm_sdk/winarm/bin/../lib/gcc/arm-elf/4.1.1/../../../../arm-elf/lib/thumb/interwork\libc.a(s_isinf.o)
 .data          0x400008dc        0x0 c:/asctec_arm_sdk/winarm/bin/../lib/gcc/arm-elf/4.1.1/../../../../arm-elf/lib/thumb/interwork\libc.a(s_isnan.o)
 .data          0x400008dc        0x0 c:/asctec_arm_sdk/winarm/bin/../lib/gcc/arm-elf/4.1.1/../../../../arm-elf/lib/thumb/interwork\libc.a(stdio.o)
 .data          0x400008dc        0x0 c:/asctec_arm_sdk/winarm/bin/../lib/gcc/arm-elf/4.1.1/../../../../arm-elf/lib/thumb/interwork\libc.a(strcmp.o)
 .data          0x400008dc        0x0 c:/asctec_arm_sdk/winarm/bin/../lib/gcc/arm-elf/4.1.1/../../../../arm-elf/lib/thumb/interwork\libc.a(callocr.o)
 .data          0x400008dc        0x0 c:/asctec_arm_sdk/winarm/bin/../lib/gcc/arm-elf/4.1.1/../../../../arm-elf/lib/thumb/interwork\libc.a(fclose.o)
 .data          0x400008dc        0x0 c:/asctec_arm_sdk/winarm/bin/../lib/gcc/arm-elf/4.1.1/thumb/interwork\libgcc.a(_udivsi3.o)
 .data          0x400008dc        0x0 c:/asctec_arm_sdk/winarm/bin/../lib/gcc/arm-elf/4.1.1/thumb/interwork\libgcc.a(_divsi3.o)
 .data          0x400008dc        0x0 c:/asctec_arm_sdk/winarm/bin/../lib/gcc/arm-elf/4.1.1/thumb/interwork\libgcc.a(_umodsi3.o)
 .data          0x400008dc        0x0 c:/asctec_arm_sdk/winarm/bin/../lib/gcc/arm-elf/4.1.1/thumb/interwork\libgcc.a(_modsi3.o)
 .data          0x400008dc        0x0 c:/asctec_arm_sdk/winarm/bin/../lib/gcc/arm-elf/4.1.1/thumb/interwork\libgcc.a(_dvmd_tls.o)
 .data          0x400008dc        0x0 c:/asctec_arm_sdk/winarm/bin/../lib/gcc/arm-elf/4.1.1/thumb/interwork\libgcc.a(_addsubdf3.o)
 .data          0x400008dc        0x0 c:/asctec_arm_sdk/winarm/bin/../lib/gcc/arm-elf/4.1.1/thumb/interwork\libgcc.a(_muldivdf3.o)
 .data          0x400008dc        0x0 c:/asctec_arm_sdk/winarm/bin/../lib/gcc/arm-elf/4.1.1/thumb/interwork\libgcc.a(_cmpdf2.o)
 .data          0x400008dc        0x0 c:/asctec_arm_sdk/winarm/bin/../lib/gcc/arm-elf/4.1.1/thumb/interwork\libgcc.a(_fixdfsi.o)
 .data          0x400008dc        0x0 c:/asctec_arm_sdk/winarm/bin/../lib/gcc/arm-elf/4.1.1/thumb/interwork\libgcc.a(_truncdfsf2.o)
 .data          0x400008dc        0x0 c:/asctec_arm_sdk/winarm/bin/../lib/gcc/arm-elf/4.1.1/thumb/interwork\libgcc.a(_addsubsf3.o)
 .data          0x400008dc        0x0 c:/asctec_arm_sdk/winarm/bin/../lib/gcc/arm-elf/4.1.1/thumb/interwork\libgcc.a(_muldivsf3.o)
 .data          0x400008dc        0x0 c:/asctec_arm_sdk/winarm/bin/../lib/gcc/arm-elf/4.1.1/thumb/interwork\libgcc.a(_cmpsf2.o)
 .data          0x400008dc        0x0 c:/asctec_arm_sdk/winarm/bin/../lib/gcc/arm-elf/4.1.1/thumb/interwork\libgcc.a(_fixunssfsi.o)
 .data          0x400008dc      0x54c ./\libdeclination.a(declination.o)
 .data          0x40000e28        0x8 ./\libublox.a(ublox.o)
                0x40000e28                gpsLEDTrigger
 .data          0x40000e30        0x0 c:/asctec_arm_sdk/winarm/bin/../lib/gcc/arm-elf/4.1.1/../../../../arm-elf/lib/thumb/interwork\libm.a(s_cos.o)
 .data          0x40000e30        0x0 c:/asctec_arm_sdk/winarm/bin/../lib/gcc/arm-elf/4.1.1/../../../../arm-elf/lib/thumb/interwork\libm.a(s_sin.o)
 .data          0x40000e30        0x0 c:/asctec_arm_sdk/winarm/bin/../lib/gcc/arm-elf/4.1.1/../../../../arm-elf/lib/thumb/interwork\libm.a(w_atan2.o)
 .data          0x40000e30        0x0 c:/asctec_arm_sdk/winarm/bin/../lib/gcc/arm-elf/4.1.1/../../../../arm-elf/lib/thumb/interwork\libm.a(w_pow.o)
 .data          0x40000e30        0x0 c:/asctec_arm_sdk/winarm/bin/../lib/gcc/arm-elf/4.1.1/../../../../arm-elf/lib/thumb/interwork\libm.a(w_sqrt.o)
 .data          0x40000e30        0x0 c:/asctec_arm_sdk/winarm/bin/../lib/gcc/arm-elf/4.1.1/../../../../arm-elf/lib/thumb/interwork\libm.a(wf_fmod.o)
 .data          0x40000e30        0x0 c:/asctec_arm_sdk/winarm/bin/../lib/gcc/arm-elf/4.1.1/../../../../arm-elf/lib/thumb/interwork\libm.a(wf_pow.o)
 .data          0x40000e30        0x0 c:/asctec_arm_sdk/winarm/bin/../lib/gcc/arm-elf/4.1.1/../../../../arm-elf/lib/thumb/interwork\libm.a(e_atan2.o)
 .data          0x40000e30        0x0 c:/asctec_arm_sdk/winarm/bin/../lib/gcc/arm-elf/4.1.1/../../../../arm-elf/lib/thumb/interwork\libm.a(e_pow.o)
 .data          0x40000e30        0x0 c:/asctec_arm_sdk/winarm/bin/../lib/gcc/arm-elf/4.1.1/../../../../arm-elf/lib/thumb/interwork\libm.a(e_rem_pio2.o)
 .data          0x40000e30        0x0 c:/asctec_arm_sdk/winarm/bin/../lib/gcc/arm-elf/4.1.1/../../../../arm-elf/lib/thumb/interwork\libm.a(e_sqrt.o)
 .data          0x40000e30        0x0 c:/asctec_arm_sdk/winarm/bin/../lib/gcc/arm-elf/4.1.1/../../../../arm-elf/lib/thumb/interwork\libm.a(ef_fmod.o)
 .data          0x40000e30        0x0 c:/asctec_arm_sdk/winarm/bin/../lib/gcc/arm-elf/4.1.1/../../../../arm-elf/lib/thumb/interwork\libm.a(ef_pow.o)
 .data          0x40000e30        0x0 c:/asctec_arm_sdk/winarm/bin/../lib/gcc/arm-elf/4.1.1/../../../../arm-elf/lib/thumb/interwork\libm.a(ef_sqrt.o)
 .data          0x40000e30        0x0 c:/asctec_arm_sdk/winarm/bin/../lib/gcc/arm-elf/4.1.1/../../../../arm-elf/lib/thumb/interwork\libm.a(k_cos.o)
 .data          0x40000e30        0x0 c:/asctec_arm_sdk/winarm/bin/../lib/gcc/arm-elf/4.1.1/../../../../arm-elf/lib/thumb/interwork\libm.a(k_rem_pio2.o)
 .data          0x40000e30        0x0 c:/asctec_arm_sdk/winarm/bin/../lib/gcc/arm-elf/4.1.1/../../../../arm-elf/lib/thumb/interwork\libm.a(k_sin.o)
 .data          0x40000e30        0x0 c:/asctec_arm_sdk/winarm/bin/../lib/gcc/arm-elf/4.1.1/../../../../arm-elf/lib/thumb/interwork\libm.a(s_atan.o)
 .data          0x40000e30        0x0 c:/asctec_arm_sdk/winarm/bin/../lib/gcc/arm-elf/4.1.1/../../../../arm-elf/lib/thumb/interwork\libm.a(s_fabs.o)
 .data          0x40000e30        0x0 c:/asctec_arm_sdk/winarm/bin/../lib/gcc/arm-elf/4.1.1/../../../../arm-elf/lib/thumb/interwork\libm.a(s_finite.o)
 .data          0x40000e30        0x0 c:/asctec_arm_sdk/winarm/bin/../lib/gcc/arm-elf/4.1.1/../../../../arm-elf/lib/thumb/interwork\libm.a(s_floor.o)
 .data          0x40000e30        0x0 c:/asctec_arm_sdk/winarm/bin/../lib/gcc/arm-elf/4.1.1/../../../../arm-elf/lib/thumb/interwork\libm.a(s_lib_ver.o)
 .data          0x40000e30        0x0 c:/asctec_arm_sdk/winarm/bin/../lib/gcc/arm-elf/4.1.1/../../../../arm-elf/lib/thumb/interwork\libm.a(s_matherr.o)
 .data          0x40000e30        0x0 c:/asctec_arm_sdk/winarm/bin/../lib/gcc/arm-elf/4.1.1/../../../../arm-elf/lib/thumb/interwork\libm.a(s_rint.o)
 .data          0x40000e30        0x0 c:/asctec_arm_sdk/winarm/bin/../lib/gcc/arm-elf/4.1.1/../../../../arm-elf/lib/thumb/interwork\libm.a(s_scalbn.o)
 .data          0x40000e30        0x0 c:/asctec_arm_sdk/winarm/bin/../lib/gcc/arm-elf/4.1.1/../../../../arm-elf/lib/thumb/interwork\libm.a(sf_fabs.o)
 .data          0x40000e30        0x0 c:/asctec_arm_sdk/winarm/bin/../lib/gcc/arm-elf/4.1.1/../../../../arm-elf/lib/thumb/interwork\libm.a(sf_finite.o)
 .data          0x40000e30        0x0 c:/asctec_arm_sdk/winarm/bin/../lib/gcc/arm-elf/4.1.1/../../../../arm-elf/lib/thumb/interwork\libm.a(sf_isnan.o)
 .data          0x40000e30        0x0 c:/asctec_arm_sdk/winarm/bin/../lib/gcc/arm-elf/4.1.1/../../../../arm-elf/lib/thumb/interwork\libm.a(sf_scalbn.o)
 .data          0x40000e30        0x0 c:/asctec_arm_sdk/winarm/bin/../lib/gcc/arm-elf/4.1.1/../../../../arm-elf/lib/thumb/interwork\libm.a(s_copysign.o)
 .data          0x40000e30        0x0 c:/asctec_arm_sdk/winarm/bin/../lib/gcc/arm-elf/4.1.1/../../../../arm-elf/lib/thumb/interwork\libm.a(sf_copysign.o)
 .data          0x40000e30        0x0 c:/asctec_arm_sdk/winarm/bin/../lib/gcc/arm-elf/4.1.1/thumb/interwork\libgcc.a(_fixsfsi.o)
 .data          0x40000e30        0x0 c:/asctec_arm_sdk/winarm/bin/../lib/gcc/arm-elf/4.1.1/../../../../arm-elf/lib/thumb/interwork\libg.a(errno.o)
 *(.data.*)
 *(.gnu.linkonce.d*)
                0x40000e30                . = ALIGN (0x4)
                0x40000e30                . = ALIGN (0x4)
                0x40000e30                _edata = .
                0x40000e30                PROVIDE (edata, .)

.bss            0x40000e30     0x4a90
                0x40000e30                __bss_start = .
                0x40000e30                __bss_start__ = .
 *(.bss)
 .bss           0x40000e30        0x0 Common_WinARM/src/Startup.o
 .bss           0x40000e30        0x0 Common_WinARM/src/swi_handler.o
 .bss           0x40000e30       0x24 LL_HL_comm.o
                0x40000e3a                transmitBuildInfoTrigger
                0x40000e36                wpCtrlNavStatus
                0x40000e34                wpCtrlAckTrigger
                0x40000e33                wpCtrlWpCmdUpdated
                0x40000e38                wpCtrlDistToWp
                0x40000e32                wpCtrlWpCmd
                0x40000e30                SSP_ack
 .bss           0x40000e54        0x0 mymath.o
 .bss           0x40000e54        0x4 gpsmath.o
                0x40000e54                gpsDataOkTrigger
 .bss           0x40000e58       0x64 sdk.o
                0x40000e7c                SwitchTimer
                0x40000e6c                f28027_ready
                0x40000e80                readSwitchbit
                0x40000e5c                my_sdkloop_counter
                0x40000e60                UsonicTimer
                0x40000e94                SPItxSize
                0x40000e70                UsonicData
                0x40000e84                MagnetSwitch
                0x40000e90                SPItxCount
                0x40000e68                SPI0command
                0x40000e59                wpExampleActive
                0x40000e8c                GotMagnet
                0x40000e9c                testcount
                0x40000e98                numMissedTx
                0x40000e64                SPI0data
                0x40000e88                NewMagnetSwitch
                0x40000e5a                emergencyModeUpdate
                0x40000e74                NewUsonicData
                0x40000e58                wpExampleWpNr
                0x40000e78                USMaxBot_range1
 .bss           0x40000ebc        0x3 sdk_telemetry.o
 *fill*         0x40000ebf        0x1 00
 .bss           0x40000ec0       0x14 buzzer.o
 .bss           0x40000ed4        0x4 lpc_aci_eeprom.o
                0x40000ed4                anz_param_saved
 .bss           0x40000ed8       0x74 asctecCommIntfOnboard.o
                0x40000f24                aciHeartBeatCnt
                0x40000f30                aciAddDatatoFlashCallback
                0x40000edc                aciListCmdCount
                0x40000f06                aciParPacketMagicCode
                0x40000f40                aciSendSingleCount
                0x40000f2c                aciReadWriteEndCallback
                0x40000efa                aciCmdPacketMagicCode
                0x40000f34                aciReadParafromFlashCallback
                0x40000f26                aciInhibitPacketTransmission
                0x40000ed8                aciListVarCount
                0x40000efd                aciCmdPacketWithACK
                0x40000f22                aciTxRingBufferReadPtr
                0x40000f00                aciCmdPacketSendAck
                0x40000f42                aciSendSingleNextBufferCount
                0x40000f14                aciEngineRateCounter
                0x40000f03                aciCmdPacketReceived
                0x40000f28                aciReadWriteStartCallback
                0x40000ee0                aciListParCount
                0x40000ee8                aciVarPacketCurrentSize
                0x40000f12                aciParamSaveIt
                0x40000f09                aciParPacketSendAck
                0x40000eee                aciVarPacketNumberOfVars
                0x40000f20                aciTxRingBufferWritePtr
                0x40000ee4                aciVarPacketMagicCode
                0x40000ef4                aciVarPacketUpdated
                0x40000f3c                aciWriteParatoFlashCallback
                0x40000f0c                aciParamPacketReceived
                0x40000f0f                aciParPacketRequest
                0x40000f38                aciSaveParaCallback
 .bss           0x40000f4c        0x0 buildInfoSetup.o
 .bss           0x40000f4c       0x28 main.o
                0x40000f5c                GPS_timeout
                0x40000f50                cnt
                0x40000f54                mainloop_cnt
                0x40000f65                fireflyLedEnabled
                0x40000f4c                int_cnt
                0x40000f64                SYSTEM_initialized
                0x40000f60                trigger_cnt
                0x40000f58                mainloop_trigger
                0x40000f66                mainloop_overflows
 .bss           0x40000f74        0x0 hardware.o
 .bss           0x40000f74        0x0 system.o
 .bss           0x40000f74      0x32c uart.o
                0x40000f7b                UART1_syncstate
                0x40000f79                baudrate1_change
                0x40000f76                transmission_running
                0x40000f78                trigger_transmission
                0x40000f80                UART1_rxcount
                0x40000f74                data_requested
                0x40000f75                chksum_to_check
                0x40000f7c                UART_rxcount
                0x40000f7a                UART_syncstate
                0x40000f77                transmission1_running
                0x40000f84                UART_CalibDoneFlag
 .bss           0x400012a0        0x4 syscalls.o
 .bss           0x400012a4       0x14 i2c.o
                0x400012b0                RdIndex
                0x400012a4                I2CMasterState
                0x400012a8                I2CSlaveState
                0x400012ac                I2CCount
                0x400012b4                WrIndex